Archive member included to satisfy reference by file (symbol)

/opt/st/stm32cubeide_1.16.1/plugins/com.st.stm32cube.ide.mcu.externaltools.gnu-tools-for-stm32.12.3.rel1.linux64_1.0.200.202406132123/tools/bin/../lib/gcc/arm-none-eabi/12.3.1/../../../../arm-none-eabi/lib/thumb/v7e-m+fp/hard/libc_nano.a(libc_a-exit.o)
                              /opt/st/stm32cubeide_1.16.1/plugins/com.st.stm32cube.ide.mcu.externaltools.gnu-tools-for-stm32.12.3.rel1.linux64_1.0.200.202406132123/tools/bin/../lib/gcc/arm-none-eabi/12.3.1/../../../../arm-none-eabi/lib/thumb/v7e-m+fp/hard/crt0.o (exit)
/opt/st/stm32cubeide_1.16.1/plugins/com.st.stm32cube.ide.mcu.externaltools.gnu-tools-for-stm32.12.3.rel1.linux64_1.0.200.202406132123/tools/bin/../lib/gcc/arm-none-eabi/12.3.1/../../../../arm-none-eabi/lib/thumb/v7e-m+fp/hard/libc_nano.a(libc_a-malloc.o)
                              ./Middlewares/ST/STM32_USB_Device_Library/Class/CDC/Src/usbd_cdc.o (malloc)
/opt/st/stm32cubeide_1.16.1/plugins/com.st.stm32cube.ide.mcu.externaltools.gnu-tools-for-stm32.12.3.rel1.linux64_1.0.200.202406132123/tools/bin/../lib/gcc/arm-none-eabi/12.3.1/../../../../arm-none-eabi/lib/thumb/v7e-m+fp/hard/libc_nano.a(libc_a-mallocr.o)
                              /opt/st/stm32cubeide_1.16.1/plugins/com.st.stm32cube.ide.mcu.externaltools.gnu-tools-for-stm32.12.3.rel1.linux64_1.0.200.202406132123/tools/bin/../lib/gcc/arm-none-eabi/12.3.1/../../../../arm-none-eabi/lib/thumb/v7e-m+fp/hard/libc_nano.a(libc_a-malloc.o) (_malloc_r)
/opt/st/stm32cubeide_1.16.1/plugins/com.st.stm32cube.ide.mcu.externaltools.gnu-tools-for-stm32.12.3.rel1.linux64_1.0.200.202406132123/tools/bin/../lib/gcc/arm-none-eabi/12.3.1/../../../../arm-none-eabi/lib/thumb/v7e-m+fp/hard/libc_nano.a(libc_a-mlock.o)
                              /opt/st/stm32cubeide_1.16.1/plugins/com.st.stm32cube.ide.mcu.externaltools.gnu-tools-for-stm32.12.3.rel1.linux64_1.0.200.202406132123/tools/bin/../lib/gcc/arm-none-eabi/12.3.1/../../../../arm-none-eabi/lib/thumb/v7e-m+fp/hard/libc_nano.a(libc_a-mallocr.o) (__malloc_lock)
/opt/st/stm32cubeide_1.16.1/plugins/com.st.stm32cube.ide.mcu.externaltools.gnu-tools-for-stm32.12.3.rel1.linux64_1.0.200.202406132123/tools/bin/../lib/gcc/arm-none-eabi/12.3.1/../../../../arm-none-eabi/lib/thumb/v7e-m+fp/hard/libc_nano.a(libc_a-findfp.o)
                              /opt/st/stm32cubeide_1.16.1/plugins/com.st.stm32cube.ide.mcu.externaltools.gnu-tools-for-stm32.12.3.rel1.linux64_1.0.200.202406132123/tools/bin/../lib/gcc/arm-none-eabi/12.3.1/../../../../arm-none-eabi/lib/thumb/v7e-m+fp/hard/libc_nano.a(libc_a-exit.o) (__stdio_exit_handler)
/opt/st/stm32cubeide_1.16.1/plugins/com.st.stm32cube.ide.mcu.externaltools.gnu-tools-for-stm32.12.3.rel1.linux64_1.0.200.202406132123/tools/bin/../lib/gcc/arm-none-eabi/12.3.1/../../../../arm-none-eabi/lib/thumb/v7e-m+fp/hard/libc_nano.a(libc_a-fwalk.o)
                              /opt/st/stm32cubeide_1.16.1/plugins/com.st.stm32cube.ide.mcu.externaltools.gnu-tools-for-stm32.12.3.rel1.linux64_1.0.200.202406132123/tools/bin/../lib/gcc/arm-none-eabi/12.3.1/../../../../arm-none-eabi/lib/thumb/v7e-m+fp/hard/libc_nano.a(libc_a-findfp.o) (_fwalk_sglue)
/opt/st/stm32cubeide_1.16.1/plugins/com.st.stm32cube.ide.mcu.externaltools.gnu-tools-for-stm32.12.3.rel1.linux64_1.0.200.202406132123/tools/bin/../lib/gcc/arm-none-eabi/12.3.1/../../../../arm-none-eabi/lib/thumb/v7e-m+fp/hard/libc_nano.a(libc_a-printf.o)
                              ./Core/Src/main.o (printf)
/opt/st/stm32cubeide_1.16.1/plugins/com.st.stm32cube.ide.mcu.externaltools.gnu-tools-for-stm32.12.3.rel1.linux64_1.0.200.202406132123/tools/bin/../lib/gcc/arm-none-eabi/12.3.1/../../../../arm-none-eabi/lib/thumb/v7e-m+fp/hard/libc_nano.a(libc_a-snprintf.o)
                              ./Core/Src/main.o (snprintf)
/opt/st/stm32cubeide_1.16.1/plugins/com.st.stm32cube.ide.mcu.externaltools.gnu-tools-for-stm32.12.3.rel1.linux64_1.0.200.202406132123/tools/bin/../lib/gcc/arm-none-eabi/12.3.1/../../../../arm-none-eabi/lib/thumb/v7e-m+fp/hard/libc_nano.a(libc_a-stdio.o)
                              /opt/st/stm32cubeide_1.16.1/plugins/com.st.stm32cube.ide.mcu.externaltools.gnu-tools-for-stm32.12.3.rel1.linux64_1.0.200.202406132123/tools/bin/../lib/gcc/arm-none-eabi/12.3.1/../../../../arm-none-eabi/lib/thumb/v7e-m+fp/hard/libc_nano.a(libc_a-findfp.o) (__sread)
/opt/st/stm32cubeide_1.16.1/plugins/com.st.stm32cube.ide.mcu.externaltools.gnu-tools-for-stm32.12.3.rel1.linux64_1.0.200.202406132123/tools/bin/../lib/gcc/arm-none-eabi/12.3.1/../../../../arm-none-eabi/lib/thumb/v7e-m+fp/hard/libc_nano.a(libc_a-memset.o)
                              /opt/st/stm32cubeide_1.16.1/plugins/com.st.stm32cube.ide.mcu.externaltools.gnu-tools-for-stm32.12.3.rel1.linux64_1.0.200.202406132123/tools/bin/../lib/gcc/arm-none-eabi/12.3.1/../../../../arm-none-eabi/lib/thumb/v7e-m+fp/hard/crt0.o (memset)
[...]
Memory Configuration

Name             Origin             Length             Attributes
RAM              0x20000000         0x00040000         xrw
FLASH            0x08000000         0x00080000         xr
*default*        0x00000000         0xffffffff

Linker script and memory map

LOAD /opt/st/stm32cubeide_1.16.1/plugins/com.st.stm32cube.ide.mcu.externaltools.gnu-tools-for-stm32.12.3.rel1.linux64_1.0.200.202406132123/tools/bin/../lib/gcc/arm-none-eabi/12.3.1/thumb/v7e-m+fp/hard/crti.o
LOAD /opt/st/stm32cubeide_1.16.1/plugins/com.st.stm32cube.ide.mcu.externaltools.gnu-tools-for-stm32.12.3.rel1.linux64_1.0.200.202406132123/tools/bin/../lib/gcc/arm-none-eabi/12.3.1/thumb/v7e-m+fp/hard/crtbegin.o
LOAD /opt/st/stm32cubeide_1.16.1/plugins/com.st.stm32cube.ide.mcu.externaltools.gnu-tools-for-stm32.12.3.rel1.linux64_1.0.200.202406132123/tools/bin/../lib/gcc/arm-none-eabi/12.3.1/../../../../arm-none-eabi/lib/thumb/v7e-m+fp/hard/crt0.o
LOAD ./Core/Src/crossfire.o
LOAD ./Core/Src/main.o
LOAD ./Core/Src/stm32f7xx_hal_msp.o
LOAD ./Core/Src/stm32f7xx_it.o
LOAD ./Core/Src/syscalls.o
LOAD ./Core/Src/sysmem.o
LOAD ./Core/Src/system_stm32f7xx.o
LOAD ./Core/Startup/startup_stm32f722retx.o
LOAD ./Drivers/STM32F7xx_HAL_Driver/Src/stm32f7xx_hal.o
LOAD ./Drivers/STM32F7xx_HAL_Driver/Src/stm32f7xx_hal_adc.o
LOAD ./Drivers/STM32F7xx_HAL_Driver/Src/stm32f7xx_hal_adc_ex.o
LOAD ./Drivers/STM32F7xx_HAL_Driver/Src/stm32f7xx_hal_cortex.o
LOAD ./Drivers/STM32F7xx_HAL_Driver/Src/stm32f7xx_hal_dma.o
LOAD ./Drivers/STM32F7xx_HAL_Driver/Src/stm32f7xx_hal_dma_ex.o
LOAD ./Drivers/STM32F7xx_HAL_Driver/Src/stm32f7xx_hal_exti.o
LOAD ./Drivers/STM32F7xx_HAL_Driver/Src/stm32f7xx_hal_flash.o
LOAD ./Drivers/STM32F7xx_HAL_Driver/Src/stm32f7xx_hal_flash_ex.o
LOAD ./Drivers/STM32F7xx_HAL_Driver/Src/stm32f7xx_hal_gpio.o
LOAD ./Drivers/STM32F7xx_HAL_Driver/Src/stm32f7xx_hal_i2c.o
LOAD ./Drivers/STM32F7xx_HAL_Driver/Src/stm32f7xx_hal_i2c_ex.o
LOAD ./Drivers/STM32F7xx_HAL_Driver/Src/stm32f7xx_hal_pcd.o
LOAD ./Drivers/STM32F7xx_HAL_Driver/Src/stm32f7xx_hal_pcd_ex.o
LOAD ./Drivers/STM32F7xx_HAL_Driver/Src/stm32f7xx_hal_pwr.o
LOAD ./Drivers/STM32F7xx_HAL_Driver/Src/stm32f7xx_hal_pwr_ex.o
LOAD ./Drivers/STM32F7xx_HAL_Driver/Src/stm32f7xx_hal_rcc.o
LOAD ./Drivers/STM32F7xx_HAL_Driver/Src/stm32f7xx_hal_rcc_ex.o
LOAD ./Drivers/STM32F7xx_HAL_Driver/Src/stm32f7xx_hal_sd.o
LOAD ./Drivers/STM32F7xx_HAL_Driver/Src/stm32f7xx_hal_spi.o
LOAD ./Drivers/STM32F7xx_HAL_Driver/Src/stm32f7xx_hal_spi_ex.o
LOAD ./Drivers/STM32F7xx_HAL_Driver/Src/stm32f7xx_hal_tim.o
LOAD ./Drivers/STM32F7xx_HAL_Driver/Src/stm32f7xx_hal_tim_ex.o
LOAD ./Drivers/STM32F7xx_HAL_Driver/Src/stm32f7xx_hal_uart.o
LOAD ./Drivers/STM32F7xx_HAL_Driver/Src/stm32f7xx_hal_uart_ex.o
LOAD ./Drivers/STM32F7xx_HAL_Driver/Src/stm32f7xx_ll_sdmmc.o
LOAD ./Drivers/STM32F7xx_HAL_Driver/Src/stm32f7xx_ll_usb.o
LOAD ./FATFS/App/fatfs.o
LOAD ./FATFS/Target/bsp_driver_sd.o
LOAD ./FATFS/Target/fatfs_platform.o
LOAD ./FATFS/Target/sd_diskio.o
LOAD ./Middlewares/ST/STM32_USB_Device_Library/Class/CDC/Src/usbd_cdc.o
LOAD ./Middlewares/ST/STM32_USB_Device_Library/Core/Src/usbd_core.o
LOAD ./Middlewares/ST/STM32_USB_Device_Library/Core/Src/usbd_ctlreq.o
LOAD ./Middlewares/ST/STM32_USB_Device_Library/Core/Src/usbd_ioreq.o
LOAD ./Middlewares/Third_Party/FatFs/src/diskio.o
LOAD ./Middlewares/Third_Party/FatFs/src/ff.o
LOAD ./Middlewares/Third_Party/FatFs/src/ff_gen_drv.o
LOAD ./Middlewares/Third_Party/FatFs/src/option/syscall.o
LOAD ./USB_DEVICE/App/usb_device.o
LOAD ./USB_DEVICE/App/usbd_cdc_if.o
LOAD ./USB_DEVICE/App/usbd_desc.o
LOAD ./USB_DEVICE/Target/usbd_conf.o
START GROUP
LOAD /opt/st/stm32cubeide_1.16.1/plugins/com.st.stm32cube.ide.mcu.externaltools.gnu-tools-for-stm32.12.3.rel1.linux64_1.0.200.202406132123/tools/bin/../lib/gcc/arm-none-eabi/12.3.1/../../../../arm-none-eabi/lib/thumb/v7e-m+fp/hard/libc_nano.a
LOAD /opt/st/stm32cubeide_1.16.1/plugins/com.st.stm32cube.ide.mcu.externaltools.gnu-tools-for-stm32.12.3.rel1.linux64_1.0.200.202406132123/tools/bin/../lib/gcc/arm-none-eabi/12.3.1/../../../../arm-none-eabi/lib/thumb/v7e-m+fp/hard/libm.a
END GROUP
START GROUP
LOAD /opt/st/stm32cubeide_1.16.1/plugins/com.st.stm32cube.ide.mcu.externaltools.gnu-tools-for-stm32.12.3.rel1.linux64_1.0.200.202406132123/tools/bin/../lib/gcc/arm-none-eabi/12.3.1/thumb/v7e-m+fp/hard/libgcc.a
LOAD /opt/st/stm32cubeide_1.16.1/plugins/com.st.stm32cube.ide.mcu.externaltools.gnu-tools-for-stm32.12.3.rel1.linux64_1.0.200.202406132123/tools/bin/../lib/gcc/arm-none-eabi/12.3.1/../../../../arm-none-eabi/lib/thumb/v7e-m+fp/hard/libc_nano.a
END GROUP
START GROUP
LOAD /opt/st/stm32cubeide_1.16.1/plugins/com.st.stm32cube.ide.mcu.externaltools.gnu-tools-for-stm32.12.3.rel1.linux64_1.0.200.202406132123/tools/bin/../lib/gcc/arm-none-eabi/12.3.1/thumb/v7e-m+fp/hard/libgcc.a
LOAD /opt/st/stm32cubeide_1.16.1/plugins/com.st.stm32cube.ide.mcu.externaltools.gnu-tools-for-stm32.12.3.rel1.linux64_1.0.200.202406132123/tools/bin/../lib/gcc/arm-none-eabi/12.3.1/../../../../arm-none-eabi/lib/thumb/v7e-m+fp/hard/libc_nano.a
LOAD /opt/st/stm32cubeide_1.16.1/plugins/com.st.stm32cube.ide.mcu.externaltools.gnu-tools-for-stm32.12.3.rel1.linux64_1.0.200.202406132123/tools/bin/../lib/gcc/arm-none-eabi/12.3.1/../../../../arm-none-eabi/lib/thumb/v7e-m+fp/hard/libnosys.a
END GROUP
START GROUP
LOAD /opt/st/stm32cubeide_1.16.1/plugins/com.st.stm32cube.ide.mcu.externaltools.gnu-tools-for-stm32.12.3.rel1.linux64_1.0.200.202406132123/tools/bin/../lib/gcc/arm-none-eabi/12.3.1/thumb/v7e-m+fp/hard/libgcc.a
LOAD /opt/st/stm32cubeide_1.16.1/plugins/com.st.stm32cube.ide.mcu.externaltools.gnu-tools-for-stm32.12.3.rel1.linux64_1.0.200.202406132123/tools/bin/../lib/gcc/arm-none-eabi/12.3.1/../../../../arm-none-eabi/lib/thumb/v7e-m+fp/hard/libc_nano.a
LOAD /opt/st/stm32cubeide_1.16.1/plugins/com.st.stm32cube.ide.mcu.externaltools.gnu-tools-for-stm32.12.3.rel1.linux64_1.0.200.202406132123/tools/bin/../lib/gcc/arm-none-eabi/12.3.1/../../../../arm-none-eabi/lib/thumb/v7e-m+fp/hard/libnosys.a
END GROUP
LOAD /opt/st/stm32cubeide_1.16.1/plugins/com.st.stm32cube.ide.mcu.externaltools.gnu-tools-for-stm32.12.3.rel1.linux64_1.0.200.202406132123/tools/bin/../lib/gcc/arm-none-eabi/12.3.1/thumb/v7e-m+fp/hard/crtend.o
LOAD /opt/st/stm32cubeide_1.16.1/plugins/com.st.stm32cube.ide.mcu.externaltools.gnu-tools-for-stm32.12.3.rel1.linux64_1.0.200.202406132123/tools/bin/../lib/gcc/arm-none-eabi/12.3.1/thumb/v7e-m+fp/hard/crtn.o
                0x20040000                        _estack = (ORIGIN (RAM) + LENGTH (RAM))
                0x00000200                        _Min_Heap_Size = 0x200
                0x00000400                        _Min_Stack_Size = 0x400

.isr_vector     0x08000000      0x1e0
                0x08000000                        . = ALIGN (0x4)
 *(.isr_vector)
 .isr_vector    0x08000000      0x1e0 ./Core/Startup/startup_stm32f722retx.o
                0x08000000                g_pfnVectors
                0x080001e0                        . = ALIGN (0x4)

.text           0x080001e0     0xef28
                0x080001e0                        . = ALIGN (0x4)
 *(.text)
 .text          0x080001e0       0x40 /opt/st/stm32cubeide_1.16.1/plugins/com.st.stm32cube.ide.mcu.externaltools.gnu-tools-for-stm32.12.3.rel1.linux64_1.0.200.202406132123/tools/bin/../lib/gcc/arm-none-eabi/12.3.1/thumb/v7e-m+fp/hard/crtbegin.o
 .text          0x08000220       0x10 /opt/st/stm32cubeide_1.16.1/plugins/com.st.stm32cube.ide.mcu.externaltools.gnu-tools-for-stm32.12.3.rel1.linux64_1.0.200.202406132123/tools/bin/../lib/gcc/arm-none-eabi/12.3.1/../../../../arm-none-eabi/lib/thumb/v7e-m+fp/hard/libc_nano.a(libc_a-strlen.o)
                0x08000220                strlen
 .text          0x08000230       0xa0 /opt/st/stm32cubeide_1.16.1/plugins/com.st.stm32cube.ide.mcu.externaltools.gnu-tools-for-stm32.12.3.rel1.linux64_1.0.200.202406132123/tools/bin/../lib/gcc/arm-none-eabi/12.3.1/../../../../arm-none-eabi/lib/thumb/v7e-m+fp/hard/libc_nano.a(libc_a-memchr.o)
                0x08000230                memchr
 .text          0x080002d0       0x30 /opt/st/stm32cubeide_1.16.1/plugins/com.st.stm32cube.ide.mcu.externaltools.gnu-tools-for-stm32.12.3.rel1.linux64_1.0.200.202406132123/tools/bin/../lib/gcc/arm-none-eabi/12.3.1/thumb/v7e-m+fp/hard/libgcc.a(_aeabi_uldivmod.o)
                0x080002d0                __aeabi_uldivmod
 .text          0x08000300      0x2bc /opt/st/stm32cubeide_1.16.1/plugins/com.st.stm32cube.ide.mcu.externaltools.gnu-tools-for-stm32.12.3.rel1.linux64_1.0.200.202406132123/tools/bin/../lib/gcc/arm-none-eabi/12.3.1/thumb/v7e-m+fp/hard/libgcc.a(_udivmoddi4.o)
                0x08000300                __udivmoddi4
 .text          0x080005bc        0x4 /opt/st/stm32cubeide_1.16.1/plugins/com.st.stm32cube.ide.mcu.externaltools.gnu-tools-for-stm32.12.3.rel1.linux64_1.0.200.202406132123/tools/bin/../lib/gcc/arm-none-eabi/12.3.1/thumb/v7e-m+fp/hard/libgcc.a(_dvmd_tls.o)
                0x080005bc                __aeabi_ldiv0
                0x080005bc                __aeabi_idiv0
 *(.text*)
 .text.CRSF_Init
                0x080005c0       0x2c ./Core/Src/crossfire.o
                0x080005c0                CRSF_Init
 .text.CRSF_GetRxCount
                0x080005ec       0x24 ./Core/Src/crossfire.o
 .text.CRSF_DecodeChannels
                0x08000610      0x200 ./Core/Src/crossfire.o
 .text.CRSF_Process
                0x08000810       0x78 ./Core/Src/crossfire.o
                0x08000810                CRSF_Process
 .text.CRSF_GetChannel
                0x08000888       0x54 ./Core/Src/crossfire.o
                0x08000888                CRSF_GetChannel
 .text.HAL_UART_RxCpltCallback
                0x080008dc       0x34 ./Core/Src/crossfire.o
                0x080008dc                HAL_UART_RxCpltCallback
 .text.main     0x08000910       0xc8 ./Core/Src/main.o
                0x08000910                main
 .text.SystemClock_Config
                0x080009d8       0xdc ./Core/Src/main.o
                0x080009d8                SystemClock_Config
 .text.MX_ADC1_Init
                0x08000ab4       0xa4 ./Core/Src/main.o
 .text.MX_I2C1_Init
                0x08000b58       0x80 ./Core/Src/main.o
 .text.MX_SDMMC1_SD_Init
                0x08000bd8       0x44 ./Core/Src/main.o
 .text.MX_SPI1_Init
                0x08000c1c       0x7c ./Core/Src/main.o
 .text.MX_SPI2_Init
                0x08000c98       0x7c ./Core/Src/main.o
 .text.MX_TIM1_Init
                0x08000d14      0x120 ./Core/Src/main.o
 .text.MX_TIM2_Init
                0x08000e34       0x9c ./Core/Src/main.o
 .text.MX_TIM6_Init
                0x08000ed0       0x6c ./Core/Src/main.o
 .text.MX_UART4_Init
                0x08000f3c       0x60 ./Core/Src/main.o
 .text.MX_USART1_UART_Init
                0x08000f9c       0x60 ./Core/Src/main.o
 .text.MX_USART2_UART_Init
                0x08000ffc       0x60 ./Core/Src/main.o
 .text.MX_USART3_UART_Init
                0x0800105c       0x60 ./Core/Src/main.o
 .text.MX_USART6_UART_Init
                0x080010bc       0x60 ./Core/Src/main.o
 .text.MX_DMA_Init
                0x0800111c       0xb4 ./Core/Src/main.o
 .text.MX_GPIO_Init
                0x080011d0      0x1a4 ./Core/Src/main.o
 .text.MPU_Config
                0x08001374       0x58 ./Core/Src/main.o
 .text.Error_Handler
                0x080013cc        0xc ./Core/Src/main.o
                0x080013cc                Error_Handler
 .text.HAL_MspInit
                0x080013d8       0x48 ./Core/Src/stm32f7xx_hal_msp.o
                0x080013d8                HAL_MspInit
 .text.HAL_ADC_MspInit
                0x08001420       0x80 ./Core/Src/stm32f7xx_hal_msp.o
                0x08001420                HAL_ADC_MspInit
 .text.HAL_I2C_MspInit
                0x080014a0       0xbc ./Core/Src/stm32f7xx_hal_msp.o
                0x080014a0                HAL_I2C_MspInit
 .text.HAL_SD_MspInit
                0x0800155c      0x10c ./Core/Src/stm32f7xx_hal_msp.o
                0x0800155c                HAL_SD_MspInit
 .text.HAL_SPI_MspInit
                0x08001668      0x128 ./Core/Src/stm32f7xx_hal_msp.o
                0x08001668                HAL_SPI_MspInit
 .text.HAL_TIM_PWM_MspInit
                0x08001790       0xa8 ./Core/Src/stm32f7xx_hal_msp.o
                0x08001790                HAL_TIM_PWM_MspInit
 .text.HAL_TIM_Base_MspInit
                0x08001838       0x64 ./Core/Src/stm32f7xx_hal_msp.o
                0x08001838                HAL_TIM_Base_MspInit
 .text.HAL_TIM_MspPostInit
                0x0800189c       0x70 ./Core/Src/stm32f7xx_hal_msp.o
                0x0800189c                HAL_TIM_MspPostInit
 .text.HAL_UART_MspInit
                0x0800190c      0x55c ./Core/Src/stm32f7xx_hal_msp.o
                0x0800190c                HAL_UART_MspInit
 .text.NMI_Handler
                0x08001e68        0xc ./Core/Src/stm32f7xx_it.o
                0x08001e68                NMI_Handler
 .text.HardFault_Handler
                0x08001e74        0x8 ./Core/Src/stm32f7xx_it.o
                0x08001e74                HardFault_Handler
 .text.MemManage_Handler
                0x08001e7c        0x8 ./Core/Src/stm32f7xx_it.o
                0x08001e7c                MemManage_Handler
 .text.BusFault_Handler
                0x08001e84        0x8 ./Core/Src/stm32f7xx_it.o
                0x08001e84                BusFault_Handler
 .text.UsageFault_Handler
                0x08001e8c        0x8 ./Core/Src/stm32f7xx_it.o
                0x08001e8c                UsageFault_Handler
 .text.SVC_Handler
                0x08001e94        0xe ./Core/Src/stm32f7xx_it.o
                0x08001e94                SVC_Handler
 .text.DebugMon_Handler
                0x08001ea2        0xe ./Core/Src/stm32f7xx_it.o
                0x08001ea2                DebugMon_Handler
 .text.PendSV_Handler
                0x08001eb0        0xe ./Core/Src/stm32f7xx_it.o
                0x08001eb0                PendSV_Handler
 .text.SysTick_Handler
                0x08001ebe        0xc ./Core/Src/stm32f7xx_it.o
                0x08001ebe                SysTick_Handler
 *fill*         0x08001eca        0x2 
 .text.DMA1_Stream1_IRQHandler
                0x08001ecc       0x14 ./Core/Src/stm32f7xx_it.o
                0x08001ecc                DMA1_Stream1_IRQHandler
 .text.DMA1_Stream2_IRQHandler
                0x08001ee0       0x14 ./Core/Src/stm32f7xx_it.o
                0x08001ee0                DMA1_Stream2_IRQHandler
 .text.DMA1_Stream5_IRQHandler
                0x08001ef4       0x14 ./Core/Src/stm32f7xx_it.o
                0x08001ef4                DMA1_Stream5_IRQHandler
 .text.DMA2_Stream1_IRQHandler
                0x08001f08       0x14 ./Core/Src/stm32f7xx_it.o
                0x08001f08                DMA2_Stream1_IRQHandler
 .text.DMA2_Stream2_IRQHandler
                0x08001f1c       0x14 ./Core/Src/stm32f7xx_it.o
                0x08001f1c                DMA2_Stream2_IRQHandler
 .text.DMA2_Stream3_IRQHandler
                0x08001f30       0x14 ./Core/Src/stm32f7xx_it.o
                0x08001f30                DMA2_Stream3_IRQHandler
 .text.OTG_FS_IRQHandler
                0x08001f44       0x14 ./Core/Src/stm32f7xx_it.o
                0x08001f44                OTG_FS_IRQHandler
 .text.DMA2_Stream7_IRQHandler
                0x08001f58       0x14 ./Core/Src/stm32f7xx_it.o
                0x08001f58                DMA2_Stream7_IRQHandler
 .text._read    0x08001f6c       0x3a ./Core/Src/syscalls.o
                0x08001f6c                _read
 .text._write   0x08001fa6       0x38 ./Core/Src/syscalls.o
                0x08001fa6                _write
 .text._close   0x08001fde       0x18 ./Core/Src/syscalls.o
                0x08001fde                _close
 .text._fstat   0x08001ff6       0x20 ./Core/Src/syscalls.o
                0x08001ff6                _fstat
 .text._isatty  0x08002016       0x16 ./Core/Src/syscalls.o
                0x08002016                _isatty
 .text._lseek   0x0800202c       0x1a ./Core/Src/syscalls.o
                0x0800202c                _lseek
 *fill*         0x08002046        0x2 
 .text._sbrk    0x08002048       0x6c ./Core/Src/sysmem.o
                0x08002048                _sbrk
 .text.SystemInit
                0x080020b4       0x24 ./Core/Src/system_stm32f7xx.o
                0x080020b4                SystemInit
 .text.Reset_Handler
                0x080020d8       0x50 ./Core/Startup/startup_stm32f722retx.o
                0x080020d8                Reset_Handler
 .text.Default_Handler
                0x08002128        0x2 ./Core/Startup/startup_stm32f722retx.o
                0x08002128                RTC_Alarm_IRQHandler
                0x08002128                EXTI2_IRQHandler
                0x08002128                TIM8_CC_IRQHandler
                0x08002128                UART8_IRQHandler
                0x08002128                SPI4_IRQHandler
                0x08002128                TIM1_CC_IRQHandler
                0x08002128                DMA2_Stream5_IRQHandler
                0x08002128                PVD_IRQHandler
                0x08002128                TAMP_STAMP_IRQHandler
                0x08002128                EXTI3_IRQHandler
                0x08002128                TIM8_TRG_COM_TIM14_IRQHandler
                0x08002128                TIM1_UP_TIM10_IRQHandler
                0x08002128                TIM8_UP_TIM13_IRQHandler
                0x08002128                I2C3_ER_IRQHandler
                0x08002128                EXTI0_IRQHandler
                0x08002128                I2C2_EV_IRQHandler
                0x08002128                CAN1_RX0_IRQHandler
                0x08002128                FPU_IRQHandler
                0x08002128                OTG_HS_WKUP_IRQHandler
                0x08002128                SPI1_IRQHandler
                0x08002128                TIM6_DAC_IRQHandler
                0x08002128                TIM1_BRK_TIM9_IRQHandler
                0x08002128                SAI2_IRQHandler
                0x08002128                USART6_IRQHandler
                0x08002128                USART3_IRQHandler
                0x08002128                CAN1_RX1_IRQHandler
                0x08002128                UART5_IRQHandler
                0x08002128                DMA2_Stream0_IRQHandler
                0x08002128                TIM4_IRQHandler
                0x08002128                QUADSPI_IRQHandler
                0x08002128                I2C1_EV_IRQHandler
                0x08002128                DMA1_Stream6_IRQHandler
                0x08002128                UART4_IRQHandler
                0x08002128                TIM3_IRQHandler
                0x08002128                RCC_IRQHandler
                0x08002128                TIM8_BRK_TIM12_IRQHandler
                0x08002128                Default_Handler
                0x08002128                EXTI15_10_IRQHandler
                0x08002128                ADC_IRQHandler
                0x08002128                DMA1_Stream7_IRQHandler
                0x08002128                SPI5_IRQHandler
                0x08002128                TIM7_IRQHandler
                0x08002128                SDMMC1_IRQHandler
                0x08002128                TIM5_IRQHandler
                0x08002128                I2C3_EV_IRQHandler
                0x08002128                EXTI9_5_IRQHandler
                0x08002128                RTC_WKUP_IRQHandler
                0x08002128                SPI2_IRQHandler
                0x08002128                OTG_HS_EP1_IN_IRQHandler
                0x08002128                DMA1_Stream0_IRQHandler
                0x08002128                CAN1_TX_IRQHandler
                0x08002128                EXTI4_IRQHandler
                0x08002128                RNG_IRQHandler
                0x08002128                OTG_HS_EP1_OUT_IRQHandler
                0x08002128                WWDG_IRQHandler
                0x08002128                TIM2_IRQHandler
                0x08002128                OTG_FS_WKUP_IRQHandler
                0x08002128                TIM1_TRG_COM_TIM11_IRQHandler
                0x08002128                OTG_HS_IRQHandler
                0x08002128                EXTI1_IRQHandler
                0x08002128                SDMMC2_IRQHandler
                0x08002128                UART7_IRQHandler
                0x08002128                USART2_IRQHandler
                0x08002128                I2C2_ER_IRQHandler
                0x08002128                CAN1_SCE_IRQHandler
                0x08002128                FLASH_IRQHandler
                0x08002128                DMA2_Stream4_IRQHandler
                0x08002128                USART1_IRQHandler
                0x08002128                SPI3_IRQHandler
                0x08002128                DMA1_Stream4_IRQHandler
                0x08002128                I2C1_ER_IRQHandler
                0x08002128                FMC_IRQHandler
                0x08002128                LPTIM1_IRQHandler
                0x08002128                DMA2_Stream6_IRQHandler
                0x08002128                SAI1_IRQHandler
                0x08002128                DMA1_Stream3_IRQHandler
 .text.HAL_Init
                0x0800212a       0x1a ./Drivers/STM32F7xx_HAL_Driver/Src/stm32f7xx_hal.o
                0x0800212a                HAL_Init
 .text.HAL_InitTick
                0x08002144       0x60 ./Drivers/STM32F7xx_HAL_Driver/Src/stm32f7xx_hal.o
                0x08002144                HAL_InitTick
 .text.HAL_IncTick
                0x080021a4       0x28 ./Drivers/STM32F7xx_HAL_Driver/Src/stm32f7xx_hal.o
                0x080021a4                HAL_IncTick
 .text.HAL_GetTick
                0x080021cc       0x18 ./Drivers/STM32F7xx_HAL_Driver/Src/stm32f7xx_hal.o
                0x080021cc                HAL_GetTick
 .text.HAL_Delay
                0x080021e4       0x48 ./Drivers/STM32F7xx_HAL_Driver/Src/stm32f7xx_hal.o
                0x080021e4                HAL_Delay
 .text.HAL_ADC_Init
                0x0800222c       0x88 ./Drivers/STM32F7xx_HAL_Driver/Src/stm32f7xx_hal_adc.o
                0x0800222c                HAL_ADC_Init
 .text.HAL_ADC_ConfigChannel
                0x080022b4      0x2ac ./Drivers/STM32F7xx_HAL_Driver/Src/stm32f7xx_hal_adc.o
                0x080022b4                HAL_ADC_ConfigChannel
 .text.ADC_Init
                0x08002560      0x1f4 ./Drivers/STM32F7xx_HAL_Driver/Src/stm32f7xx_hal_adc.o
 .text.__NVIC_SetPriorityGrouping
                0x08002754       0x48 ./Drivers/STM32F7xx_HAL_Driver/Src/stm32f7xx_hal_cortex.o
 .text.__NVIC_GetPriorityGrouping
                0x0800279c       0x1c ./Drivers/STM32F7xx_HAL_Driver/Src/stm32f7xx_hal_cortex.o
 .text.__NVIC_EnableIRQ
                0x080027b8       0x3c ./Drivers/STM32F7xx_HAL_Driver/Src/stm32f7xx_hal_cortex.o
 .text.__NVIC_SetPriority
                0x080027f4       0x54 ./Drivers/STM32F7xx_HAL_Driver/Src/stm32f7xx_hal_cortex.o
 .text.NVIC_EncodePriority
                0x08002848       0x66 ./Drivers/STM32F7xx_HAL_Driver/Src/stm32f7xx_hal_cortex.o
 *fill*         0x080028ae        0x2 
 .text.SysTick_Config
                0x080028b0       0x44 ./Drivers/STM32F7xx_HAL_Driver/Src/stm32f7xx_hal_cortex.o
 .text.HAL_NVIC_SetPriorityGrouping
                0x080028f4       0x16 ./Drivers/STM32F7xx_HAL_Driver/Src/stm32f7xx_hal_cortex.o
                0x080028f4                HAL_NVIC_SetPriorityGrouping
 .text.HAL_NVIC_SetPriority
                0x0800290a       0x38 ./Drivers/STM32F7xx_HAL_Driver/Src/stm32f7xx_hal_cortex.o
                0x0800290a                HAL_NVIC_SetPriority
 .text.HAL_NVIC_EnableIRQ
                0x08002942       0x1c ./Drivers/STM32F7xx_HAL_Driver/Src/stm32f7xx_hal_cortex.o
                0x08002942                HAL_NVIC_EnableIRQ
 .text.HAL_SYSTICK_Config
                0x0800295e       0x18 ./Drivers/STM32F7xx_HAL_Driver/Src/stm32f7xx_hal_cortex.o
                0x0800295e                HAL_SYSTICK_Config
 *fill*         0x08002976        0x2 
 .text.HAL_MPU_Disable
                0x08002978       0x30 ./Drivers/STM32F7xx_HAL_Driver/Src/stm32f7xx_hal_cortex.o
                0x08002978                HAL_MPU_Disable
 .text.HAL_MPU_Enable
                0x080029a8       0x40 ./Drivers/STM32F7xx_HAL_Driver/Src/stm32f7xx_hal_cortex.o
                0x080029a8                HAL_MPU_Enable
 .text.HAL_MPU_ConfigRegion
                0x080029e8       0x80 ./Drivers/STM32F7xx_HAL_Driver/Src/stm32f7xx_hal_cortex.o
                0x080029e8                HAL_MPU_ConfigRegion
 .text.HAL_DMA_Init
                0x08002a68      0x15c ./Drivers/STM32F7xx_HAL_Driver/Src/stm32f7xx_hal_dma.o
                0x08002a68                HAL_DMA_Init
 .text.HAL_DMA_Start_IT
                0x08002bc4       0xc0 ./Drivers/STM32F7xx_HAL_Driver/Src/stm32f7xx_hal_dma.o
                0x08002bc4                HAL_DMA_Start_IT
 .text.HAL_DMA_IRQHandler
                0x08002c84      0x314 ./Drivers/STM32F7xx_HAL_Driver/Src/stm32f7xx_hal_dma.o
                0x08002c84                HAL_DMA_IRQHandler
 .text.DMA_SetConfig
                0x08002f98       0x5c ./Drivers/STM32F7xx_HAL_Driver/Src/stm32f7xx_hal_dma.o
 .text.DMA_CalcBaseAndBitshift
                0x08002ff4       0x6c ./Drivers/STM32F7xx_HAL_Driver/Src/stm32f7xx_hal_dma.o
 .text.DMA_CheckFifoParam
                0x08003060       0xf8 ./Drivers/STM32F7xx_HAL_Driver/Src/stm32f7xx_hal_dma.o
 .text.HAL_GPIO_Init
                0x08003158      0x338 ./Drivers/STM32F7xx_HAL_Driver/Src/stm32f7xx_hal_gpio.o
                0x08003158                HAL_GPIO_Init
 .text.HAL_GPIO_ReadPin
                0x08003490       0x30 ./Drivers/STM32F7xx_HAL_Driver/Src/stm32f7xx_hal_gpio.o
                0x08003490                HAL_GPIO_ReadPin
 .text.HAL_GPIO_WritePin
                0x080034c0       0x32 ./Drivers/STM32F7xx_HAL_Driver/Src/stm32f7xx_hal_gpio.o
                0x080034c0                HAL_GPIO_WritePin
 *fill*         0x080034f2        0x2 
 .text.HAL_I2C_Init
                0x080034f4      0x138 ./Drivers/STM32F7xx_HAL_Driver/Src/stm32f7xx_hal_i2c.o
                0x080034f4                HAL_I2C_Init
 .text.HAL_I2CEx_ConfigAnalogFilter
                0x0800362c       0x96 ./Drivers/STM32F7xx_HAL_Driver/Src/stm32f7xx_hal_i2c_ex.o
                0x0800362c                HAL_I2CEx_ConfigAnalogFilter
 .text.HAL_I2CEx_ConfigDigitalFilter
                0x080036c2       0x98 ./Drivers/STM32F7xx_HAL_Driver/Src/stm32f7xx_hal_i2c_ex.o
                0x080036c2                HAL_I2CEx_ConfigDigitalFilter
 .text.HAL_PCD_Init
                0x0800375a      0x22c ./Drivers/STM32F7xx_HAL_Driver/Src/stm32f7xx_hal_pcd.o
                0x0800375a                HAL_PCD_Init
 .text.HAL_PCD_Start
                0x08003986       0x44 ./Drivers/STM32F7xx_HAL_Driver/Src/stm32f7xx_hal_pcd.o
                0x08003986                HAL_PCD_Start
 .text.HAL_PCD_IRQHandler
                0x080039ca      0x99c ./Drivers/STM32F7xx_HAL_Driver/Src/stm32f7xx_hal_pcd.o
                0x080039ca                HAL_PCD_IRQHandler
 .text.HAL_PCD_SetAddress
                0x08004366       0x48 ./Drivers/STM32F7xx_HAL_Driver/Src/stm32f7xx_hal_pcd.o
                0x08004366                HAL_PCD_SetAddress
 .text.HAL_PCD_EP_Open
                0x080043ae       0xd0 ./Drivers/STM32F7xx_HAL_Driver/Src/stm32f7xx_hal_pcd.o
                0x080043ae                HAL_PCD_EP_Open
 .text.HAL_PCD_EP_Close
                0x0800447e       0x94 ./Drivers/STM32F7xx_HAL_Driver/Src/stm32f7xx_hal_pcd.o
                0x0800447e                HAL_PCD_EP_Close
 .text.HAL_PCD_EP_Receive
                0x08004512       0x76 ./Drivers/STM32F7xx_HAL_Driver/Src/stm32f7xx_hal_pcd.o
                0x08004512                HAL_PCD_EP_Receive
 .text.HAL_PCD_EP_GetRxCount
                0x08004588       0x30 ./Drivers/STM32F7xx_HAL_Driver/Src/stm32f7xx_hal_pcd.o
                0x08004588                HAL_PCD_EP_GetRxCount
 .text.HAL_PCD_EP_Transmit
                0x080045b8       0x74 ./Drivers/STM32F7xx_HAL_Driver/Src/stm32f7xx_hal_pcd.o
                0x080045b8                HAL_PCD_EP_Transmit
 .text.HAL_PCD_EP_SetStall
                0x0800462c       0xc6 ./Drivers/STM32F7xx_HAL_Driver/Src/stm32f7xx_hal_pcd.o
                0x0800462c                HAL_PCD_EP_SetStall
 .text.HAL_PCD_EP_ClrStall
                0x080046f2       0xac ./Drivers/STM32F7xx_HAL_Driver/Src/stm32f7xx_hal_pcd.o
                0x080046f2                HAL_PCD_EP_ClrStall
 .text.HAL_PCD_EP_Abort
                0x0800479e       0x62 ./Drivers/STM32F7xx_HAL_Driver/Src/stm32f7xx_hal_pcd.o
                0x0800479e                HAL_PCD_EP_Abort
 .text.PCD_WriteEmptyTxFifo
                0x08004800      0x118 ./Drivers/STM32F7xx_HAL_Driver/Src/stm32f7xx_hal_pcd.o
 .text.PCD_EP_OutXfrComplete_int
                0x08004918      0x1d0 ./Drivers/STM32F7xx_HAL_Driver/Src/stm32f7xx_hal_pcd.o
 .text.PCD_EP_OutSetupPacket_int
                0x08004ae8       0x8c ./Drivers/STM32F7xx_HAL_Driver/Src/stm32f7xx_hal_pcd.o
 .text.HAL_PCDEx_SetTxFiFo
                0x08004b74       0x8e ./Drivers/STM32F7xx_HAL_Driver/Src/stm32f7xx_hal_pcd_ex.o
                0x08004b74                HAL_PCDEx_SetTxFiFo
 .text.HAL_PCDEx_SetRxFiFo
                0x08004c02       0x22 ./Drivers/STM32F7xx_HAL_Driver/Src/stm32f7xx_hal_pcd_ex.o
                0x08004c02                HAL_PCDEx_SetRxFiFo
 .text.HAL_PCDEx_ActivateLPM
                0x08004c24       0x48 ./Drivers/STM32F7xx_HAL_Driver/Src/stm32f7xx_hal_pcd_ex.o
                0x08004c24                HAL_PCDEx_ActivateLPM
 .text.HAL_PWREx_EnableOverDrive
                0x08004c6c       0xa0 ./Drivers/STM32F7xx_HAL_Driver/Src/stm32f7xx_hal_pwr_ex.o
                0x08004c6c                HAL_PWREx_EnableOverDrive
 .text.HAL_RCC_OscConfig
                0x08004d0c      0x548 ./Drivers/STM32F7xx_HAL_Driver/Src/stm32f7xx_hal_rcc.o
                0x08004d0c                HAL_RCC_OscConfig
 .text.HAL_RCC_ClockConfig
                0x08005254      0x1d8 ./Drivers/STM32F7xx_HAL_Driver/Src/stm32f7xx_hal_rcc.o
                0x08005254                HAL_RCC_ClockConfig
 .text.HAL_RCC_EnableCSS
                0x0800542c       0x20 ./Drivers/STM32F7xx_HAL_Driver/Src/stm32f7xx_hal_rcc.o
                0x0800542c                HAL_RCC_EnableCSS
 .text.HAL_RCC_GetSysClockFreq
                0x0800544c      0x20c ./Drivers/STM32F7xx_HAL_Driver/Src/stm32f7xx_hal_rcc.o
                0x0800544c                HAL_RCC_GetSysClockFreq
 .text.HAL_RCC_GetHCLKFreq
                0x08005658       0x18 ./Drivers/STM32F7xx_HAL_Driver/Src/stm32f7xx_hal_rcc.o
                0x08005658                HAL_RCC_GetHCLKFreq
 .text.HAL_RCC_GetPCLK1Freq
                0x08005670       0x28 ./Drivers/STM32F7xx_HAL_Driver/Src/stm32f7xx_hal_rcc.o
                0x08005670                HAL_RCC_GetPCLK1Freq
 .text.HAL_RCC_GetPCLK2Freq
                0x08005698       0x28 ./Drivers/STM32F7xx_HAL_Driver/Src/stm32f7xx_hal_rcc.o
                0x08005698                HAL_RCC_GetPCLK2Freq
 .text.HAL_RCC_NMI_IRQHandler
                0x080056c0       0x28 ./Drivers/STM32F7xx_HAL_Driver/Src/stm32f7xx_hal_rcc.o
                0x080056c0                HAL_RCC_NMI_IRQHandler
 .text.HAL_RCC_CSSCallback
                0x080056e8        0xe ./Drivers/STM32F7xx_HAL_Driver/Src/stm32f7xx_hal_rcc.o
                0x080056e8                HAL_RCC_CSSCallback
 *fill*         0x080056f6        0x2 
 .text.HAL_RCCEx_PeriphCLKConfig
                0x080056f8      0x694 ./Drivers/STM32F7xx_HAL_Driver/Src/stm32f7xx_hal_rcc_ex.o
                0x080056f8                HAL_RCCEx_PeriphCLKConfig
 .text.HAL_SD_Init
                0x08005d8c       0x60 ./Drivers/STM32F7xx_HAL_Driver/Src/stm32f7xx_hal_sd.o
                0x08005d8c                HAL_SD_Init
 .text.HAL_SD_InitCard
                0x08005dec      0x110 ./Drivers/STM32F7xx_HAL_Driver/Src/stm32f7xx_hal_sd.o
                0x08005dec                HAL_SD_InitCard
 .text.HAL_SD_ReadBlocks
                0x08005efc      0x3bc ./Drivers/STM32F7xx_HAL_Driver/Src/stm32f7xx_hal_sd.o
                0x08005efc                HAL_SD_ReadBlocks
 .text.HAL_SD_WriteBlocks
                0x080062b8      0x30c ./Drivers/STM32F7xx_HAL_Driver/Src/stm32f7xx_hal_sd.o
                0x080062b8                HAL_SD_WriteBlocks
 .text.HAL_SD_GetCardCSD
                0x080065c4      0x348 ./Drivers/STM32F7xx_HAL_Driver/Src/stm32f7xx_hal_sd.o
                0x080065c4                HAL_SD_GetCardCSD
 .text.HAL_SD_GetCardInfo
                0x0800690c       0x58 ./Drivers/STM32F7xx_HAL_Driver/Src/stm32f7xx_hal_sd.o
                0x0800690c                HAL_SD_GetCardInfo
 .text.HAL_SD_ConfigWideBusOperation
                0x08006964      0x134 ./Drivers/STM32F7xx_HAL_Driver/Src/stm32f7xx_hal_sd.o
                0x08006964                HAL_SD_ConfigWideBusOperation
 .text.HAL_SD_GetCardState
                0x08006a98       0x40 ./Drivers/STM32F7xx_HAL_Driver/Src/stm32f7xx_hal_sd.o
                0x08006a98                HAL_SD_GetCardState
 .text.SD_InitCard
                0x08006ad8      0x19c ./Drivers/STM32F7xx_HAL_Driver/Src/stm32f7xx_hal_sd.o
 .text.SD_PowerON
                0x08006c74      0x11c ./Drivers/STM32F7xx_HAL_Driver/Src/stm32f7xx_hal_sd.o
 .text.SD_SendStatus
                0x08006d90       0x50 ./Drivers/STM32F7xx_HAL_Driver/Src/stm32f7xx_hal_sd.o
 .text.SD_WideBus_Enable
                0x08006de0       0x96 ./Drivers/STM32F7xx_HAL_Driver/Src/stm32f7xx_hal_sd.o
 .text.SD_WideBus_Disable
                0x08006e76       0x96 ./Drivers/STM32F7xx_HAL_Driver/Src/stm32f7xx_hal_sd.o
 .text.SD_FindSCR
                0x08006f0c      0x1a6 ./Drivers/STM32F7xx_HAL_Driver/Src/stm32f7xx_hal_sd.o
 .text.HAL_SPI_Init
                0x080070b2      0x156 ./Drivers/STM32F7xx_HAL_Driver/Src/stm32f7xx_hal_spi.o
                0x080070b2                HAL_SPI_Init
 .text.HAL_TIM_Base_Init
                0x08007208       0xae ./Drivers/STM32F7xx_HAL_Driver/Src/stm32f7xx_hal_tim.o
                0x08007208                HAL_TIM_Base_Init
 .text.HAL_TIM_PWM_Init
                0x080072b6       0xae ./Drivers/STM32F7xx_HAL_Driver/Src/stm32f7xx_hal_tim.o
                0x080072b6                HAL_TIM_PWM_Init
 .text.HAL_TIM_PWM_ConfigChannel
                0x08007364      0x228 ./Drivers/STM32F7xx_HAL_Driver/Src/stm32f7xx_hal_tim.o
                0x08007364                HAL_TIM_PWM_ConfigChannel
 .text.HAL_TIM_ConfigClockSource
                0x0800758c      0x194 ./Drivers/STM32F7xx_HAL_Driver/Src/stm32f7xx_hal_tim.o
                0x0800758c                HAL_TIM_ConfigClockSource
 .text.TIM_Base_SetConfig
                0x08007720      0x158 ./Drivers/STM32F7xx_HAL_Driver/Src/stm32f7xx_hal_tim.o
                0x08007720                TIM_Base_SetConfig
 .text.TIM_OC1_SetConfig
                0x08007878       0xe4 ./Drivers/STM32F7xx_HAL_Driver/Src/stm32f7xx_hal_tim.o
 .text.TIM_OC2_SetConfig
                0x0800795c       0xf0 ./Drivers/STM32F7xx_HAL_Driver/Src/stm32f7xx_hal_tim.o
                0x0800795c                TIM_OC2_SetConfig
 .text.TIM_OC3_SetConfig
                0x08007a4c       0xec ./Drivers/STM32F7xx_HAL_Driver/Src/stm32f7xx_hal_tim.o
 .text.TIM_OC4_SetConfig
                0x08007b38       0xb0 ./Drivers/STM32F7xx_HAL_Driver/Src/stm32f7xx_hal_tim.o
 .text.TIM_OC5_SetConfig
                0x08007be8       0xa4 ./Drivers/STM32F7xx_HAL_Driver/Src/stm32f7xx_hal_tim.o
 .text.TIM_OC6_SetConfig
                0x08007c8c       0xa8 ./Drivers/STM32F7xx_HAL_Driver/Src/stm32f7xx_hal_tim.o
 .text.TIM_TI1_ConfigInputStage
                0x08007d34       0x5e ./Drivers/STM32F7xx_HAL_Driver/Src/stm32f7xx_hal_tim.o
 .text.TIM_TI2_ConfigInputStage
                0x08007d92       0x60 ./Drivers/STM32F7xx_HAL_Driver/Src/stm32f7xx_hal_tim.o
 .text.TIM_ITRx_SetConfig
                0x08007df2       0x36 ./Drivers/STM32F7xx_HAL_Driver/Src/stm32f7xx_hal_tim.o
 .text.TIM_ETR_SetConfig
                0x08007e28       0x40 ./Drivers/STM32F7xx_HAL_Driver/Src/stm32f7xx_hal_tim.o
                0x08007e28                TIM_ETR_SetConfig
 .text.HAL_TIMEx_MasterConfigSynchronization
                0x08007e68      0x11c ./Drivers/STM32F7xx_HAL_Driver/Src/stm32f7xx_hal_tim_ex.o
                0x08007e68                HAL_TIMEx_MasterConfigSynchronization
 .text.HAL_TIMEx_ConfigBreakDeadTime
                0x08007f84       0xfc ./Drivers/STM32F7xx_HAL_Driver/Src/stm32f7xx_hal_tim_ex.o
                0x08007f84                HAL_TIMEx_ConfigBreakDeadTime
 .text.HAL_UART_Init
                0x08008080       0x9c ./Drivers/STM32F7xx_HAL_Driver/Src/stm32f7xx_hal_uart.o
                0x08008080                HAL_UART_Init
 .text.HAL_UART_Receive_DMA
                0x0800811c       0x88 ./Drivers/STM32F7xx_HAL_Driver/Src/stm32f7xx_hal_uart.o
                0x0800811c                HAL_UART_Receive_DMA
 .text.HAL_UART_RxHalfCpltCallback
                0x080081a4       0x14 ./Drivers/STM32F7xx_HAL_Driver/Src/stm32f7xx_hal_uart.o
                0x080081a4                HAL_UART_RxHalfCpltCallback
 .text.HAL_UART_ErrorCallback
                0x080081b8       0x14 ./Drivers/STM32F7xx_HAL_Driver/Src/stm32f7xx_hal_uart.o
                0x080081b8                HAL_UART_ErrorCallback
 .text.HAL_UARTEx_RxEventCallback
                0x080081cc       0x18 ./Drivers/STM32F7xx_HAL_Driver/Src/stm32f7xx_hal_uart.o
                0x080081cc                HAL_UARTEx_RxEventCallback
 .text.UART_SetConfig
                0x080081e4      0x4c8 ./Drivers/STM32F7xx_HAL_Driver/Src/stm32f7xx_hal_uart.o
                0x080081e4                UART_SetConfig
 .text.UART_AdvFeatureConfig
                0x080086ac      0x144 ./Drivers/STM32F7xx_HAL_Driver/Src/stm32f7xx_hal_uart.o
                0x080086ac                UART_AdvFeatureConfig
 .text.UART_CheckIdleState
                0x080087f0       0xae ./Drivers/STM32F7xx_HAL_Driver/Src/stm32f7xx_hal_uart.o
                0x080087f0                UART_CheckIdleState
 .text.UART_WaitOnFlagUntilTimeout
                0x0800889e       0xda ./Drivers/STM32F7xx_HAL_Driver/Src/stm32f7xx_hal_uart.o
                0x0800889e                UART_WaitOnFlagUntilTimeout
 .text.UART_Start_Receive_DMA
                0x08008978      0x140 ./Drivers/STM32F7xx_HAL_Driver/Src/stm32f7xx_hal_uart.o
                0x08008978                UART_Start_Receive_DMA
 .text.UART_EndTxTransfer
                0x08008ab8       0x4c ./Drivers/STM32F7xx_HAL_Driver/Src/stm32f7xx_hal_uart.o
 .text.UART_EndRxTransfer
                0x08008b04       0xc8 ./Drivers/STM32F7xx_HAL_Driver/Src/stm32f7xx_hal_uart.o
 .text.UART_DMAReceiveCplt
                0x08008bcc      0x128 ./Drivers/STM32F7xx_HAL_Driver/Src/stm32f7xx_hal_uart.o
 .text.UART_DMARxHalfCplt
                0x08008cf4       0x3e ./Drivers/STM32F7xx_HAL_Driver/Src/stm32f7xx_hal_uart.o
 .text.UART_DMAError
                0x08008d32       0x7e ./Drivers/STM32F7xx_HAL_Driver/Src/stm32f7xx_hal_uart.o
 .text.SDMMC_Init
                0x08008db0       0x58 ./Drivers/STM32F7xx_HAL_Driver/Src/stm32f7xx_ll_sdmmc.o
                0x08008db0                SDMMC_Init
 .text.SDMMC_ReadFIFO
                0x08008e08       0x1a ./Drivers/STM32F7xx_HAL_Driver/Src/stm32f7xx_ll_sdmmc.o
                0x08008e08                SDMMC_ReadFIFO
 .text.SDMMC_WriteFIFO
                0x08008e22       0x22 ./Drivers/STM32F7xx_HAL_Driver/Src/stm32f7xx_ll_sdmmc.o
                0x08008e22                SDMMC_WriteFIFO
 .text.SDMMC_PowerState_ON
                0x08008e44       0x1c ./Drivers/STM32F7xx_HAL_Driver/Src/stm32f7xx_ll_sdmmc.o
                0x08008e44                SDMMC_PowerState_ON
 .text.SDMMC_GetPowerState
                0x08008e60       0x1c ./Drivers/STM32F7xx_HAL_Driver/Src/stm32f7xx_ll_sdmmc.o
                0x08008e60                SDMMC_GetPowerState
 .text.SDMMC_SendCommand
                0x08008e7c       0x54 ./Drivers/STM32F7xx_HAL_Driver/Src/stm32f7xx_ll_sdmmc.o
                0x08008e7c                SDMMC_SendCommand
 .text.SDMMC_GetCommandResponse
                0x08008ed0       0x1a ./Drivers/STM32F7xx_HAL_Driver/Src/stm32f7xx_ll_sdmmc.o
                0x08008ed0                SDMMC_GetCommandResponse
 .text.SDMMC_GetResponse
                0x08008eea       0x26 ./Drivers/STM32F7xx_HAL_Driver/Src/stm32f7xx_ll_sdmmc.o
                0x08008eea                SDMMC_GetResponse
 .text.SDMMC_ConfigData
                0x08008f10       0x58 ./Drivers/STM32F7xx_HAL_Driver/Src/stm32f7xx_ll_sdmmc.o
                0x08008f10                SDMMC_ConfigData
 .text.SDMMC_CmdBlockLength
                0x08008f68       0x44 ./Drivers/STM32F7xx_HAL_Driver/Src/stm32f7xx_ll_sdmmc.o
                0x08008f68                SDMMC_CmdBlockLength
 .text.SDMMC_CmdReadSingleBlock
                0x08008fac       0x44 ./Drivers/STM32F7xx_HAL_Driver/Src/stm32f7xx_ll_sdmmc.o
                0x08008fac                SDMMC_CmdReadSingleBlock
 .text.SDMMC_CmdReadMultiBlock
                0x08008ff0       0x44 ./Drivers/STM32F7xx_HAL_Driver/Src/stm32f7xx_ll_sdmmc.o
                0x08008ff0                SDMMC_CmdReadMultiBlock
 .text.SDMMC_CmdWriteSingleBlock
                0x08009034       0x44 ./Drivers/STM32F7xx_HAL_Driver/Src/stm32f7xx_ll_sdmmc.o
                0x08009034                SDMMC_CmdWriteSingleBlock
 .text.SDMMC_CmdWriteMultiBlock
                0x08009078       0x44 ./Drivers/STM32F7xx_HAL_Driver/Src/stm32f7xx_ll_sdmmc.o
                0x08009078                SDMMC_CmdWriteMultiBlock
 .text.SDMMC_CmdStopTransfer
                0x080090bc       0x44 ./Drivers/STM32F7xx_HAL_Driver/Src/stm32f7xx_ll_sdmmc.o
                0x080090bc                SDMMC_CmdStopTransfer
 .text.SDMMC_CmdSelDesel
                0x08009100       0x46 ./Drivers/STM32F7xx_HAL_Driver/Src/stm32f7xx_ll_sdmmc.o
                0x08009100                SDMMC_CmdSelDesel
 .text.SDMMC_CmdGoIdleState
                0x08009146       0x3c ./Drivers/STM32F7xx_HAL_Driver/Src/stm32f7xx_ll_sdmmc.o
                0x08009146                SDMMC_CmdGoIdleState
 .text.SDMMC_CmdOperCond
                0x08009182       0x3e ./Drivers/STM32F7xx_HAL_Driver/Src/stm32f7xx_ll_sdmmc.o
                0x08009182                SDMMC_CmdOperCond
 .text.SDMMC_CmdAppCommand
                0x080091c0       0x44 ./Drivers/STM32F7xx_HAL_Driver/Src/stm32f7xx_ll_sdmmc.o
                0x080091c0                SDMMC_CmdAppCommand
 .text.SDMMC_CmdAppOperCommand
                0x08009204       0x48 ./Drivers/STM32F7xx_HAL_Driver/Src/stm32f7xx_ll_sdmmc.o
                0x08009204                SDMMC_CmdAppOperCommand
 .text.SDMMC_CmdBusWidth
                0x0800924c       0x44 ./Drivers/STM32F7xx_HAL_Driver/Src/stm32f7xx_ll_sdmmc.o
                0x0800924c                SDMMC_CmdBusWidth
 .text.SDMMC_CmdSendSCR
                0x08009290       0x42 ./Drivers/STM32F7xx_HAL_Driver/Src/stm32f7xx_ll_sdmmc.o
                0x08009290                SDMMC_CmdSendSCR
 .text.SDMMC_CmdSendCID
                0x080092d2       0x3c ./Drivers/STM32F7xx_HAL_Driver/Src/stm32f7xx_ll_sdmmc.o
                0x080092d2                SDMMC_CmdSendCID
 .text.SDMMC_CmdSendCSD
                0x0800930e       0x3e ./Drivers/STM32F7xx_HAL_Driver/Src/stm32f7xx_ll_sdmmc.o
                0x0800930e                SDMMC_CmdSendCSD
 .text.SDMMC_CmdSetRelAdd
                0x0800934c       0x42 ./Drivers/STM32F7xx_HAL_Driver/Src/stm32f7xx_ll_sdmmc.o
                0x0800934c                SDMMC_CmdSetRelAdd
 .text.SDMMC_CmdSendStatus
                0x0800938e       0x44 ./Drivers/STM32F7xx_HAL_Driver/Src/stm32f7xx_ll_sdmmc.o
                0x0800938e                SDMMC_CmdSendStatus
 *fill*         0x080093d2        0x2 
 .text.SDMMC_GetCmdResp1
                0x080093d4      0x1dc ./Drivers/STM32F7xx_HAL_Driver/Src/stm32f7xx_ll_sdmmc.o
                0x080093d4                SDMMC_GetCmdResp1
 .text.SDMMC_GetCmdResp2
                0x080095b0       0x90 ./Drivers/STM32F7xx_HAL_Driver/Src/stm32f7xx_ll_sdmmc.o
                0x080095b0                SDMMC_GetCmdResp2
 .text.SDMMC_GetCmdResp3
                0x08009640       0x7c ./Drivers/STM32F7xx_HAL_Driver/Src/stm32f7xx_ll_sdmmc.o
                0x08009640                SDMMC_GetCmdResp3
 .text.SDMMC_GetCmdResp6
                0x080096bc       0xec ./Drivers/STM32F7xx_HAL_Driver/Src/stm32f7xx_ll_sdmmc.o
                0x080096bc                SDMMC_GetCmdResp6
 .text.SDMMC_GetCmdResp7
                0x080097a8       0x9c ./Drivers/STM32F7xx_HAL_Driver/Src/stm32f7xx_ll_sdmmc.o
                0x080097a8                SDMMC_GetCmdResp7
 .text.SDMMC_GetCmdError
                0x08009844       0x58 ./Drivers/STM32F7xx_HAL_Driver/Src/stm32f7xx_ll_sdmmc.o
 .text.USB_CoreInit
                0x0800989c      0x118 ./Drivers/STM32F7xx_HAL_Driver/Src/stm32f7xx_ll_usb.o
                0x0800989c                USB_CoreInit
 .text.USB_SetTurnaroundTime
                0x080099b4      0x144 ./Drivers/STM32F7xx_HAL_Driver/Src/stm32f7xx_ll_usb.o
                0x080099b4                USB_SetTurnaroundTime
 .text.USB_EnableGlobalInt
                0x08009af8       0x22 ./Drivers/STM32F7xx_HAL_Driver/Src/stm32f7xx_ll_usb.o
                0x08009af8                USB_EnableGlobalInt
 .text.USB_DisableGlobalInt
                0x08009b1a       0x22 ./Drivers/STM32F7xx_HAL_Driver/Src/stm32f7xx_ll_usb.o
                0x08009b1a                USB_DisableGlobalInt
 .text.USB_SetCurrentMode
                0x08009b3c       0x98 ./Drivers/STM32F7xx_HAL_Driver/Src/stm32f7xx_ll_usb.o
                0x08009b3c                USB_SetCurrentMode
 .text.USB_DevInit
                0x08009bd4      0x2e0 ./Drivers/STM32F7xx_HAL_Driver/Src/stm32f7xx_ll_usb.o
                0x08009bd4                USB_DevInit
 .text.USB_FlushTxFifo
                0x08009eb4       0x64 ./Drivers/STM32F7xx_HAL_Driver/Src/stm32f7xx_ll_usb.o
                0x08009eb4                USB_FlushTxFifo
 .text.USB_FlushRxFifo
                0x08009f18       0x5c ./Drivers/STM32F7xx_HAL_Driver/Src/stm32f7xx_ll_usb.o
                0x08009f18                USB_FlushRxFifo
 .text.USB_SetDevSpeed
                0x08009f74       0x32 ./Drivers/STM32F7xx_HAL_Driver/Src/stm32f7xx_ll_usb.o
                0x08009f74                USB_SetDevSpeed
 .text.USB_GetDevSpeed
                0x08009fa6       0x4a ./Drivers/STM32F7xx_HAL_Driver/Src/stm32f7xx_ll_usb.o
                0x08009fa6                USB_GetDevSpeed
 .text.USB_ActivateEndpoint
                0x08009ff0      0x110 ./Drivers/STM32F7xx_HAL_Driver/Src/stm32f7xx_ll_usb.o
                0x08009ff0                USB_ActivateEndpoint
 .text.USB_DeactivateEndpoint
                0x0800a100      0x1b8 ./Drivers/STM32F7xx_HAL_Driver/Src/stm32f7xx_ll_usb.o
                0x0800a100                USB_DeactivateEndpoint
 .text.USB_EPStartXfer
                0x0800a2b8      0x540 ./Drivers/STM32F7xx_HAL_Driver/Src/stm32f7xx_ll_usb.o
                0x0800a2b8                USB_EPStartXfer
 .text.USB_EPStopXfer
                0x0800a7f8      0x154 ./Drivers/STM32F7xx_HAL_Driver/Src/stm32f7xx_ll_usb.o
                0x0800a7f8                USB_EPStopXfer
 .text.USB_WritePacket
                0x0800a94c       0x7c ./Drivers/STM32F7xx_HAL_Driver/Src/stm32f7xx_ll_usb.o
                0x0800a94c                USB_WritePacket
 .text.USB_ReadPacket
                0x0800a9c8       0xb0 ./Drivers/STM32F7xx_HAL_Driver/Src/stm32f7xx_ll_usb.o
                0x0800a9c8                USB_ReadPacket
 .text.USB_EPSetStall
                0x0800aa78       0xdc ./Drivers/STM32F7xx_HAL_Driver/Src/stm32f7xx_ll_usb.o
                0x0800aa78                USB_EPSetStall
 .text.USB_EPClearStall
                0x0800ab54       0xcc ./Drivers/STM32F7xx_HAL_Driver/Src/stm32f7xx_ll_usb.o
                0x0800ab54                USB_EPClearStall
 .text.USB_SetDevAddress
                0x0800ac20       0x4c ./Drivers/STM32F7xx_HAL_Driver/Src/stm32f7xx_ll_usb.o
                0x0800ac20                USB_SetDevAddress
 .text.USB_DevConnect
                0x0800ac6c       0x42 ./Drivers/STM32F7xx_HAL_Driver/Src/stm32f7xx_ll_usb.o
                0x0800ac6c                USB_DevConnect
 .text.USB_DevDisconnect
                0x0800acae       0x42 ./Drivers/STM32F7xx_HAL_Driver/Src/stm32f7xx_ll_usb.o
                0x0800acae                USB_DevDisconnect
 .text.USB_ReadInterrupts
                0x0800acf0       0x26 ./Drivers/STM32F7xx_HAL_Driver/Src/stm32f7xx_ll_usb.o
                0x0800acf0                USB_ReadInterrupts
 .text.USB_ReadDevAllOutEpInterrupt
                0x0800ad16       0x34 ./Drivers/STM32F7xx_HAL_Driver/Src/stm32f7xx_ll_usb.o
                0x0800ad16                USB_ReadDevAllOutEpInterrupt
 .text.USB_ReadDevAllInEpInterrupt
                0x0800ad4a       0x34 ./Drivers/STM32F7xx_HAL_Driver/Src/stm32f7xx_ll_usb.o
                0x0800ad4a                USB_ReadDevAllInEpInterrupt
 .text.USB_ReadDevOutEPInterrupt
                0x0800ad7e       0x3c ./Drivers/STM32F7xx_HAL_Driver/Src/stm32f7xx_ll_usb.o
                0x0800ad7e                USB_ReadDevOutEPInterrupt
 .text.USB_ReadDevInEPInterrupt
                0x0800adba       0x5c ./Drivers/STM32F7xx_HAL_Driver/Src/stm32f7xx_ll_usb.o
                0x0800adba                USB_ReadDevInEPInterrupt
 .text.USB_GetMode
                0x0800ae16       0x1c ./Drivers/STM32F7xx_HAL_Driver/Src/stm32f7xx_ll_usb.o
                0x0800ae16                USB_GetMode
 *fill*         0x0800ae32        0x2 
 .text.USB_ActivateSetup
                0x0800ae34       0x48 ./Drivers/STM32F7xx_HAL_Driver/Src/stm32f7xx_ll_usb.o
                0x0800ae34                USB_ActivateSetup
 .text.USB_EP0_OutStart
                0x0800ae7c       0xbc ./Drivers/STM32F7xx_HAL_Driver/Src/stm32f7xx_ll_usb.o
                0x0800ae7c                USB_EP0_OutStart
 .text.USB_CoreReset
                0x0800af38       0x62 ./Drivers/STM32F7xx_HAL_Driver/Src/stm32f7xx_ll_usb.o
 *fill*         0x0800af9a        0x2 
 .text.MX_FATFS_Init
                0x0800af9c       0x24 ./FATFS/App/fatfs.o
                0x0800af9c                MX_FATFS_Init
 .text.BSP_SD_Init
                0x0800afc0       0x4c ./FATFS/Target/bsp_driver_sd.o
                0x0800afc0                BSP_SD_Init
 .text.BSP_SD_ReadBlocks
                0x0800b00c       0x3c ./FATFS/Target/bsp_driver_sd.o
                0x0800b00c                BSP_SD_ReadBlocks
 .text.BSP_SD_WriteBlocks
                0x0800b048       0x3c ./FATFS/Target/bsp_driver_sd.o
                0x0800b048                BSP_SD_WriteBlocks
 .text.BSP_SD_GetCardState
                0x0800b084       0x20 ./FATFS/Target/bsp_driver_sd.o
                0x0800b084                BSP_SD_GetCardState
 .text.BSP_SD_GetCardInfo
                0x0800b0a4       0x1c ./FATFS/Target/bsp_driver_sd.o
                0x0800b0a4                BSP_SD_GetCardInfo
 .text.BSP_SD_IsDetected
                0x0800b0c0       0x24 ./FATFS/Target/bsp_driver_sd.o
                0x0800b0c0                BSP_SD_IsDetected
 .text.BSP_PlatformIsDetected
                0x0800b0e4       0x2c ./FATFS/Target/fatfs_platform.o
                0x0800b0e4                BSP_PlatformIsDetected
 .text.SD_CheckStatus
                0x0800b110       0x3c ./FATFS/Target/sd_diskio.o
 .text.SD_initialize
                0x0800b14c       0x3c ./FATFS/Target/sd_diskio.o
                0x0800b14c                SD_initialize
 .text.SD_status
                0x0800b188       0x1c ./FATFS/Target/sd_diskio.o
                0x0800b188                SD_status
 .text.SD_read  0x0800b1a4       0x42 ./FATFS/Target/sd_diskio.o
                0x0800b1a4                SD_read
 .text.SD_write
                0x0800b1e6       0x42 ./FATFS/Target/sd_diskio.o
                0x0800b1e6                SD_write
 .text.SD_ioctl
                0x0800b228       0xb0 ./FATFS/Target/sd_diskio.o
                0x0800b228                SD_ioctl
 .text.USBD_CDC_Init
                0x0800b2d8      0x1f0 ./Middlewares/ST/STM32_USB_Device_Library/Class/CDC/Src/usbd_cdc.o
 .text.USBD_CDC_DeInit
                0x0800b4c8      0x104 ./Middlewares/ST/STM32_USB_Device_Library/Class/CDC/Src/usbd_cdc.o
 .text.USBD_CDC_Setup
                0x0800b5cc      0x1b8 ./Middlewares/ST/STM32_USB_Device_Library/Class/CDC/Src/usbd_cdc.o
 .text.USBD_CDC_DataIn
                0x0800b784       0xfe ./Middlewares/ST/STM32_USB_Device_Library/Class/CDC/Src/usbd_cdc.o
 .text.USBD_CDC_DataOut
                0x0800b882       0x70 ./Middlewares/ST/STM32_USB_Device_Library/Class/CDC/Src/usbd_cdc.o
 .text.USBD_CDC_EP0_RxReady
                0x0800b8f2       0x74 ./Middlewares/ST/STM32_USB_Device_Library/Class/CDC/Src/usbd_cdc.o
 *fill*         0x0800b966        0x2 
 .text.USBD_CDC_GetFSCfgDesc
                0x0800b968       0x70 ./Middlewares/ST/STM32_USB_Device_Library/Class/CDC/Src/usbd_cdc.o
 .text.USBD_CDC_GetHSCfgDesc
                0x0800b9d8       0x70 ./Middlewares/ST/STM32_USB_Device_Library/Class/CDC/Src/usbd_cdc.o
 .text.USBD_CDC_GetOtherSpeedCfgDesc
                0x0800ba48       0x70 ./Middlewares/ST/STM32_USB_Device_Library/Class/CDC/Src/usbd_cdc.o
 .text.USBD_CDC_GetDeviceQualifierDescriptor
                0x0800bab8       0x20 ./Middlewares/ST/STM32_USB_Device_Library/Class/CDC/Src/usbd_cdc.o
                0x0800bab8                USBD_CDC_GetDeviceQualifierDescriptor
 .text.USBD_CDC_RegisterInterface
                0x0800bad8       0x34 ./Middlewares/ST/STM32_USB_Device_Library/Class/CDC/Src/usbd_cdc.o
                0x0800bad8                USBD_CDC_RegisterInterface
 .text.USBD_CDC_SetTxBuffer
                0x0800bb0c       0x44 ./Middlewares/ST/STM32_USB_Device_Library/Class/CDC/Src/usbd_cdc.o
                0x0800bb0c                USBD_CDC_SetTxBuffer
 .text.USBD_CDC_SetRxBuffer
                0x0800bb50       0x3a ./Middlewares/ST/STM32_USB_Device_Library/Class/CDC/Src/usbd_cdc.o
                0x0800bb50                USBD_CDC_SetRxBuffer
 *fill*         0x0800bb8a        0x2 
 .text.USBD_CDC_TransmitPacket
                0x0800bb8c       0x80 ./Middlewares/ST/STM32_USB_Device_Library/Class/CDC/Src/usbd_cdc.o
                0x0800bb8c                USBD_CDC_TransmitPacket
 .text.USBD_CDC_ReceivePacket
                0x0800bc0c       0x6c ./Middlewares/ST/STM32_USB_Device_Library/Class/CDC/Src/usbd_cdc.o
                0x0800bc0c                USBD_CDC_ReceivePacket
 .text.USBD_Init
                0x0800bc78       0x60 ./Middlewares/ST/STM32_USB_Device_Library/Core/Src/usbd_core.o
                0x0800bc78                USBD_Init
 .text.USBD_RegisterClass
                0x0800bcd8       0x6c ./Middlewares/ST/STM32_USB_Device_Library/Core/Src/usbd_core.o
                0x0800bcd8                USBD_RegisterClass
 .text.USBD_Start
                0x0800bd44       0x18 ./Middlewares/ST/STM32_USB_Device_Library/Core/Src/usbd_core.o
                0x0800bd44                USBD_Start
 .text.USBD_RunTestMode
                0x0800bd5c       0x16 ./Middlewares/ST/STM32_USB_Device_Library/Core/Src/usbd_core.o
                0x0800bd5c                USBD_RunTestMode
 .text.USBD_SetClassConfig
                0x0800bd72       0x38 ./Middlewares/ST/STM32_USB_Device_Library/Core/Src/usbd_core.o
                0x0800bd72                USBD_SetClassConfig
 .text.USBD_ClrClassConfig
                0x0800bdaa       0x34 ./Middlewares/ST/STM32_USB_Device_Library/Core/Src/usbd_core.o
                0x0800bdaa                USBD_ClrClassConfig
 .text.USBD_LL_SetupStage
                0x0800bdde       0xaa ./Middlewares/ST/STM32_USB_Device_Library/Core/Src/usbd_core.o
                0x0800bdde                USBD_LL_SetupStage
 .text.USBD_LL_DataOutStage
                0x0800be88      0x166 ./Middlewares/ST/STM32_USB_Device_Library/Core/Src/usbd_core.o
                0x0800be88                USBD_LL_DataOutStage
 .text.USBD_LL_DataInStage
                0x0800bfee      0x164 ./Middlewares/ST/STM32_USB_Device_Library/Core/Src/usbd_core.o
                0x0800bfee                USBD_LL_DataInStage
 .text.USBD_LL_Reset
                0x0800c152       0xa4 ./Middlewares/ST/STM32_USB_Device_Library/Core/Src/usbd_core.o
                0x0800c152                USBD_LL_Reset
 .text.USBD_LL_SetSpeed
                0x0800c1f6       0x20 ./Middlewares/ST/STM32_USB_Device_Library/Core/Src/usbd_core.o
                0x0800c1f6                USBD_LL_SetSpeed
 .text.USBD_LL_Suspend
                0x0800c216       0x38 ./Middlewares/ST/STM32_USB_Device_Library/Core/Src/usbd_core.o
                0x0800c216                USBD_LL_Suspend
 .text.USBD_LL_Resume
                0x0800c24e       0x30 ./Middlewares/ST/STM32_USB_Device_Library/Core/Src/usbd_core.o
                0x0800c24e                USBD_LL_Resume
 .text.USBD_LL_SOF
                0x0800c27e       0x40 ./Middlewares/ST/STM32_USB_Device_Library/Core/Src/usbd_core.o
                0x0800c27e                USBD_LL_SOF
 .text.USBD_LL_IsoINIncomplete
                0x0800c2be       0x64 ./Middlewares/ST/STM32_USB_Device_Library/Core/Src/usbd_core.o
                0x0800c2be                USBD_LL_IsoINIncomplete
 .text.USBD_LL_IsoOUTIncomplete
                0x0800c322       0x64 ./Middlewares/ST/STM32_USB_Device_Library/Core/Src/usbd_core.o
                0x0800c322                USBD_LL_IsoOUTIncomplete
 .text.USBD_LL_DevConnected
                0x0800c386       0x16 ./Middlewares/ST/STM32_USB_Device_Library/Core/Src/usbd_core.o
                0x0800c386                USBD_LL_DevConnected
 .text.USBD_LL_DevDisconnected
                0x0800c39c       0x46 ./Middlewares/ST/STM32_USB_Device_Library/Core/Src/usbd_core.o
                0x0800c39c                USBD_LL_DevDisconnected
 .text.USBD_CoreFindIF
                0x0800c3e2       0x1a ./Middlewares/ST/STM32_USB_Device_Library/Core/Src/usbd_core.o
                0x0800c3e2                USBD_CoreFindIF
 .text.USBD_CoreFindEP
                0x0800c3fc       0x1a ./Middlewares/ST/STM32_USB_Device_Library/Core/Src/usbd_core.o
                0x0800c3fc                USBD_CoreFindEP
 .text.USBD_GetEpDesc
                0x0800c416       0x70 ./Middlewares/ST/STM32_USB_Device_Library/Core/Src/usbd_core.o
                0x0800c416                USBD_GetEpDesc
 .text.USBD_GetNextDesc
                0x0800c486       0x38 ./Middlewares/ST/STM32_USB_Device_Library/Core/Src/usbd_core.o
                0x0800c486                USBD_GetNextDesc
 .text.SWAPBYTE
                0x0800c4be       0x3c ./Middlewares/ST/STM32_USB_Device_Library/Core/Src/usbd_ctlreq.o
 *fill*         0x0800c4fa        0x2 
 .text.USBD_StdDevReq
                0x0800c4fc       0xe4 ./Middlewares/ST/STM32_USB_Device_Library/Core/Src/usbd_ctlreq.o
                0x0800c4fc                USBD_StdDevReq
 .text.USBD_StdItfReq
                0x0800c5e0       0xd8 ./Middlewares/ST/STM32_USB_Device_Library/Core/Src/usbd_ctlreq.o
                0x0800c5e0                USBD_StdItfReq
 .text.USBD_StdEPReq
                0x0800c6b8      0x33a ./Middlewares/ST/STM32_USB_Device_Library/Core/Src/usbd_ctlreq.o
                0x0800c6b8                USBD_StdEPReq
 *fill*         0x0800c9f2        0x2 
 .text.USBD_GetDescriptor
                0x0800c9f4      0x328 ./Middlewares/ST/STM32_USB_Device_Library/Core/Src/usbd_ctlreq.o
 .text.USBD_SetAddress
                0x0800cd1c       0x88 ./Middlewares/ST/STM32_USB_Device_Library/Core/Src/usbd_ctlreq.o
 .text.USBD_SetConfig
                0x0800cda4      0x154 ./Middlewares/ST/STM32_USB_Device_Library/Core/Src/usbd_ctlreq.o
 .text.USBD_GetConfig
                0x0800cef8       0x6c ./Middlewares/ST/STM32_USB_Device_Library/Core/Src/usbd_ctlreq.o
 .text.USBD_GetStatus
                0x0800cf64       0x68 ./Middlewares/ST/STM32_USB_Device_Library/Core/Src/usbd_ctlreq.o
 .text.USBD_SetFeature
                0x0800cfcc       0x52 ./Middlewares/ST/STM32_USB_Device_Library/Core/Src/usbd_ctlreq.o
 .text.USBD_ClrFeature
                0x0800d01e       0x44 ./Middlewares/ST/STM32_USB_Device_Library/Core/Src/usbd_ctlreq.o
 .text.USBD_ParseSetupRequest
                0x0800d062       0x74 ./Middlewares/ST/STM32_USB_Device_Library/Core/Src/usbd_ctlreq.o
                0x0800d062                USBD_ParseSetupRequest
 .text.USBD_CtlError
                0x0800d0d6       0x22 ./Middlewares/ST/STM32_USB_Device_Library/Core/Src/usbd_ctlreq.o
                0x0800d0d6                USBD_CtlError
 .text.USBD_GetString
                0x0800d0f8       0xa4 ./Middlewares/ST/STM32_USB_Device_Library/Core/Src/usbd_ctlreq.o
                0x0800d0f8                USBD_GetString
 .text.USBD_GetLen
                0x0800d19c       0x34 ./Middlewares/ST/STM32_USB_Device_Library/Core/Src/usbd_ctlreq.o
 .text.USBD_CtlSendData
                0x0800d1d0       0x36 ./Middlewares/ST/STM32_USB_Device_Library/Core/Src/usbd_ioreq.o
                0x0800d1d0                USBD_CtlSendData
 .text.USBD_CtlContinueSendData
                0x0800d206       0x22 ./Middlewares/ST/STM32_USB_Device_Library/Core/Src/usbd_ioreq.o
                0x0800d206                USBD_CtlContinueSendData
 .text.USBD_CtlPrepareRx
                0x0800d228       0x3a ./Middlewares/ST/STM32_USB_Device_Library/Core/Src/usbd_ioreq.o
                0x0800d228                USBD_CtlPrepareRx
 .text.USBD_CtlContinueRx
                0x0800d262       0x22 ./Middlewares/ST/STM32_USB_Device_Library/Core/Src/usbd_ioreq.o
                0x0800d262                USBD_CtlContinueRx
 .text.USBD_CtlSendStatus
                0x0800d284       0x26 ./Middlewares/ST/STM32_USB_Device_Library/Core/Src/usbd_ioreq.o
                0x0800d284                USBD_CtlSendStatus
 .text.USBD_CtlReceiveStatus
                0x0800d2aa       0x26 ./Middlewares/ST/STM32_USB_Device_Library/Core/Src/usbd_ioreq.o
                0x0800d2aa                USBD_CtlReceiveStatus
 .text.FATFS_LinkDriverEx
                0x0800d2d0       0x98 ./Middlewares/Third_Party/FatFs/src/ff_gen_drv.o
                0x0800d2d0                FATFS_LinkDriverEx
 .text.FATFS_LinkDriver
                0x0800d368       0x1e ./Middlewares/Third_Party/FatFs/src/ff_gen_drv.o
                0x0800d368                FATFS_LinkDriver
 *fill*         0x0800d386        0x2 
 .text.MX_USB_DEVICE_Init
                0x0800d388       0x60 ./USB_DEVICE/App/usb_device.o
                0x0800d388                MX_USB_DEVICE_Init
 .text.CDC_Init_FS
                0x0800d3e8       0x28 ./USB_DEVICE/App/usbd_cdc_if.o
 .text.CDC_DeInit_FS
                0x0800d410       0x10 ./USB_DEVICE/App/usbd_cdc_if.o
 .text.CDC_Control_FS
                0x0800d420       0xbc ./USB_DEVICE/App/usbd_cdc_if.o
 .text.CDC_Receive_FS
                0x0800d4dc       0x28 ./USB_DEVICE/App/usbd_cdc_if.o
 .text.CDC_Transmit_FS
                0x0800d504       0x4c ./USB_DEVICE/App/usbd_cdc_if.o
                0x0800d504                CDC_Transmit_FS
 .text.CDC_TransmitCplt_FS
                0x0800d550       0x22 ./USB_DEVICE/App/usbd_cdc_if.o
 *fill*         0x0800d572        0x2 
 .text.USBD_FS_DeviceDescriptor
                0x0800d574       0x24 ./USB_DEVICE/App/usbd_desc.o
                0x0800d574                USBD_FS_DeviceDescriptor
 .text.USBD_FS_LangIDStrDescriptor
                0x0800d598       0x24 ./USB_DEVICE/App/usbd_desc.o
                0x0800d598                USBD_FS_LangIDStrDescriptor
 .text.USBD_FS_ProductStrDescriptor
                0x0800d5bc       0x3c ./USB_DEVICE/App/usbd_desc.o
                0x0800d5bc                USBD_FS_ProductStrDescriptor
 .text.USBD_FS_ManufacturerStrDescriptor
                0x0800d5f8       0x28 ./USB_DEVICE/App/usbd_desc.o
                0x0800d5f8                USBD_FS_ManufacturerStrDescriptor
 .text.USBD_FS_SerialStrDescriptor
                0x0800d620       0x24 ./USB_DEVICE/App/usbd_desc.o
                0x0800d620                USBD_FS_SerialStrDescriptor
 .text.USBD_FS_ConfigStrDescriptor
                0x0800d644       0x3c ./USB_DEVICE/App/usbd_desc.o
                0x0800d644                USBD_FS_ConfigStrDescriptor
 .text.USBD_FS_InterfaceStrDescriptor
                0x0800d680       0x3c ./USB_DEVICE/App/usbd_desc.o
                0x0800d680                USBD_FS_InterfaceStrDescriptor
 .text.USBD_FS_USR_BOSDescriptor
                0x0800d6bc       0x24 ./USB_DEVICE/App/usbd_desc.o
                0x0800d6bc                USBD_FS_USR_BOSDescriptor
 .text.Get_SerialNum
                0x0800d6e0       0x58 ./USB_DEVICE/App/usbd_desc.o
 .text.IntToUnicode
                0x0800d738       0x7e ./USB_DEVICE/App/usbd_desc.o
 *fill*         0x0800d7b6        0x2 
 .text.HAL_PCD_MspInit
                0x0800d7b8       0xe4 ./USB_DEVICE/Target/usbd_conf.o
                0x0800d7b8                HAL_PCD_MspInit
 .text.HAL_PCD_SetupStageCallback
                0x0800d89c       0x24 ./USB_DEVICE/Target/usbd_conf.o
                0x0800d89c                HAL_PCD_SetupStageCallback
 .text.HAL_PCD_DataOutStageCallback
                0x0800d8c0       0x36 ./USB_DEVICE/Target/usbd_conf.o
                0x0800d8c0                HAL_PCD_DataOutStageCallback
 .text.HAL_PCD_DataInStageCallback
                0x0800d8f6       0x34 ./USB_DEVICE/Target/usbd_conf.o
                0x0800d8f6                HAL_PCD_DataInStageCallback
 .text.HAL_PCD_SOFCallback
                0x0800d92a       0x1c ./USB_DEVICE/Target/usbd_conf.o
                0x0800d92a                HAL_PCD_SOFCallback
 .text.HAL_PCD_ResetCallback
                0x0800d946       0x50 ./USB_DEVICE/Target/usbd_conf.o
                0x0800d946                HAL_PCD_ResetCallback
 *fill*         0x0800d996        0x2 
 .text.HAL_PCD_SuspendCallback
                0x0800d998       0x4c ./USB_DEVICE/Target/usbd_conf.o
                0x0800d998                HAL_PCD_SuspendCallback
 .text.HAL_PCD_ResumeCallback
                0x0800d9e4       0x1c ./USB_DEVICE/Target/usbd_conf.o
                0x0800d9e4                HAL_PCD_ResumeCallback
 .text.HAL_PCD_ISOOUTIncompleteCallback
                0x0800da00       0x24 ./USB_DEVICE/Target/usbd_conf.o
                0x0800da00                HAL_PCD_ISOOUTIncompleteCallback
 .text.HAL_PCD_ISOINIncompleteCallback
                0x0800da24       0x24 ./USB_DEVICE/Target/usbd_conf.o
                0x0800da24                HAL_PCD_ISOINIncompleteCallback
 .text.HAL_PCD_ConnectCallback
                0x0800da48       0x1c ./USB_DEVICE/Target/usbd_conf.o
                0x0800da48                HAL_PCD_ConnectCallback
 .text.HAL_PCD_DisconnectCallback
                0x0800da64       0x1c ./USB_DEVICE/Target/usbd_conf.o
                0x0800da64                HAL_PCD_DisconnectCallback
 .text.USBD_LL_Init
                0x0800da80       0xa0 ./USB_DEVICE/Target/usbd_conf.o
                0x0800da80                USBD_LL_Init
 .text.USBD_LL_Start
                0x0800db20       0x36 ./USB_DEVICE/Target/usbd_conf.o
                0x0800db20                USBD_LL_Start
 .text.USBD_LL_OpenEP
                0x0800db56       0x4c ./USB_DEVICE/Target/usbd_conf.o
                0x0800db56                USBD_LL_OpenEP
 .text.USBD_LL_CloseEP
                0x0800dba2       0x3e ./USB_DEVICE/Target/usbd_conf.o
                0x0800dba2                USBD_LL_CloseEP
 .text.USBD_LL_StallEP
                0x0800dbe0       0x3e ./USB_DEVICE/Target/usbd_conf.o
                0x0800dbe0                USBD_LL_StallEP
 .text.USBD_LL_ClearStallEP
                0x0800dc1e       0x3e ./USB_DEVICE/Target/usbd_conf.o
                0x0800dc1e                USBD_LL_ClearStallEP
 .text.USBD_LL_IsStallEP
                0x0800dc5c       0x58 ./USB_DEVICE/Target/usbd_conf.o
                0x0800dc5c                USBD_LL_IsStallEP
 .text.USBD_LL_SetUSBAddress
                0x0800dcb4       0x3e ./USB_DEVICE/Target/usbd_conf.o
                0x0800dcb4                USBD_LL_SetUSBAddress
 .text.USBD_LL_Transmit
                0x0800dcf2       0x42 ./USB_DEVICE/Target/usbd_conf.o
                0x0800dcf2                USBD_LL_Transmit
 .text.USBD_LL_PrepareReceive
                0x0800dd34       0x42 ./USB_DEVICE/Target/usbd_conf.o
                0x0800dd34                USBD_LL_PrepareReceive
 .text.USBD_LL_GetRxDataSize
                0x0800dd76       0x26 ./USB_DEVICE/Target/usbd_conf.o
                0x0800dd76                USBD_LL_GetRxDataSize
 .text.HAL_PCDEx_LPM_Callback
                0x0800dd9c       0x9c ./USB_DEVICE/Target/usbd_conf.o
                0x0800dd9c                HAL_PCDEx_LPM_Callback
 .text.SystemClockConfig_Resume
                0x0800de38        0xc ./USB_DEVICE/Target/usbd_conf.o
 .text.USBD_Get_USB_Status
                0x0800de44       0x58 ./USB_DEVICE/Target/usbd_conf.o
                0x0800de44                USBD_Get_USB_Status
 .text.malloc   0x0800de9c       0x10 /opt/st/stm32cubeide_1.16.1/plugins/com.st.stm32cube.ide.mcu.externaltools.gnu-tools-for-stm32.12.3.rel1.linux64_1.0.200.202406132123/tools/bin/../lib/gcc/arm-none-eabi/12.3.1/../../../../arm-none-eabi/lib/thumb/v7e-m+fp/hard/libc_nano.a(libc_a-malloc.o)
                0x0800de9c                malloc
 .text.free     0x0800deac       0x10 /opt/st/stm32cubeide_1.16.1/plugins/com.st.stm32cube.ide.mcu.externaltools.gnu-tools-for-stm32.12.3.rel1.linux64_1.0.200.202406132123/tools/bin/../lib/gcc/arm-none-eabi/12.3.1/../../../../arm-none-eabi/lib/thumb/v7e-m+fp/hard/libc_nano.a(libc_a-malloc.o)
                0x0800deac                free
 .text.sbrk_aligned
                0x0800debc       0x44 /opt/st/stm32cubeide_1.16.1/plugins/com.st.stm32cube.ide.mcu.externaltools.gnu-tools-for-stm32.12.3.rel1.linux64_1.0.200.202406132123/tools/bin/../lib/gcc/arm-none-eabi/12.3.1/../../../../arm-none-eabi/lib/thumb/v7e-m+fp/hard/libc_nano.a(libc_a-mallocr.o)
 .text._malloc_r
                0x0800df00      0x100 /opt/st/stm32cubeide_1.16.1/plugins/com.st.stm32cube.ide.mcu.externaltools.gnu-tools-for-stm32.12.3.rel1.linux64_1.0.200.202406132123/tools/bin/../lib/gcc/arm-none-eabi/12.3.1/../../../../arm-none-eabi/lib/thumb/v7e-m+fp/hard/libc_nano.a(libc_a-mallocr.o)
                0x0800df00                _malloc_r
 .text.__malloc_lock
                0x0800e000        0xc /opt/st/stm32cubeide_1.16.1/plugins/com.st.stm32cube.ide.mcu.externaltools.gnu-tools-for-stm32.12.3.rel1.linux64_1.0.200.202406132123/tools/bin/../lib/gcc/arm-none-eabi/12.3.1/../../../../arm-none-eabi/lib/thumb/v7e-m+fp/hard/libc_nano.a(libc_a-mlock.o)
                0x0800e000                __malloc_lock
 .text.__malloc_unlock
                0x0800e00c        0xc /opt/st/stm32cubeide_1.16.1/plugins/com.st.stm32cube.ide.mcu.externaltools.gnu-tools-for-stm32.12.3.rel1.linux64_1.0.200.202406132123/tools/bin/../lib/gcc/arm-none-eabi/12.3.1/../../../../arm-none-eabi/lib/thumb/v7e-m+fp/hard/libc_nano.a(libc_a-mlock.o)
                0x0800e00c                __malloc_unlock
 .text.std      0x0800e018       0x6c /opt/st/stm32cubeide_1.16.1/plugins/com.st.stm32cube.ide.mcu.externaltools.gnu-tools-for-stm32.12.3.rel1.linux64_1.0.200.202406132123/tools/bin/../lib/gcc/arm-none-eabi/12.3.1/../../../../arm-none-eabi/lib/thumb/v7e-m+fp/hard/libc_nano.a(libc_a-findfp.o)
 .text.stdio_exit_handler
                0x0800e084       0x18 /opt/st/stm32cubeide_1.16.1/plugins/com.st.stm32cube.ide.mcu.externaltools.gnu-tools-for-stm32.12.3.rel1.linux64_1.0.200.202406132123/tools/bin/../lib/gcc/arm-none-eabi/12.3.1/../../../../arm-none-eabi/lib/thumb/v7e-m+fp/hard/libc_nano.a(libc_a-findfp.o)
 .text.cleanup_stdio
                0x0800e09c       0x40 /opt/st/stm32cubeide_1.16.1/plugins/com.st.stm32cube.ide.mcu.externaltools.gnu-tools-for-stm32.12.3.rel1.linux64_1.0.200.202406132123/tools/bin/../lib/gcc/arm-none-eabi/12.3.1/../../../../arm-none-eabi/lib/thumb/v7e-m+fp/hard/libc_nano.a(libc_a-findfp.o)
 .text.global_stdio_init.part.0
                0x0800e0dc       0x3c /opt/st/stm32cubeide_1.16.1/plugins/com.st.stm32cube.ide.mcu.externaltools.gnu-tools-for-stm32.12.3.rel1.linux64_1.0.200.202406132123/tools/bin/../lib/gcc/arm-none-eabi/12.3.1/../../../../arm-none-eabi/lib/thumb/v7e-m+fp/hard/libc_nano.a(libc_a-findfp.o)
 .text.__sfp_lock_acquire
                0x0800e118        0xc /opt/st/stm32cubeide_1.16.1/plugins/com.st.stm32cube.ide.mcu.externaltools.gnu-tools-for-stm32.12.3.rel1.linux64_1.0.200.202406132123/tools/bin/../lib/gcc/arm-none-eabi/12.3.1/../../../../arm-none-eabi/lib/thumb/v7e-m+fp/hard/libc_nano.a(libc_a-findfp.o)
                0x0800e118                __sfp_lock_acquire
 .text.__sfp_lock_release
                0x0800e124        0xc /opt/st/stm32cubeide_1.16.1/plugins/com.st.stm32cube.ide.mcu.externaltools.gnu-tools-for-stm32.12.3.rel1.linux64_1.0.200.202406132123/tools/bin/../lib/gcc/arm-none-eabi/12.3.1/../../../../arm-none-eabi/lib/thumb/v7e-m+fp/hard/libc_nano.a(libc_a-findfp.o)
                0x0800e124                __sfp_lock_release
 .text.__sinit  0x0800e130       0x30 /opt/st/stm32cubeide_1.16.1/plugins/com.st.stm32cube.ide.mcu.externaltools.gnu-tools-for-stm32.12.3.rel1.linux64_1.0.200.202406132123/tools/bin/../lib/gcc/arm-none-eabi/12.3.1/../../../../arm-none-eabi/lib/thumb/v7e-m+fp/hard/libc_nano.a(libc_a-findfp.o)
                0x0800e130                __sinit
 .text._fwalk_sglue
                0x0800e160       0x3c /opt/st/stm32cubeide_1.16.1/plugins/com.st.stm32cube.ide.mcu.externaltools.gnu-tools-for-stm32.12.3.rel1.linux64_1.0.200.202406132123/tools/bin/../lib/gcc/arm-none-eabi/12.3.1/../../../../arm-none-eabi/lib/thumb/v7e-m+fp/hard/libc_nano.a(libc_a-fwalk.o)
                0x0800e160                _fwalk_sglue
 .text.printf   0x0800e19c       0x24 /opt/st/stm32cubeide_1.16.1/plugins/com.st.stm32cube.ide.mcu.externaltools.gnu-tools-for-stm32.12.3.rel1.linux64_1.0.200.202406132123/tools/bin/../lib/gcc/arm-none-eabi/12.3.1/../../../../arm-none-eabi/lib/thumb/v7e-m+fp/hard/libc_nano.a(libc_a-printf.o)
                0x0800e19c                printf
                0x0800e19c                iprintf
 .text.snprintf
                0x0800e1c0       0x68 /opt/st/stm32cubeide_1.16.1/plugins/com.st.stm32cube.ide.mcu.externaltools.gnu-tools-for-stm32.12.3.rel1.linux64_1.0.200.202406132123/tools/bin/../lib/gcc/arm-none-eabi/12.3.1/../../../../arm-none-eabi/lib/thumb/v7e-m+fp/hard/libc_nano.a(libc_a-snprintf.o)
                0x0800e1c0                snprintf
                0x0800e1c0                sniprintf
 .text.__sread  0x0800e228       0x22 /opt/st/stm32cubeide_1.16.1/plugins/com.st.stm32cube.ide.mcu.externaltools.gnu-tools-for-stm32.12.3.rel1.linux64_1.0.200.202406132123/tools/bin/../lib/gcc/arm-none-eabi/12.3.1/../../../../arm-none-eabi/lib/thumb/v7e-m+fp/hard/libc_nano.a(libc_a-stdio.o)
                0x0800e228                __sread
 .text.__swrite
                0x0800e24a       0x38 /opt/st/stm32cubeide_1.16.1/plugins/com.st.stm32cube.ide.mcu.externaltools.gnu-tools-for-stm32.12.3.rel1.linux64_1.0.200.202406132123/tools/bin/../lib/gcc/arm-none-eabi/12.3.1/../../../../arm-none-eabi/lib/thumb/v7e-m+fp/hard/libc_nano.a(libc_a-stdio.o)
                0x0800e24a                __swrite
 .text.__sseek  0x0800e282       0x24 /opt/st/stm32cubeide_1.16.1/plugins/com.st.stm32cube.ide.mcu.externaltools.gnu-tools-for-stm32.12.3.rel1.linux64_1.0.200.202406132123/tools/bin/../lib/gcc/arm-none-eabi/12.3.1/../../../../arm-none-eabi/lib/thumb/v7e-m+fp/hard/libc_nano.a(libc_a-stdio.o)
                0x0800e282                __sseek
 .text.__sclose
                0x0800e2a6        0x8 /opt/st/stm32cubeide_1.16.1/plugins/com.st.stm32cube.ide.mcu.externaltools.gnu-tools-for-stm32.12.3.rel1.linux64_1.0.200.202406132123/tools/bin/../lib/gcc/arm-none-eabi/12.3.1/../../../../arm-none-eabi/lib/thumb/v7e-m+fp/hard/libc_nano.a(libc_a-stdio.o)
                0x0800e2a6                __sclose
 .text.memset   0x0800e2ae       0x10 /opt/st/stm32cubeide_1.16.1/plugins/com.st.stm32cube.ide.mcu.externaltools.gnu-tools-for-stm32.12.3.rel1.linux64_1.0.200.202406132123/tools/bin/../lib/gcc/arm-none-eabi/12.3.1/../../../../arm-none-eabi/lib/thumb/v7e-m+fp/hard/libc_nano.a(libc_a-memset.o)
                0x0800e2ae                memset
 *fill*         0x0800e2be        0x2 
 .text._close_r
                0x0800e2c0       0x20 /opt/st/stm32cubeide_1.16.1/plugins/com.st.stm32cube.ide.mcu.externaltools.gnu-tools-for-stm32.12.3.rel1.linux64_1.0.200.202406132123/tools/bin/../lib/gcc/arm-none-eabi/12.3.1/../../../../arm-none-eabi/lib/thumb/v7e-m+fp/hard/libc_nano.a(libc_a-closer.o)
                0x0800e2c0                _close_r
 .text._lseek_r
                0x0800e2e0       0x24 /opt/st/stm32cubeide_1.16.1/plugins/com.st.stm32cube.ide.mcu.externaltools.gnu-tools-for-stm32.12.3.rel1.linux64_1.0.200.202406132123/tools/bin/../lib/gcc/arm-none-eabi/12.3.1/../../../../arm-none-eabi/lib/thumb/v7e-m+fp/hard/libc_nano.a(libc_a-lseekr.o)
                0x0800e2e0                _lseek_r
 .text._read_r  0x0800e304       0x24 /opt/st/stm32cubeide_1.16.1/plugins/com.st.stm32cube.ide.mcu.externaltools.gnu-tools-for-stm32.12.3.rel1.linux64_1.0.200.202406132123/tools/bin/../lib/gcc/arm-none-eabi/12.3.1/../../../../arm-none-eabi/lib/thumb/v7e-m+fp/hard/libc_nano.a(libc_a-readr.o)
                0x0800e304                _read_r
 .text._sbrk_r  0x0800e328       0x20 /opt/st/stm32cubeide_1.16.1/plugins/com.st.stm32cube.ide.mcu.externaltools.gnu-tools-for-stm32.12.3.rel1.linux64_1.0.200.202406132123/tools/bin/../lib/gcc/arm-none-eabi/12.3.1/../../../../arm-none-eabi/lib/thumb/v7e-m+fp/hard/libc_nano.a(libc_a-sbrkr.o)
                0x0800e328                _sbrk_r
 .text._write_r
                0x0800e348       0x24 /opt/st/stm32cubeide_1.16.1/plugins/com.st.stm32cube.ide.mcu.externaltools.gnu-tools-for-stm32.12.3.rel1.linux64_1.0.200.202406132123/tools/bin/../lib/gcc/arm-none-eabi/12.3.1/../../../../arm-none-eabi/lib/thumb/v7e-m+fp/hard/libc_nano.a(libc_a-writer.o)
                0x0800e348                _write_r
 .text.__errno  0x0800e36c        0xc /opt/st/stm32cubeide_1.16.1/plugins/com.st.stm32cube.ide.mcu.externaltools.gnu-tools-for-stm32.12.3.rel1.linux64_1.0.200.202406132123/tools/bin/../lib/gcc/arm-none-eabi/12.3.1/../../../../arm-none-eabi/lib/thumb/v7e-m+fp/hard/libc_nano.a(libc_a-errno.o)
                0x0800e36c                __errno
 .text.__libc_init_array
                0x0800e378       0x48 /opt/st/stm32cubeide_1.16.1/plugins/com.st.stm32cube.ide.mcu.externaltools.gnu-tools-for-stm32.12.3.rel1.linux64_1.0.200.202406132123/tools/bin/../lib/gcc/arm-none-eabi/12.3.1/../../../../arm-none-eabi/lib/thumb/v7e-m+fp/hard/libc_nano.a(libc_a-init.o)
                0x0800e378                __libc_init_array
 .text.__retarget_lock_init_recursive
                0x0800e3c0        0x2 /opt/st/stm32cubeide_1.16.1/plugins/com.st.stm32cube.ide.mcu.externaltools.gnu-tools-for-stm32.12.3.rel1.linux64_1.0.200.202406132123/tools/bin/../lib/gcc/arm-none-eabi/12.3.1/../../../../arm-none-eabi/lib/thumb/v7e-m+fp/hard/libc_nano.a(libc_a-lock.o)
                0x0800e3c0                __retarget_lock_init_recursive
 .text.__retarget_lock_acquire_recursive
                0x0800e3c2        0x2 /opt/st/stm32cubeide_1.16.1/plugins/com.st.stm32cube.ide.mcu.externaltools.gnu-tools-for-stm32.12.3.rel1.linux64_1.0.200.202406132123/tools/bin/../lib/gcc/arm-none-eabi/12.3.1/../../../../arm-none-eabi/lib/thumb/v7e-m+fp/hard/libc_nano.a(libc_a-lock.o)
                0x0800e3c2                __retarget_lock_acquire_recursive
 .text.__retarget_lock_release_recursive
                0x0800e3c4        0x2 /opt/st/stm32cubeide_1.16.1/plugins/com.st.stm32cube.ide.mcu.externaltools.gnu-tools-for-stm32.12.3.rel1.linux64_1.0.200.202406132123/tools/bin/../lib/gcc/arm-none-eabi/12.3.1/../../../../arm-none-eabi/lib/thumb/v7e-m+fp/hard/libc_nano.a(libc_a-lock.o)
                0x0800e3c4                __retarget_lock_release_recursive
 *fill*         0x0800e3c6        0x2 
 .text._free_r  0x0800e3c8       0x94 /opt/st/stm32cubeide_1.16.1/plugins/com.st.stm32cube.ide.mcu.externaltools.gnu-tools-for-stm32.12.3.rel1.linux64_1.0.200.202406132123/tools/bin/../lib/gcc/arm-none-eabi/12.3.1/../../../../arm-none-eabi/lib/thumb/v7e-m+fp/hard/libc_nano.a(libc_a-freer.o)
                0x0800e3c8                _free_r
 .text.__ssputs_r
                0x0800e45c       0xb6 /opt/st/stm32cubeide_1.16.1/plugins/com.st.stm32cube.ide.mcu.externaltools.gnu-tools-for-stm32.12.3.rel1.linux64_1.0.200.202406132123/tools/bin/../lib/gcc/arm-none-eabi/12.3.1/../../../../arm-none-eabi/lib/thumb/v7e-m+fp/hard/libc_nano.a(libc_a-nano-svfprintf.o)
                0x0800e45c                __ssputs_r
 *fill*         0x0800e512        0x2 
 .text._svfprintf_r
                0x0800e514      0x1f8 /opt/st/stm32cubeide_1.16.1/plugins/com.st.stm32cube.ide.mcu.externaltools.gnu-tools-for-stm32.12.3.rel1.linux64_1.0.200.202406132123/tools/bin/../lib/gcc/arm-none-eabi/12.3.1/../../../../arm-none-eabi/lib/thumb/v7e-m+fp/hard/libc_nano.a(libc_a-nano-svfprintf.o)
                0x0800e514                _svfprintf_r
                0x0800e514                _svfiprintf_r
 .text.__sfputc_r
                0x0800e70c       0x2e /opt/st/stm32cubeide_1.16.1/plugins/com.st.stm32cube.ide.mcu.externaltools.gnu-tools-for-stm32.12.3.rel1.linux64_1.0.200.202406132123/tools/bin/../lib/gcc/arm-none-eabi/12.3.1/../../../../arm-none-eabi/lib/thumb/v7e-m+fp/hard/libc_nano.a(libc_a-nano-vfprintf.o)
 .text.__sfputs_r
                0x0800e73a       0x24 /opt/st/stm32cubeide_1.16.1/plugins/com.st.stm32cube.ide.mcu.externaltools.gnu-tools-for-stm32.12.3.rel1.linux64_1.0.200.202406132123/tools/bin/../lib/gcc/arm-none-eabi/12.3.1/../../../../arm-none-eabi/lib/thumb/v7e-m+fp/hard/libc_nano.a(libc_a-nano-vfprintf.o)
                0x0800e73a                __sfputs_r
 *fill*         0x0800e75e        0x2 
 .text._vfprintf_r
                0x0800e760      0x230 /opt/st/stm32cubeide_1.16.1/plugins/com.st.stm32cube.ide.mcu.externaltools.gnu-tools-for-stm32.12.3.rel1.linux64_1.0.200.202406132123/tools/bin/../lib/gcc/arm-none-eabi/12.3.1/../../../../arm-none-eabi/lib/thumb/v7e-m+fp/hard/libc_nano.a(libc_a-nano-vfprintf.o)
                0x0800e760                _vfiprintf_r
                0x0800e760                _vfprintf_r
 .text._printf_common
                0x0800e990       0xda /opt/st/stm32cubeide_1.16.1/plugins/com.st.stm32cube.ide.mcu.externaltools.gnu-tools-for-stm32.12.3.rel1.linux64_1.0.200.202406132123/tools/bin/../lib/gcc/arm-none-eabi/12.3.1/../../../../arm-none-eabi/lib/thumb/v7e-m+fp/hard/libc_nano.a(libc_a-nano-vfprintf_i.o)
                0x0800e990                _printf_common
 *fill*         0x0800ea6a        0x2 
 .text._printf_i
                0x0800ea6c      0x240 /opt/st/stm32cubeide_1.16.1/plugins/com.st.stm32cube.ide.mcu.externaltools.gnu-tools-for-stm32.12.3.rel1.linux64_1.0.200.202406132123/tools/bin/../lib/gcc/arm-none-eabi/12.3.1/../../../../arm-none-eabi/lib/thumb/v7e-m+fp/hard/libc_nano.a(libc_a-nano-vfprintf_i.o)
                0x0800ea6c                _printf_i
 .text.__sflush_r
                0x0800ecac      0x108 /opt/st/stm32cubeide_1.16.1/plugins/com.st.stm32cube.ide.mcu.externaltools.gnu-tools-for-stm32.12.3.rel1.linux64_1.0.200.202406132123/tools/bin/../lib/gcc/arm-none-eabi/12.3.1/../../../../arm-none-eabi/lib/thumb/v7e-m+fp/hard/libc_nano.a(libc_a-fflush.o)
                0x0800ecac                __sflush_r
 .text._fflush_r
                0x0800edb4       0x50 /opt/st/stm32cubeide_1.16.1/plugins/com.st.stm32cube.ide.mcu.externaltools.gnu-tools-for-stm32.12.3.rel1.linux64_1.0.200.202406132123/tools/bin/../lib/gcc/arm-none-eabi/12.3.1/../../../../arm-none-eabi/lib/thumb/v7e-m+fp/hard/libc_nano.a(libc_a-fflush.o)
                0x0800edb4                _fflush_r
 .text.__swbuf_r
                0x0800ee04       0x7c /opt/st/stm32cubeide_1.16.1/plugins/com.st.stm32cube.ide.mcu.externaltools.gnu-tools-for-stm32.12.3.rel1.linux64_1.0.200.202406132123/tools/bin/../lib/gcc/arm-none-eabi/12.3.1/../../../../arm-none-eabi/lib/thumb/v7e-m+fp/hard/libc_nano.a(libc_a-wbuf.o)
                0x0800ee04                __swbuf_r
 .text.__swsetup_r
                0x0800ee80       0xac /opt/st/stm32cubeide_1.16.1/plugins/com.st.stm32cube.ide.mcu.externaltools.gnu-tools-for-stm32.12.3.rel1.linux64_1.0.200.202406132123/tools/bin/../lib/gcc/arm-none-eabi/12.3.1/../../../../arm-none-eabi/lib/thumb/v7e-m+fp/hard/libc_nano.a(libc_a-wsetup.o)
                0x0800ee80                __swsetup_r
 .text.memmove  0x0800ef2c       0x34 /opt/st/stm32cubeide_1.16.1/plugins/com.st.stm32cube.ide.mcu.externaltools.gnu-tools-for-stm32.12.3.rel1.linux64_1.0.200.202406132123/tools/bin/../lib/gcc/arm-none-eabi/12.3.1/../../../../arm-none-eabi/lib/thumb/v7e-m+fp/hard/libc_nano.a(libc_a-memmove.o)
                0x0800ef2c                memmove
 .text.memcpy   0x0800ef60       0x1c /opt/st/stm32cubeide_1.16.1/plugins/com.st.stm32cube.ide.mcu.externaltools.gnu-tools-for-stm32.12.3.rel1.linux64_1.0.200.202406132123/tools/bin/../lib/gcc/arm-none-eabi/12.3.1/../../../../arm-none-eabi/lib/thumb/v7e-m+fp/hard/libc_nano.a(libc_a-memcpy-stub.o)
                0x0800ef60                memcpy
 .text._realloc_r
                0x0800ef7c       0x5c /opt/st/stm32cubeide_1.16.1/plugins/com.st.stm32cube.ide.mcu.externaltools.gnu-tools-for-stm32.12.3.rel1.linux64_1.0.200.202406132123/tools/bin/../lib/gcc/arm-none-eabi/12.3.1/../../../../arm-none-eabi/lib/thumb/v7e-m+fp/hard/libc_nano.a(libc_a-reallocr.o)
                0x0800ef7c                _realloc_r
 .text.__swhatbuf_r
                0x0800efd8       0x4c /opt/st/stm32cubeide_1.16.1/plugins/com.st.stm32cube.ide.mcu.externaltools.gnu-tools-for-stm32.12.3.rel1.linux64_1.0.200.202406132123/tools/bin/../lib/gcc/arm-none-eabi/12.3.1/../../../../arm-none-eabi/lib/thumb/v7e-m+fp/hard/libc_nano.a(libc_a-makebuf.o)
                0x0800efd8                __swhatbuf_r
 .text.__smakebuf_r
                0x0800f024       0x78 /opt/st/stm32cubeide_1.16.1/plugins/com.st.stm32cube.ide.mcu.externaltools.gnu-tools-for-stm32.12.3.rel1.linux64_1.0.200.202406132123/tools/bin/../lib/gcc/arm-none-eabi/12.3.1/../../../../arm-none-eabi/lib/thumb/v7e-m+fp/hard/libc_nano.a(libc_a-makebuf.o)
                0x0800f024                __smakebuf_r
 .text._fstat_r
                0x0800f09c       0x24 /opt/st/stm32cubeide_1.16.1/plugins/com.st.stm32cube.ide.mcu.externaltools.gnu-tools-for-stm32.12.3.rel1.linux64_1.0.200.202406132123/tools/bin/../lib/gcc/arm-none-eabi/12.3.1/../../../../arm-none-eabi/lib/thumb/v7e-m+fp/hard/libc_nano.a(libc_a-fstatr.o)
                0x0800f09c                _fstat_r
 .text._isatty_r
                0x0800f0c0       0x20 /opt/st/stm32cubeide_1.16.1/plugins/com.st.stm32cube.ide.mcu.externaltools.gnu-tools-for-stm32.12.3.rel1.linux64_1.0.200.202406132123/tools/bin/../lib/gcc/arm-none-eabi/12.3.1/../../../../arm-none-eabi/lib/thumb/v7e-m+fp/hard/libc_nano.a(libc_a-isattyr.o)
                0x0800f0c0                _isatty_r
 .text._malloc_usable_size_r
                0x0800f0e0       0x10 /opt/st/stm32cubeide_1.16.1/plugins/com.st.stm32cube.ide.mcu.externaltools.gnu-tools-for-stm32.12.3.rel1.linux64_1.0.200.202406132123/tools/bin/../lib/gcc/arm-none-eabi/12.3.1/../../../../arm-none-eabi/lib/thumb/v7e-m+fp/hard/libc_nano.a(libc_a-msizer.o)
                0x0800f0e0                _malloc_usable_size_r
 *(.glue_7)
 .glue_7        0x0800f0f0        0x0 linker stubs
 *(.glue_7t)
 .glue_7t       0x0800f0f0        0x0 linker stubs
 *(.eh_frame)
 .eh_frame      0x0800f0f0        0x0 /opt/st/stm32cubeide_1.16.1/plugins/com.st.stm32cube.ide.mcu.externaltools.gnu-tools-for-stm32.12.3.rel1.linux64_1.0.200.202406132123/tools/bin/../lib/gcc/arm-none-eabi/12.3.1/thumb/v7e-m+fp/hard/crtbegin.o
 *(.init)
 .init          0x0800f0f0        0x4 /opt/st/stm32cubeide_1.16.1/plugins/com.st.stm32cube.ide.mcu.externaltools.gnu-tools-for-stm32.12.3.rel1.linux64_1.0.200.202406132123/tools/bin/../lib/gcc/arm-none-eabi/12.3.1/thumb/v7e-m+fp/hard/crti.o
                0x0800f0f0                _init
 .init          0x0800f0f4        0x8 /opt/st/stm32cubeide_1.16.1/plugins/com.st.stm32cube.ide.mcu.externaltools.gnu-tools-for-stm32.12.3.rel1.linux64_1.0.200.202406132123/tools/bin/../lib/gcc/arm-none-eabi/12.3.1/thumb/v7e-m+fp/hard/crtn.o
 *(.fini)
 .fini          0x0800f0fc        0x4 /opt/st/stm32cubeide_1.16.1/plugins/com.st.stm32cube.ide.mcu.externaltools.gnu-tools-for-stm32.12.3.rel1.linux64_1.0.200.202406132123/tools/bin/../lib/gcc/arm-none-eabi/12.3.1/thumb/v7e-m+fp/hard/crti.o
                0x0800f0fc                _fini
 .fini          0x0800f100        0x8 /opt/st/stm32cubeide_1.16.1/plugins/com.st.stm32cube.ide.mcu.externaltools.gnu-tools-for-stm32.12.3.rel1.linux64_1.0.200.202406132123/tools/bin/../lib/gcc/arm-none-eabi/12.3.1/thumb/v7e-m+fp/hard/crtn.o
                0x0800f108                        . = ALIGN (0x4)
                0x0800f108                        _etext = .

.vfp11_veneer   0x0800f108        0x0
 .vfp11_veneer  0x0800f108        0x0 linker stubs

.v4_bx          0x0800f108        0x0
 .v4_bx         0x0800f108        0x0 linker stubs

.iplt           0x0800f108        0x0
 .iplt          0x0800f108        0x0 /opt/st/stm32cubeide_1.16.1/plugins/com.st.stm32cube.ide.mcu.externaltools.gnu-tools-for-stm32.12.3.rel1.linux64_1.0.200.202406132123/tools/bin/../lib/gcc/arm-none-eabi/12.3.1/thumb/v7e-m+fp/hard/crtbegin.o

.rodata         0x0800f108       0xdc
                0x0800f108                        . = ALIGN (0x4)
 *(.rodata)
 .rodata        0x0800f108       0x2a ./Core/Src/main.o
 *fill*         0x0800f132        0x2 
 .rodata        0x0800f134       0x46 ./USB_DEVICE/App/usbd_desc.o
 *(.rodata*)
 *fill*         0x0800f17a        0x2 
 .rodata.AHBPrescTable
                0x0800f17c       0x10 ./Core/Src/system_stm32f7xx.o
                0x0800f17c                AHBPrescTable
 .rodata.APBPrescTable
                0x0800f18c        0x8 ./Core/Src/system_stm32f7xx.o
                0x0800f18c                APBPrescTable
 .rodata.flagBitshiftOffset.0
                0x0800f194        0x8 ./Drivers/STM32F7xx_HAL_Driver/Src/stm32f7xx_hal_dma.o
 .rodata.SD_Driver
                0x0800f19c       0x14 ./FATFS/Target/sd_diskio.o
                0x0800f19c                SD_Driver
 .rodata._svfprintf_r.str1.1
                0x0800f1b0       0x11 /opt/st/stm32cubeide_1.16.1/plugins/com.st.stm32cube.ide.mcu.externaltools.gnu-tools-for-stm32.12.3.rel1.linux64_1.0.200.202406132123/tools/bin/../lib/gcc/arm-none-eabi/12.3.1/../../../../arm-none-eabi/lib/thumb/v7e-m+fp/hard/libc_nano.a(libc_a-nano-svfprintf.o)
 .rodata._vfprintf_r.str1.1
                0x0800f1c1       0x11 /opt/st/stm32cubeide_1.16.1/plugins/com.st.stm32cube.ide.mcu.externaltools.gnu-tools-for-stm32.12.3.rel1.linux64_1.0.200.202406132123/tools/bin/../lib/gcc/arm-none-eabi/12.3.1/../../../../arm-none-eabi/lib/thumb/v7e-m+fp/hard/libc_nano.a(libc_a-nano-vfprintf.o)
 .rodata._printf_i.str1.1
                0x0800f1c1       0x22 /opt/st/stm32cubeide_1.16.1/plugins/com.st.stm32cube.ide.mcu.externaltools.gnu-tools-for-stm32.12.3.rel1.linux64_1.0.200.202406132123/tools/bin/../lib/gcc/arm-none-eabi/12.3.1/../../../../arm-none-eabi/lib/thumb/v7e-m+fp/hard/libc_nano.a(libc_a-nano-vfprintf_i.o)
                0x0800f1e4                        . = ALIGN (0x4)
 *fill*         0x0800f1e3        0x1 

.ARM.extab      0x0800f1e4        0x0
                0x0800f1e4                        . = ALIGN (0x4)
 *(.ARM.extab* .gnu.linkonce.armextab.*)
                0x0800f1e4                        . = ALIGN (0x4)

.ARM            0x0800f1e4        0x8
                0x0800f1e4                        . = ALIGN (0x4)
                0x0800f1e4                        __exidx_start = .
 *(.ARM.exidx*)
 .ARM.exidx     0x0800f1e4        0x8 /opt/st/stm32cubeide_1.16.1/plugins/com.st.stm32cube.ide.mcu.externaltools.gnu-tools-for-stm32.12.3.rel1.linux64_1.0.200.202406132123/tools/bin/../lib/gcc/arm-none-eabi/12.3.1/../../../../arm-none-eabi/lib/thumb/v7e-m+fp/hard/libc_nano.a(libc_a-strlen.o)
 .ARM.exidx     0x0800f1ec        0x0 /opt/st/stm32cubeide_1.16.1/plugins/com.st.stm32cube.ide.mcu.externaltools.gnu-tools-for-stm32.12.3.rel1.linux64_1.0.200.202406132123/tools/bin/../lib/gcc/arm-none-eabi/12.3.1/../../../../arm-none-eabi/lib/thumb/v7e-m+fp/hard/libc_nano.a(libc_a-memchr.o)
                                  0x8 (size before relaxing)
 .ARM.exidx     0x0800f1ec        0x0 /opt/st/stm32cubeide_1.16.1/plugins/com.st.stm32cube.ide.mcu.externaltools.gnu-tools-for-stm32.12.3.rel1.linux64_1.0.200.202406132123/tools/bin/../lib/gcc/arm-none-eabi/12.3.1/thumb/v7e-m+fp/hard/libgcc.a(_udivmoddi4.o)
                                  0x8 (size before relaxing)
                0x0800f1ec                        __exidx_end = .
                0x0800f1ec                        . = ALIGN (0x4)

.preinit_array  0x0800f1ec        0x0
                0x0800f1ec                        . = ALIGN (0x4)
                0x0800f1ec                        PROVIDE (__preinit_array_start = .)
 *(.preinit_array*)
                0x0800f1ec                        PROVIDE (__preinit_array_end = .)
                0x0800f1ec                        . = ALIGN (0x4)

.init_array     0x0800f1ec        0x4
                0x0800f1ec                        . = ALIGN (0x4)
                0x0800f1ec                        PROVIDE (__init_array_start = .)
 *(SORT_BY_NAME(.init_array.*))
 *(.init_array*)
 .init_array    0x0800f1ec        0x4 /opt/st/stm32cubeide_1.16.1/plugins/com.st.stm32cube.ide.mcu.externaltools.gnu-tools-for-stm32.12.3.rel1.linux64_1.0.200.202406132123/tools/bin/../lib/gcc/arm-none-eabi/12.3.1/thumb/v7e-m+fp/hard/crtbegin.o
                0x0800f1f0                        PROVIDE (__init_array_end = .)
                0x0800f1f0                        . = ALIGN (0x4)

.fini_array     0x0800f1f0        0x4
                0x0800f1f0                        . = ALIGN (0x4)
                [!provide]                        PROVIDE (__fini_array_start = .)
 *(SORT_BY_NAME(.fini_array.*))
 *(.fini_array*)
 .fini_array    0x0800f1f0        0x4 /opt/st/stm32cubeide_1.16.1/plugins/com.st.stm32cube.ide.mcu.externaltools.gnu-tools-for-stm32.12.3.rel1.linux64_1.0.200.202406132123/tools/bin/../lib/gcc/arm-none-eabi/12.3.1/thumb/v7e-m+fp/hard/crtbegin.o