Archive member included to satisfy reference by file (symbol)

/opt/st/stm32cubeide_1.16.1/plugins/com.st.stm32cube.ide.mcu.externaltools.gnu-tools-for-stm32.12.3.rel1.linux64_1.0.200.202406132123/tools/bin/../lib/gcc/arm-none-eabi/12.3.1/../../../../arm-none-eabi/lib/thumb/v7e-m+fp/hard/libc_nano.a(libc_a-exit.o)
                              /opt/st/stm32cubeide_1.16.1/plugins/com.st.stm32cube.ide.mcu.externaltools.gnu-tools-for-stm32.12.3.rel1.linux64_1.0.200.202406132123/tools/bin/../lib/gcc/arm-none-eabi/12.3.1/../../../../arm-none-eabi/lib/thumb/v7e-m+fp/hard/crt0.o (exit)
/opt/st/stm32cubeide_1.16.1/plugins/com.st.stm32cube.ide.mcu.externaltools.gnu-tools-for-stm32.12.3.rel1.linux64_1.0.200.202406132123/tools/bin/../lib/gcc/arm-none-eabi/12.3.1/../../../../arm-none-eabi/lib/thumb/v7e-m+fp/hard/libc_nano.a(libc_a-malloc.o)
                              ./Middlewares/ST/STM32_USB_Device_Library/Class/CDC/Src/usbd_cdc.o (malloc)
/opt/st/stm32cubeide_1.16.1/plugins/com.st.stm32cube.ide.mcu.externaltools.gnu-tools-for-stm32.12.3.rel1.linux64_1.0.200.202406132123/tools/bin/../lib/gcc/arm-none-eabi/12.3.1/../../../../arm-none-eabi/lib/thumb/v7e-m+fp/hard/libc_nano.a(libc_a-mallocr.o)
                              /opt/st/stm32cubeide_1.16.1/plugins/com.st.stm32cube.ide.mcu.externaltools.gnu-tools-for-stm32.12.3.rel1.linux64_1.0.200.202406132123/tools/bin/../lib/gcc/arm-none-eabi/12.3.1/../../../../arm-none-eabi/lib/thumb/v7e-m+fp/hard/libc_nano.a(libc_a-malloc.o) (_malloc_r)
/opt/st/stm32cubeide_1.16.1/plugins/com.st.stm32cube.ide.mcu.externaltools.gnu-tools-for-stm32.12.3.rel1.linux64_1.0.200.202406132123/tools/bin/../lib/gcc/arm-none-eabi/12.3.1/../../../../arm-none-eabi/lib/thumb/v7e-m+fp/hard/libc_nano.a(libc_a-mlock.o)
                              /opt/st/stm32cubeide_1.16.1/plugins/com.st.stm32cube.ide.mcu.externaltools.gnu-tools-for-stm32.12.3.rel1.linux64_1.0.200.202406132123/tools/bin/../lib/gcc/arm-none-eabi/12.3.1/../../../../arm-none-eabi/lib/thumb/v7e-m+fp/hard/libc_nano.a(libc_a-mallocr.o) (__malloc_lock)
/opt/st/stm32cubeide_1.16.1/plugins/com.st.stm32cube.ide.mcu.externaltools.gnu-tools-for-stm32.12.3.rel1.linux64_1.0.200.202406132123/tools/bin/../lib/gcc/arm-none-eabi/12.3.1/../../../../arm-none-eabi/lib/thumb/v7e-m+fp/hard/libc_nano.a(libc_a-findfp.o)
                              /opt/st/stm32cubeide_1.16.1/plugins/com.st.stm32cube.ide.mcu.externaltools.gnu-tools-for-stm32.12.3.rel1.linux64_1.0.200.202406132123/tools/bin/../lib/gcc/arm-none-eabi/12.3.1/../../../../arm-none-eabi/lib/thumb/v7e-m+fp/hard/libc_nano.a(libc_a-exit.o) (__stdio_exit_handler)
/opt/st/stm32cubeide_1.16.1/plugins/com.st.stm32cube.ide.mcu.externaltools.gnu-tools-for-stm32.12.3.rel1.linux64_1.0.200.202406132123/tools/bin/../lib/gcc/arm-none-eabi/12.3.1/../../../../arm-none-eabi/lib/thumb/v7e-m+fp/hard/libc_nano.a(libc_a-fwalk.o)
                              /opt/st/stm32cubeide_1.16.1/plugins/com.st.stm32cube.ide.mcu.externaltools.gnu-tools-for-stm32.12.3.rel1.linux64_1.0.200.202406132123/tools/bin/../lib/gcc/arm-none-eabi/12.3.1/../../../../arm-none-eabi/lib/thumb/v7e-m+fp/hard/libc_nano.a(libc_a-findfp.o) (_fwalk_sglue)
/opt/st/stm32cubeide_1.16.1/plugins/com.st.stm32cube.ide.mcu.externaltools.gnu-tools-for-stm32.12.3.rel1.linux64_1.0.200.202406132123/tools/bin/../lib/gcc/arm-none-eabi/12.3.1/../../../../arm-none-eabi/lib/thumb/v7e-m+fp/hard/libc_nano.a(libc_a-stdio.o)
                              /opt/st/stm32cubeide_1.16.1/plugins/com.st.stm32cube.ide.mcu.externaltools.gnu-tools-for-stm32.12.3.rel1.linux64_1.0.200.202406132123/tools/bin/../lib/gcc/arm-none-eabi/12.3.1/../../../../arm-none-eabi/lib/thumb/v7e-m+fp/hard/libc_nano.a(libc_a-findfp.o) (__sread)
/opt/st/stm32cubeide_1.16.1/plugins/com.st.stm32cube.ide.mcu.externaltools.gnu-tools-for-stm32.12.3.rel1.linux64_1.0.200.202406132123/tools/bin/../lib/gcc/arm-none-eabi/12.3.1/../../../../arm-none-eabi/lib/thumb/v7e-m+fp/hard/libc_nano.a(libc_a-memset.o)
                              /opt/st/stm32cubeide_1.16.1/plugins/com.st.stm32cube.ide.mcu.externaltools.gnu-tools-for-stm32.12.3.rel1.linux64_1.0.200.202406132123/tools/bin/../lib/gcc/arm-none-eabi/12.3.1/../../../../arm-none-eabi/lib/thumb/v7e-m+fp/hard/crt0.o (memset)
/opt/st/stm32cubeide_1.16.1/plugins/com.st.stm32cube.ide.mcu.externaltools.gnu-tools-for-stm32.12.3.rel1.linux64_1.0.200.202406132123/tools/bin/../lib/gcc/arm-none-eabi/12.3.1/../../../../arm-none-eabi/lib/thumb/v7e-m+fp/hard/libc_nano.a(libc_a-closer.o)
                              /opt/st/stm32cubeide_1.16.1/plugins/com.st.stm32cube.ide.mcu.externaltools.gnu-tools-for-stm32.12.3.rel1.linux64_1.0.200.202406132123/tools/bin/../lib/gcc/arm-none-eabi/12.3.1/../../../../arm-none-eabi/lib/thumb/v7e-m+fp/hard/libc_nano.a(libc_a-stdio.o) (_close_r)
[...]
Memory Configuration

Name             Origin             Length             Attributes
RAM              0x20000000         0x00040000         xrw
FLASH            0x08000000         0x00080000         xr
*default*        0x00000000         0xffffffff

Linker script and memory map

LOAD /opt/st/stm32cubeide_1.16.1/plugins/com.st.stm32cube.ide.mcu.externaltools.gnu-tools-for-stm32.12.3.rel1.linux64_1.0.200.202406132123/tools/bin/../lib/gcc/arm-none-eabi/12.3.1/thumb/v7e-m+fp/hard/crti.o
LOAD /opt/st/stm32cubeide_1.16.1/plugins/com.st.stm32cube.ide.mcu.externaltools.gnu-tools-for-stm32.12.3.rel1.linux64_1.0.200.202406132123/tools/bin/../lib/gcc/arm-none-eabi/12.3.1/thumb/v7e-m+fp/hard/crtbegin.o
LOAD /opt/st/stm32cubeide_1.16.1/plugins/com.st.stm32cube.ide.mcu.externaltools.gnu-tools-for-stm32.12.3.rel1.linux64_1.0.200.202406132123/tools/bin/../lib/gcc/arm-none-eabi/12.3.1/../../../../arm-none-eabi/lib/thumb/v7e-m+fp/hard/crt0.o
LOAD ./Core/Src/crossfire.o
LOAD ./Core/Src/main.o
LOAD ./Core/Src/stm32f7xx_hal_msp.o
LOAD ./Core/Src/stm32f7xx_it.o
LOAD ./Core/Src/syscalls.o
LOAD ./Core/Src/sysmem.o
LOAD ./Core/Src/system_stm32f7xx.o
LOAD ./Core/Startup/startup_stm32f722retx.o
LOAD ./Drivers/STM32F7xx_HAL_Driver/Src/stm32f7xx_hal.o
LOAD ./Drivers/STM32F7xx_HAL_Driver/Src/stm32f7xx_hal_adc.o
LOAD ./Drivers/STM32F7xx_HAL_Driver/Src/stm32f7xx_hal_adc_ex.o
LOAD ./Drivers/STM32F7xx_HAL_Driver/Src/stm32f7xx_hal_cortex.o
LOAD ./Drivers/STM32F7xx_HAL_Driver/Src/stm32f7xx_hal_dma.o
LOAD ./Drivers/STM32F7xx_HAL_Driver/Src/stm32f7xx_hal_dma_ex.o
LOAD ./Drivers/STM32F7xx_HAL_Driver/Src/stm32f7xx_hal_exti.o
LOAD ./Drivers/STM32F7xx_HAL_Driver/Src/stm32f7xx_hal_flash.o
LOAD ./Drivers/STM32F7xx_HAL_Driver/Src/stm32f7xx_hal_flash_ex.o
LOAD ./Drivers/STM32F7xx_HAL_Driver/Src/stm32f7xx_hal_gpio.o
LOAD ./Drivers/STM32F7xx_HAL_Driver/Src/stm32f7xx_hal_i2c.o
LOAD ./Drivers/STM32F7xx_HAL_Driver/Src/stm32f7xx_hal_i2c_ex.o
LOAD ./Drivers/STM32F7xx_HAL_Driver/Src/stm32f7xx_hal_pcd.o
LOAD ./Drivers/STM32F7xx_HAL_Driver/Src/stm32f7xx_hal_pcd_ex.o
LOAD ./Drivers/STM32F7xx_HAL_Driver/Src/stm32f7xx_hal_pwr.o
LOAD ./Drivers/STM32F7xx_HAL_Driver/Src/stm32f7xx_hal_pwr_ex.o
LOAD ./Drivers/STM32F7xx_HAL_Driver/Src/stm32f7xx_hal_rcc.o
LOAD ./Drivers/STM32F7xx_HAL_Driver/Src/stm32f7xx_hal_rcc_ex.o
LOAD ./Drivers/STM32F7xx_HAL_Driver/Src/stm32f7xx_hal_sd.o
LOAD ./Drivers/STM32F7xx_HAL_Driver/Src/stm32f7xx_hal_spi.o
LOAD ./Drivers/STM32F7xx_HAL_Driver/Src/stm32f7xx_hal_spi_ex.o
LOAD ./Drivers/STM32F7xx_HAL_Driver/Src/stm32f7xx_hal_tim.o
LOAD ./Drivers/STM32F7xx_HAL_Driver/Src/stm32f7xx_hal_tim_ex.o
LOAD ./Drivers/STM32F7xx_HAL_Driver/Src/stm32f7xx_hal_uart.o
LOAD ./Drivers/STM32F7xx_HAL_Driver/Src/stm32f7xx_hal_uart_ex.o
LOAD ./Drivers/STM32F7xx_HAL_Driver/Src/stm32f7xx_ll_sdmmc.o
LOAD ./Drivers/STM32F7xx_HAL_Driver/Src/stm32f7xx_ll_usb.o
LOAD ./FATFS/App/fatfs.o
LOAD ./FATFS/Target/bsp_driver_sd.o
LOAD ./FATFS/Target/fatfs_platform.o
LOAD ./FATFS/Target/sd_diskio.o
LOAD ./Middlewares/ST/STM32_USB_Device_Library/Class/CDC/Src/usbd_cdc.o
LOAD ./Middlewares/ST/STM32_USB_Device_Library/Core/Src/usbd_core.o
LOAD ./Middlewares/ST/STM32_USB_Device_Library/Core/Src/usbd_ctlreq.o
LOAD ./Middlewares/ST/STM32_USB_Device_Library/Core/Src/usbd_ioreq.o
LOAD ./Middlewares/Third_Party/FatFs/src/diskio.o
LOAD ./Middlewares/Third_Party/FatFs/src/ff.o
LOAD ./Middlewares/Third_Party/FatFs/src/ff_gen_drv.o
LOAD ./Middlewares/Third_Party/FatFs/src/option/syscall.o
LOAD ./USB_DEVICE/App/usb_device.o
LOAD ./USB_DEVICE/App/usbd_cdc_if.o
LOAD ./USB_DEVICE/App/usbd_desc.o
LOAD ./USB_DEVICE/Target/usbd_conf.o
START GROUP
LOAD /opt/st/stm32cubeide_1.16.1/plugins/com.st.stm32cube.ide.mcu.externaltools.gnu-tools-for-stm32.12.3.rel1.linux64_1.0.200.202406132123/tools/bin/../lib/gcc/arm-none-eabi/12.3.1/../../../../arm-none-eabi/lib/thumb/v7e-m+fp/hard/libc_nano.a
LOAD /opt/st/stm32cubeide_1.16.1/plugins/com.st.stm32cube.ide.mcu.externaltools.gnu-tools-for-stm32.12.3.rel1.linux64_1.0.200.202406132123/tools/bin/../lib/gcc/arm-none-eabi/12.3.1/../../../../arm-none-eabi/lib/thumb/v7e-m+fp/hard/libm.a
END GROUP
START GROUP
LOAD /opt/st/stm32cubeide_1.16.1/plugins/com.st.stm32cube.ide.mcu.externaltools.gnu-tools-for-stm32.12.3.rel1.linux64_1.0.200.202406132123/tools/bin/../lib/gcc/arm-none-eabi/12.3.1/thumb/v7e-m+fp/hard/libgcc.a
LOAD /opt/st/stm32cubeide_1.16.1/plugins/com.st.stm32cube.ide.mcu.externaltools.gnu-tools-for-stm32.12.3.rel1.linux64_1.0.200.202406132123/tools/bin/../lib/gcc/arm-none-eabi/12.3.1/../../../../arm-none-eabi/lib/thumb/v7e-m+fp/hard/libc_nano.a
END GROUP
START GROUP
LOAD /opt/st/stm32cubeide_1.16.1/plugins/com.st.stm32cube.ide.mcu.externaltools.gnu-tools-for-stm32.12.3.rel1.linux64_1.0.200.202406132123/tools/bin/../lib/gcc/arm-none-eabi/12.3.1/thumb/v7e-m+fp/hard/libgcc.a
LOAD /opt/st/stm32cubeide_1.16.1/plugins/com.st.stm32cube.ide.mcu.externaltools.gnu-tools-for-stm32.12.3.rel1.linux64_1.0.200.202406132123/tools/bin/../lib/gcc/arm-none-eabi/12.3.1/../../../../arm-none-eabi/lib/thumb/v7e-m+fp/hard/libc_nano.a
LOAD /opt/st/stm32cubeide_1.16.1/plugins/com.st.stm32cube.ide.mcu.externaltools.gnu-tools-for-stm32.12.3.rel1.linux64_1.0.200.202406132123/tools/bin/../lib/gcc/arm-none-eabi/12.3.1/../../../../arm-none-eabi/lib/thumb/v7e-m+fp/hard/libnosys.a
END GROUP
START GROUP
LOAD /opt/st/stm32cubeide_1.16.1/plugins/com.st.stm32cube.ide.mcu.externaltools.gnu-tools-for-stm32.12.3.rel1.linux64_1.0.200.202406132123/tools/bin/../lib/gcc/arm-none-eabi/12.3.1/thumb/v7e-m+fp/hard/libgcc.a
LOAD /opt/st/stm32cubeide_1.16.1/plugins/com.st.stm32cube.ide.mcu.externaltools.gnu-tools-for-stm32.12.3.rel1.linux64_1.0.200.202406132123/tools/bin/../lib/gcc/arm-none-eabi/12.3.1/../../../../arm-none-eabi/lib/thumb/v7e-m+fp/hard/libc_nano.a
LOAD /opt/st/stm32cubeide_1.16.1/plugins/com.st.stm32cube.ide.mcu.externaltools.gnu-tools-for-stm32.12.3.rel1.linux64_1.0.200.202406132123/tools/bin/../lib/gcc/arm-none-eabi/12.3.1/../../../../arm-none-eabi/lib/thumb/v7e-m+fp/hard/libnosys.a
END GROUP
LOAD /opt/st/stm32cubeide_1.16.1/plugins/com.st.stm32cube.ide.mcu.externaltools.gnu-tools-for-stm32.12.3.rel1.linux64_1.0.200.202406132123/tools/bin/../lib/gcc/arm-none-eabi/12.3.1/thumb/v7e-m+fp/hard/crtend.o
LOAD /opt/st/stm32cubeide_1.16.1/plugins/com.st.stm32cube.ide.mcu.externaltools.gnu-tools-for-stm32.12.3.rel1.linux64_1.0.200.202406132123/tools/bin/../lib/gcc/arm-none-eabi/12.3.1/thumb/v7e-m+fp/hard/crtn.o
                0x20040000                        _estack = (ORIGIN (RAM) + LENGTH (RAM))
                0x00000200                        _Min_Heap_Size = 0x200
                0x00000400                        _Min_Stack_Size = 0x400

.isr_vector     0x08000000      0x1e0
                0x08000000                        . = ALIGN (0x4)
 *(.isr_vector)
 .isr_vector    0x08000000      0x1e0 ./Core/Startup/startup_stm32f722retx.o
                0x08000000                g_pfnVectors
                0x080001e0                        . = ALIGN (0x4)

.text           0x080001e0     0xcd14
                0x080001e0                        . = ALIGN (0x4)
 *(.text)
 .text          0x080001e0       0x40 /opt/st/stm32cubeide_1.16.1/plugins/com.st.stm32cube.ide.mcu.externaltools.gnu-tools-for-stm32.12.3.rel1.linux64_1.0.200.202406132123/tools/bin/../lib/gcc/arm-none-eabi/12.3.1/thumb/v7e-m+fp/hard/crtbegin.o
 .text          0x08000220       0x30 /opt/st/stm32cubeide_1.16.1/plugins/com.st.stm32cube.ide.mcu.externaltools.gnu-tools-for-stm32.12.3.rel1.linux64_1.0.200.202406132123/tools/bin/../lib/gcc/arm-none-eabi/12.3.1/thumb/v7e-m+fp/hard/libgcc.a(_aeabi_uldivmod.o)
                0x08000220                __aeabi_uldivmod
 .text          0x08000250      0x2bc /opt/st/stm32cubeide_1.16.1/plugins/com.st.stm32cube.ide.mcu.externaltools.gnu-tools-for-stm32.12.3.rel1.linux64_1.0.200.202406132123/tools/bin/../lib/gcc/arm-none-eabi/12.3.1/thumb/v7e-m+fp/hard/libgcc.a(_udivmoddi4.o)
                0x08000250                __udivmoddi4
 .text          0x0800050c        0x4 /opt/st/stm32cubeide_1.16.1/plugins/com.st.stm32cube.ide.mcu.externaltools.gnu-tools-for-stm32.12.3.rel1.linux64_1.0.200.202406132123/tools/bin/../lib/gcc/arm-none-eabi/12.3.1/thumb/v7e-m+fp/hard/libgcc.a(_dvmd_tls.o)
                0x0800050c                __aeabi_ldiv0
                0x0800050c                __aeabi_idiv0
 *(.text*)
 .text.main     0x08000510       0x58 ./Core/Src/main.o
                0x08000510                main
 .text.SystemClock_Config
                0x08000568       0xdc ./Core/Src/main.o
                0x08000568                SystemClock_Config
 .text.MX_ADC1_Init
                0x08000644       0xa4 ./Core/Src/main.o
 .text.MX_I2C1_Init
                0x080006e8       0x80 ./Core/Src/main.o
 .text.MX_SDMMC1_SD_Init
                0x08000768       0x44 ./Core/Src/main.o
 .text.MX_SPI1_Init
                0x080007ac       0x7c ./Core/Src/main.o
 .text.MX_SPI2_Init
                0x08000828       0x7c ./Core/Src/main.o
 .text.MX_TIM1_Init
                0x080008a4      0x120 ./Core/Src/main.o
 .text.MX_TIM6_Init
                0x080009c4       0x6c ./Core/Src/main.o
 .text.MX_UART4_Init
                0x08000a30       0x60 ./Core/Src/main.o
 .text.MX_USART1_UART_Init
                0x08000a90       0x60 ./Core/Src/main.o
 .text.MX_USART2_UART_Init
                0x08000af0       0x60 ./Core/Src/main.o
 .text.MX_USART3_UART_Init
                0x08000b50       0x60 ./Core/Src/main.o
 .text.MX_USART6_UART_Init
                0x08000bb0       0x60 ./Core/Src/main.o
 .text.MX_DMA_Init
                0x08000c10       0x3c ./Core/Src/main.o
 .text.MX_GPIO_Init
                0x08000c4c      0x1a4 ./Core/Src/main.o
 .text.MPU_Config
                0x08000df0       0x58 ./Core/Src/main.o
 .text.Error_Handler
                0x08000e48        0xc ./Core/Src/main.o
                0x08000e48                Error_Handler
 .text.HAL_MspInit
                0x08000e54       0x48 ./Core/Src/stm32f7xx_hal_msp.o
                0x08000e54                HAL_MspInit
 .text.HAL_ADC_MspInit
                0x08000e9c       0x80 ./Core/Src/stm32f7xx_hal_msp.o
                0x08000e9c                HAL_ADC_MspInit
 .text.HAL_I2C_MspInit
                0x08000f1c       0xbc ./Core/Src/stm32f7xx_hal_msp.o
                0x08000f1c                HAL_I2C_MspInit
 .text.HAL_SD_MspInit
                0x08000fd8      0x10c ./Core/Src/stm32f7xx_hal_msp.o
                0x08000fd8                HAL_SD_MspInit
 .text.HAL_SPI_MspInit
                0x080010e4      0x128 ./Core/Src/stm32f7xx_hal_msp.o
                0x080010e4                HAL_SPI_MspInit
 .text.HAL_TIM_PWM_MspInit
                0x0800120c       0xa8 ./Core/Src/stm32f7xx_hal_msp.o
                0x0800120c                HAL_TIM_PWM_MspInit
 .text.HAL_TIM_Base_MspInit
                0x080012b4       0x40 ./Core/Src/stm32f7xx_hal_msp.o
                0x080012b4                HAL_TIM_Base_MspInit
 .text.HAL_TIM_MspPostInit
                0x080012f4       0x70 ./Core/Src/stm32f7xx_hal_msp.o
                0x080012f4                HAL_TIM_MspPostInit
 .text.HAL_UART_MspInit
                0x08001364      0x2e8 ./Core/Src/stm32f7xx_hal_msp.o
                0x08001364                HAL_UART_MspInit
 .text.NMI_Handler
                0x0800164c        0xc ./Core/Src/stm32f7xx_it.o
                0x0800164c                NMI_Handler
 .text.HardFault_Handler
                0x08001658        0x8 ./Core/Src/stm32f7xx_it.o
                0x08001658                HardFault_Handler
 .text.MemManage_Handler
                0x08001660        0x8 ./Core/Src/stm32f7xx_it.o
                0x08001660                MemManage_Handler
 .text.BusFault_Handler
                0x08001668        0x8 ./Core/Src/stm32f7xx_it.o
                0x08001668                BusFault_Handler
 .text.UsageFault_Handler
                0x08001670        0x8 ./Core/Src/stm32f7xx_it.o
                0x08001670                UsageFault_Handler
 .text.SVC_Handler
                0x08001678        0xe ./Core/Src/stm32f7xx_it.o
                0x08001678                SVC_Handler
 .text.DebugMon_Handler
                0x08001686        0xe ./Core/Src/stm32f7xx_it.o
                0x08001686                DebugMon_Handler
 .text.PendSV_Handler
                0x08001694        0xe ./Core/Src/stm32f7xx_it.o
                0x08001694                PendSV_Handler
 .text.SysTick_Handler
                0x080016a2        0xc ./Core/Src/stm32f7xx_it.o
                0x080016a2                SysTick_Handler
 *fill*         0x080016ae        0x2 
 .text.DMA2_Stream1_IRQHandler
                0x080016b0       0x14 ./Core/Src/stm32f7xx_it.o
                0x080016b0                DMA2_Stream1_IRQHandler
 .text.OTG_FS_IRQHandler
                0x080016c4       0x14 ./Core/Src/stm32f7xx_it.o
                0x080016c4                OTG_FS_IRQHandler
 .text._sbrk    0x080016d8       0x6c ./Core/Src/sysmem.o
                0x080016d8                _sbrk
 .text.SystemInit
                0x08001744       0x24 ./Core/Src/system_stm32f7xx.o
                0x08001744                SystemInit
 .text.Reset_Handler
                0x08001768       0x50 ./Core/Startup/startup_stm32f722retx.o
                0x08001768                Reset_Handler
 .text.Default_Handler
                0x080017b8        0x2 ./Core/Startup/startup_stm32f722retx.o
                0x080017b8                RTC_Alarm_IRQHandler
                0x080017b8                EXTI2_IRQHandler
                0x080017b8                TIM8_CC_IRQHandler
                0x080017b8                UART8_IRQHandler
                0x080017b8                SPI4_IRQHandler
                0x080017b8                TIM1_CC_IRQHandler
                0x080017b8                DMA2_Stream5_IRQHandler
                0x080017b8                DMA1_Stream5_IRQHandler
                0x080017b8                PVD_IRQHandler
                0x080017b8                TAMP_STAMP_IRQHandler
                0x080017b8                EXTI3_IRQHandler
                0x080017b8                TIM8_TRG_COM_TIM14_IRQHandler
                0x080017b8                TIM1_UP_TIM10_IRQHandler
                0x080017b8                TIM8_UP_TIM13_IRQHandler
                0x080017b8                I2C3_ER_IRQHandler
                0x080017b8                EXTI0_IRQHandler
                0x080017b8                I2C2_EV_IRQHandler
                0x080017b8                DMA1_Stream2_IRQHandler
                0x080017b8                CAN1_RX0_IRQHandler
                0x080017b8                FPU_IRQHandler
                0x080017b8                OTG_HS_WKUP_IRQHandler
                0x080017b8                DMA2_Stream2_IRQHandler
                0x080017b8                SPI1_IRQHandler
                0x080017b8                TIM6_DAC_IRQHandler
                0x080017b8                TIM1_BRK_TIM9_IRQHandler
                0x080017b8                DMA2_Stream3_IRQHandler
                0x080017b8                SAI2_IRQHandler
                0x080017b8                USART6_IRQHandler
                0x080017b8                USART3_IRQHandler
                0x080017b8                CAN1_RX1_IRQHandler
                0x080017b8                UART5_IRQHandler
                0x080017b8                DMA2_Stream0_IRQHandler
                0x080017b8                TIM4_IRQHandler
                0x080017b8                QUADSPI_IRQHandler
                0x080017b8                I2C1_EV_IRQHandler
                0x080017b8                DMA1_Stream6_IRQHandler
                0x080017b8                DMA1_Stream1_IRQHandler
                0x080017b8                UART4_IRQHandler
                0x080017b8                TIM3_IRQHandler
                0x080017b8                RCC_IRQHandler
                0x080017b8                TIM8_BRK_TIM12_IRQHandler
                0x080017b8                Default_Handler
                0x080017b8                EXTI15_10_IRQHandler
                0x080017b8                ADC_IRQHandler
                0x080017b8                DMA1_Stream7_IRQHandler
                0x080017b8                SPI5_IRQHandler
                0x080017b8                TIM7_IRQHandler
                0x080017b8                SDMMC1_IRQHandler
                0x080017b8                TIM5_IRQHandler
                0x080017b8                DMA2_Stream7_IRQHandler
                0x080017b8                I2C3_EV_IRQHandler
                0x080017b8                EXTI9_5_IRQHandler
                0x080017b8                RTC_WKUP_IRQHandler
                0x080017b8                SPI2_IRQHandler
                0x080017b8                OTG_HS_EP1_IN_IRQHandler
                0x080017b8                DMA1_Stream0_IRQHandler
                0x080017b8                CAN1_TX_IRQHandler
                0x080017b8                EXTI4_IRQHandler
                0x080017b8                RNG_IRQHandler
                0x080017b8                OTG_HS_EP1_OUT_IRQHandler
                0x080017b8                WWDG_IRQHandler
                0x080017b8                TIM2_IRQHandler
                0x080017b8                OTG_FS_WKUP_IRQHandler
                0x080017b8                TIM1_TRG_COM_TIM11_IRQHandler
                0x080017b8                OTG_HS_IRQHandler
                0x080017b8                EXTI1_IRQHandler
                0x080017b8                SDMMC2_IRQHandler
                0x080017b8                UART7_IRQHandler
                0x080017b8                USART2_IRQHandler
                0x080017b8                I2C2_ER_IRQHandler
                0x080017b8                CAN1_SCE_IRQHandler
                0x080017b8                FLASH_IRQHandler
                0x080017b8                DMA2_Stream4_IRQHandler
                0x080017b8                USART1_IRQHandler
                0x080017b8                SPI3_IRQHandler
                0x080017b8                DMA1_Stream4_IRQHandler
                0x080017b8                I2C1_ER_IRQHandler
                0x080017b8                FMC_IRQHandler
                0x080017b8                LPTIM1_IRQHandler
                0x080017b8                DMA2_Stream6_IRQHandler
                0x080017b8                SAI1_IRQHandler
                0x080017b8                DMA1_Stream3_IRQHandler
 .text.HAL_Init
                0x080017ba       0x1a ./Drivers/STM32F7xx_HAL_Driver/Src/stm32f7xx_hal.o
                0x080017ba                HAL_Init
 .text.HAL_InitTick
                0x080017d4       0x60 ./Drivers/STM32F7xx_HAL_Driver/Src/stm32f7xx_hal.o
                0x080017d4                HAL_InitTick
 .text.HAL_IncTick
                0x08001834       0x28 ./Drivers/STM32F7xx_HAL_Driver/Src/stm32f7xx_hal.o
                0x08001834                HAL_IncTick
 .text.HAL_GetTick
                0x0800185c       0x18 ./Drivers/STM32F7xx_HAL_Driver/Src/stm32f7xx_hal.o
                0x0800185c                HAL_GetTick
 .text.HAL_Delay
                0x08001874       0x48 ./Drivers/STM32F7xx_HAL_Driver/Src/stm32f7xx_hal.o
                0x08001874                HAL_Delay
 .text.HAL_ADC_Init
                0x080018bc       0x88 ./Drivers/STM32F7xx_HAL_Driver/Src/stm32f7xx_hal_adc.o
                0x080018bc                HAL_ADC_Init
 .text.HAL_ADC_ConfigChannel
                0x08001944      0x2ac ./Drivers/STM32F7xx_HAL_Driver/Src/stm32f7xx_hal_adc.o
                0x08001944                HAL_ADC_ConfigChannel
 .text.ADC_Init
                0x08001bf0      0x1f4 ./Drivers/STM32F7xx_HAL_Driver/Src/stm32f7xx_hal_adc.o
 .text.__NVIC_SetPriorityGrouping
                0x08001de4       0x48 ./Drivers/STM32F7xx_HAL_Driver/Src/stm32f7xx_hal_cortex.o
 .text.__NVIC_GetPriorityGrouping
                0x08001e2c       0x1c ./Drivers/STM32F7xx_HAL_Driver/Src/stm32f7xx_hal_cortex.o
 .text.__NVIC_EnableIRQ
                0x08001e48       0x3c ./Drivers/STM32F7xx_HAL_Driver/Src/stm32f7xx_hal_cortex.o
 .text.__NVIC_SetPriority
                0x08001e84       0x54 ./Drivers/STM32F7xx_HAL_Driver/Src/stm32f7xx_hal_cortex.o
 .text.NVIC_EncodePriority
                0x08001ed8       0x66 ./Drivers/STM32F7xx_HAL_Driver/Src/stm32f7xx_hal_cortex.o
 *fill*         0x08001f3e        0x2 
 .text.SysTick_Config
                0x08001f40       0x44 ./Drivers/STM32F7xx_HAL_Driver/Src/stm32f7xx_hal_cortex.o
 .text.HAL_NVIC_SetPriorityGrouping
                0x08001f84       0x16 ./Drivers/STM32F7xx_HAL_Driver/Src/stm32f7xx_hal_cortex.o
                0x08001f84                HAL_NVIC_SetPriorityGrouping
 .text.HAL_NVIC_SetPriority
                0x08001f9a       0x38 ./Drivers/STM32F7xx_HAL_Driver/Src/stm32f7xx_hal_cortex.o
                0x08001f9a                HAL_NVIC_SetPriority
 .text.HAL_NVIC_EnableIRQ
                0x08001fd2       0x1c ./Drivers/STM32F7xx_HAL_Driver/Src/stm32f7xx_hal_cortex.o
                0x08001fd2                HAL_NVIC_EnableIRQ
 .text.HAL_SYSTICK_Config
                0x08001fee       0x18 ./Drivers/STM32F7xx_HAL_Driver/Src/stm32f7xx_hal_cortex.o
                0x08001fee                HAL_SYSTICK_Config
 *fill*         0x08002006        0x2 
 .text.HAL_MPU_Disable
                0x08002008       0x30 ./Drivers/STM32F7xx_HAL_Driver/Src/stm32f7xx_hal_cortex.o
                0x08002008                HAL_MPU_Disable
 .text.HAL_MPU_Enable
                0x08002038       0x40 ./Drivers/STM32F7xx_HAL_Driver/Src/stm32f7xx_hal_cortex.o
                0x08002038                HAL_MPU_Enable
 .text.HAL_MPU_ConfigRegion
                0x08002078       0x80 ./Drivers/STM32F7xx_HAL_Driver/Src/stm32f7xx_hal_cortex.o
                0x08002078                HAL_MPU_ConfigRegion
 .text.HAL_DMA_Init
                0x080020f8      0x15c ./Drivers/STM32F7xx_HAL_Driver/Src/stm32f7xx_hal_dma.o
                0x080020f8                HAL_DMA_Init
 .text.HAL_DMA_IRQHandler
                0x08002254      0x314 ./Drivers/STM32F7xx_HAL_Driver/Src/stm32f7xx_hal_dma.o
                0x08002254                HAL_DMA_IRQHandler
 .text.DMA_CalcBaseAndBitshift
                0x08002568       0x6c ./Drivers/STM32F7xx_HAL_Driver/Src/stm32f7xx_hal_dma.o
 .text.DMA_CheckFifoParam
                0x080025d4       0xf8 ./Drivers/STM32F7xx_HAL_Driver/Src/stm32f7xx_hal_dma.o
 .text.HAL_GPIO_Init
                0x080026cc      0x338 ./Drivers/STM32F7xx_HAL_Driver/Src/stm32f7xx_hal_gpio.o
                0x080026cc                HAL_GPIO_Init
 .text.HAL_GPIO_ReadPin
                0x08002a04       0x30 ./Drivers/STM32F7xx_HAL_Driver/Src/stm32f7xx_hal_gpio.o
                0x08002a04                HAL_GPIO_ReadPin
 .text.HAL_GPIO_WritePin
                0x08002a34       0x32 ./Drivers/STM32F7xx_HAL_Driver/Src/stm32f7xx_hal_gpio.o
                0x08002a34                HAL_GPIO_WritePin
 *fill*         0x08002a66        0x2 
 .text.HAL_I2C_Init
                0x08002a68      0x138 ./Drivers/STM32F7xx_HAL_Driver/Src/stm32f7xx_hal_i2c.o
                0x08002a68                HAL_I2C_Init
 .text.HAL_I2CEx_ConfigAnalogFilter
                0x08002ba0       0x96 ./Drivers/STM32F7xx_HAL_Driver/Src/stm32f7xx_hal_i2c_ex.o
                0x08002ba0                HAL_I2CEx_ConfigAnalogFilter
 .text.HAL_I2CEx_ConfigDigitalFilter
                0x08002c36       0x98 ./Drivers/STM32F7xx_HAL_Driver/Src/stm32f7xx_hal_i2c_ex.o
                0x08002c36                HAL_I2CEx_ConfigDigitalFilter
 .text.HAL_PCD_Init
                0x08002cce      0x22c ./Drivers/STM32F7xx_HAL_Driver/Src/stm32f7xx_hal_pcd.o
                0x08002cce                HAL_PCD_Init
 .text.HAL_PCD_Start
                0x08002efa       0x44 ./Drivers/STM32F7xx_HAL_Driver/Src/stm32f7xx_hal_pcd.o
                0x08002efa                HAL_PCD_Start
 .text.HAL_PCD_IRQHandler
                0x08002f3e      0x99c ./Drivers/STM32F7xx_HAL_Driver/Src/stm32f7xx_hal_pcd.o
                0x08002f3e                HAL_PCD_IRQHandler
 .text.HAL_PCD_SetAddress
                0x080038da       0x48 ./Drivers/STM32F7xx_HAL_Driver/Src/stm32f7xx_hal_pcd.o
                0x080038da                HAL_PCD_SetAddress
 .text.HAL_PCD_EP_Open
                0x08003922       0xd0 ./Drivers/STM32F7xx_HAL_Driver/Src/stm32f7xx_hal_pcd.o
                0x08003922                HAL_PCD_EP_Open
 .text.HAL_PCD_EP_Close
                0x080039f2       0x94 ./Drivers/STM32F7xx_HAL_Driver/Src/stm32f7xx_hal_pcd.o
                0x080039f2                HAL_PCD_EP_Close
 .text.HAL_PCD_EP_Receive
                0x08003a86       0x76 ./Drivers/STM32F7xx_HAL_Driver/Src/stm32f7xx_hal_pcd.o
                0x08003a86                HAL_PCD_EP_Receive
 .text.HAL_PCD_EP_GetRxCount
                0x08003afc       0x30 ./Drivers/STM32F7xx_HAL_Driver/Src/stm32f7xx_hal_pcd.o
                0x08003afc                HAL_PCD_EP_GetRxCount
 .text.HAL_PCD_EP_Transmit
                0x08003b2c       0x74 ./Drivers/STM32F7xx_HAL_Driver/Src/stm32f7xx_hal_pcd.o
                0x08003b2c                HAL_PCD_EP_Transmit
 .text.HAL_PCD_EP_SetStall
                0x08003ba0       0xc6 ./Drivers/STM32F7xx_HAL_Driver/Src/stm32f7xx_hal_pcd.o
                0x08003ba0                HAL_PCD_EP_SetStall
 .text.HAL_PCD_EP_ClrStall
                0x08003c66       0xac ./Drivers/STM32F7xx_HAL_Driver/Src/stm32f7xx_hal_pcd.o
                0x08003c66                HAL_PCD_EP_ClrStall
 .text.HAL_PCD_EP_Abort
                0x08003d12       0x62 ./Drivers/STM32F7xx_HAL_Driver/Src/stm32f7xx_hal_pcd.o
                0x08003d12                HAL_PCD_EP_Abort
 .text.PCD_WriteEmptyTxFifo
                0x08003d74      0x118 ./Drivers/STM32F7xx_HAL_Driver/Src/stm32f7xx_hal_pcd.o
 .text.PCD_EP_OutXfrComplete_int
                0x08003e8c      0x1d0 ./Drivers/STM32F7xx_HAL_Driver/Src/stm32f7xx_hal_pcd.o
 .text.PCD_EP_OutSetupPacket_int
                0x0800405c       0x8c ./Drivers/STM32F7xx_HAL_Driver/Src/stm32f7xx_hal_pcd.o
 .text.HAL_PCDEx_SetTxFiFo
                0x080040e8       0x8e ./Drivers/STM32F7xx_HAL_Driver/Src/stm32f7xx_hal_pcd_ex.o
                0x080040e8                HAL_PCDEx_SetTxFiFo
 .text.HAL_PCDEx_SetRxFiFo
                0x08004176       0x22 ./Drivers/STM32F7xx_HAL_Driver/Src/stm32f7xx_hal_pcd_ex.o
                0x08004176                HAL_PCDEx_SetRxFiFo
 .text.HAL_PCDEx_ActivateLPM
                0x08004198       0x48 ./Drivers/STM32F7xx_HAL_Driver/Src/stm32f7xx_hal_pcd_ex.o
                0x08004198                HAL_PCDEx_ActivateLPM
 .text.HAL_PWREx_EnableOverDrive
                0x080041e0       0xa0 ./Drivers/STM32F7xx_HAL_Driver/Src/stm32f7xx_hal_pwr_ex.o
                0x080041e0                HAL_PWREx_EnableOverDrive
 .text.HAL_RCC_OscConfig
                0x08004280      0x548 ./Drivers/STM32F7xx_HAL_Driver/Src/stm32f7xx_hal_rcc.o
                0x08004280                HAL_RCC_OscConfig
 .text.HAL_RCC_ClockConfig
                0x080047c8      0x1d8 ./Drivers/STM32F7xx_HAL_Driver/Src/stm32f7xx_hal_rcc.o
                0x080047c8                HAL_RCC_ClockConfig
 .text.HAL_RCC_EnableCSS
                0x080049a0       0x20 ./Drivers/STM32F7xx_HAL_Driver/Src/stm32f7xx_hal_rcc.o
                0x080049a0                HAL_RCC_EnableCSS
 .text.HAL_RCC_GetSysClockFreq
                0x080049c0      0x20c ./Drivers/STM32F7xx_HAL_Driver/Src/stm32f7xx_hal_rcc.o
                0x080049c0                HAL_RCC_GetSysClockFreq
 .text.HAL_RCC_GetHCLKFreq
                0x08004bcc       0x18 ./Drivers/STM32F7xx_HAL_Driver/Src/stm32f7xx_hal_rcc.o
                0x08004bcc                HAL_RCC_GetHCLKFreq
 .text.HAL_RCC_GetPCLK1Freq
                0x08004be4       0x28 ./Drivers/STM32F7xx_HAL_Driver/Src/stm32f7xx_hal_rcc.o
                0x08004be4                HAL_RCC_GetPCLK1Freq
 .text.HAL_RCC_GetPCLK2Freq
                0x08004c0c       0x28 ./Drivers/STM32F7xx_HAL_Driver/Src/stm32f7xx_hal_rcc.o
                0x08004c0c                HAL_RCC_GetPCLK2Freq
 .text.HAL_RCC_NMI_IRQHandler
                0x08004c34       0x28 ./Drivers/STM32F7xx_HAL_Driver/Src/stm32f7xx_hal_rcc.o
                0x08004c34                HAL_RCC_NMI_IRQHandler
 .text.HAL_RCC_CSSCallback
                0x08004c5c        0xe ./Drivers/STM32F7xx_HAL_Driver/Src/stm32f7xx_hal_rcc.o
                0x08004c5c                HAL_RCC_CSSCallback
 *fill*         0x08004c6a        0x2 
 .text.HAL_RCCEx_PeriphCLKConfig
                0x08004c6c      0x694 ./Drivers/STM32F7xx_HAL_Driver/Src/stm32f7xx_hal_rcc_ex.o
                0x08004c6c                HAL_RCCEx_PeriphCLKConfig
 .text.HAL_SD_Init
                0x08005300       0x60 ./Drivers/STM32F7xx_HAL_Driver/Src/stm32f7xx_hal_sd.o
                0x08005300                HAL_SD_Init
 .text.HAL_SD_InitCard
                0x08005360      0x110 ./Drivers/STM32F7xx_HAL_Driver/Src/stm32f7xx_hal_sd.o
                0x08005360                HAL_SD_InitCard
 .text.HAL_SD_ReadBlocks
                0x08005470      0x3bc ./Drivers/STM32F7xx_HAL_Driver/Src/stm32f7xx_hal_sd.o
                0x08005470                HAL_SD_ReadBlocks
 .text.HAL_SD_WriteBlocks
                0x0800582c      0x30c ./Drivers/STM32F7xx_HAL_Driver/Src/stm32f7xx_hal_sd.o
                0x0800582c                HAL_SD_WriteBlocks
 .text.HAL_SD_GetCardCSD
                0x08005b38      0x348 ./Drivers/STM32F7xx_HAL_Driver/Src/stm32f7xx_hal_sd.o
                0x08005b38                HAL_SD_GetCardCSD
 .text.HAL_SD_GetCardInfo
                0x08005e80       0x58 ./Drivers/STM32F7xx_HAL_Driver/Src/stm32f7xx_hal_sd.o
                0x08005e80                HAL_SD_GetCardInfo
 .text.HAL_SD_ConfigWideBusOperation
                0x08005ed8      0x134 ./Drivers/STM32F7xx_HAL_Driver/Src/stm32f7xx_hal_sd.o
                0x08005ed8                HAL_SD_ConfigWideBusOperation
 .text.HAL_SD_GetCardState
                0x0800600c       0x40 ./Drivers/STM32F7xx_HAL_Driver/Src/stm32f7xx_hal_sd.o
                0x0800600c                HAL_SD_GetCardState
 .text.SD_InitCard
                0x0800604c      0x19c ./Drivers/STM32F7xx_HAL_Driver/Src/stm32f7xx_hal_sd.o
 .text.SD_PowerON
                0x080061e8      0x11c ./Drivers/STM32F7xx_HAL_Driver/Src/stm32f7xx_hal_sd.o
 .text.SD_SendStatus
                0x08006304       0x50 ./Drivers/STM32F7xx_HAL_Driver/Src/stm32f7xx_hal_sd.o
 .text.SD_WideBus_Enable
                0x08006354       0x96 ./Drivers/STM32F7xx_HAL_Driver/Src/stm32f7xx_hal_sd.o
 .text.SD_WideBus_Disable
                0x080063ea       0x96 ./Drivers/STM32F7xx_HAL_Driver/Src/stm32f7xx_hal_sd.o
 .text.SD_FindSCR
                0x08006480      0x1a6 ./Drivers/STM32F7xx_HAL_Driver/Src/stm32f7xx_hal_sd.o
 .text.HAL_SPI_Init
                0x08006626      0x156 ./Drivers/STM32F7xx_HAL_Driver/Src/stm32f7xx_hal_spi.o
                0x08006626                HAL_SPI_Init
 .text.HAL_TIM_Base_Init
                0x0800677c       0xae ./Drivers/STM32F7xx_HAL_Driver/Src/stm32f7xx_hal_tim.o
                0x0800677c                HAL_TIM_Base_Init
 .text.HAL_TIM_PWM_Init
                0x0800682a       0xae ./Drivers/STM32F7xx_HAL_Driver/Src/stm32f7xx_hal_tim.o
                0x0800682a                HAL_TIM_PWM_Init
 .text.HAL_TIM_PWM_ConfigChannel
                0x080068d8      0x228 ./Drivers/STM32F7xx_HAL_Driver/Src/stm32f7xx_hal_tim.o
                0x080068d8                HAL_TIM_PWM_ConfigChannel
 .text.TIM_Base_SetConfig
                0x08006b00      0x158 ./Drivers/STM32F7xx_HAL_Driver/Src/stm32f7xx_hal_tim.o
                0x08006b00                TIM_Base_SetConfig
 .text.TIM_OC1_SetConfig
                0x08006c58       0xe4 ./Drivers/STM32F7xx_HAL_Driver/Src/stm32f7xx_hal_tim.o
 .text.TIM_OC2_SetConfig
                0x08006d3c       0xf0 ./Drivers/STM32F7xx_HAL_Driver/Src/stm32f7xx_hal_tim.o
                0x08006d3c                TIM_OC2_SetConfig
 .text.TIM_OC3_SetConfig
                0x08006e2c       0xec ./Drivers/STM32F7xx_HAL_Driver/Src/stm32f7xx_hal_tim.o
 .text.TIM_OC4_SetConfig
                0x08006f18       0xb0 ./Drivers/STM32F7xx_HAL_Driver/Src/stm32f7xx_hal_tim.o
 .text.TIM_OC5_SetConfig
                0x08006fc8       0xa4 ./Drivers/STM32F7xx_HAL_Driver/Src/stm32f7xx_hal_tim.o
 .text.TIM_OC6_SetConfig
                0x0800706c       0xa8 ./Drivers/STM32F7xx_HAL_Driver/Src/stm32f7xx_hal_tim.o
 .text.HAL_TIMEx_MasterConfigSynchronization
                0x08007114      0x11c ./Drivers/STM32F7xx_HAL_Driver/Src/stm32f7xx_hal_tim_ex.o
                0x08007114                HAL_TIMEx_MasterConfigSynchronization
 .text.HAL_TIMEx_ConfigBreakDeadTime
                0x08007230       0xfc ./Drivers/STM32F7xx_HAL_Driver/Src/stm32f7xx_hal_tim_ex.o
                0x08007230                HAL_TIMEx_ConfigBreakDeadTime
 .text.HAL_UART_Init
                0x0800732c       0x9c ./Drivers/STM32F7xx_HAL_Driver/Src/stm32f7xx_hal_uart.o
                0x0800732c                HAL_UART_Init
 .text.UART_SetConfig
                0x080073c8      0x4c8 ./Drivers/STM32F7xx_HAL_Driver/Src/stm32f7xx_hal_uart.o
                0x080073c8                UART_SetConfig
 .text.UART_AdvFeatureConfig
                0x08007890      0x144 ./Drivers/STM32F7xx_HAL_Driver/Src/stm32f7xx_hal_uart.o
                0x08007890                UART_AdvFeatureConfig
 .text.UART_CheckIdleState
                0x080079d4       0xae ./Drivers/STM32F7xx_HAL_Driver/Src/stm32f7xx_hal_uart.o
                0x080079d4                UART_CheckIdleState
 .text.UART_WaitOnFlagUntilTimeout
                0x08007a82       0xda ./Drivers/STM32F7xx_HAL_Driver/Src/stm32f7xx_hal_uart.o
                0x08007a82                UART_WaitOnFlagUntilTimeout
 .text.UART_EndRxTransfer
                0x08007b5c       0xc8 ./Drivers/STM32F7xx_HAL_Driver/Src/stm32f7xx_hal_uart.o
 .text.SDMMC_Init
                0x08007c24       0x58 ./Drivers/STM32F7xx_HAL_Driver/Src/stm32f7xx_ll_sdmmc.o
                0x08007c24                SDMMC_Init
 .text.SDMMC_ReadFIFO
                0x08007c7c       0x1a ./Drivers/STM32F7xx_HAL_Driver/Src/stm32f7xx_ll_sdmmc.o
                0x08007c7c                SDMMC_ReadFIFO
 .text.SDMMC_WriteFIFO
                0x08007c96       0x22 ./Drivers/STM32F7xx_HAL_Driver/Src/stm32f7xx_ll_sdmmc.o
                0x08007c96                SDMMC_WriteFIFO
 .text.SDMMC_PowerState_ON
                0x08007cb8       0x1c ./Drivers/STM32F7xx_HAL_Driver/Src/stm32f7xx_ll_sdmmc.o
                0x08007cb8                SDMMC_PowerState_ON
 .text.SDMMC_GetPowerState
                0x08007cd4       0x1c ./Drivers/STM32F7xx_HAL_Driver/Src/stm32f7xx_ll_sdmmc.o
                0x08007cd4                SDMMC_GetPowerState
 .text.SDMMC_SendCommand
                0x08007cf0       0x54 ./Drivers/STM32F7xx_HAL_Driver/Src/stm32f7xx_ll_sdmmc.o
                0x08007cf0                SDMMC_SendCommand
 .text.SDMMC_GetCommandResponse
                0x08007d44       0x1a ./Drivers/STM32F7xx_HAL_Driver/Src/stm32f7xx_ll_sdmmc.o
                0x08007d44                SDMMC_GetCommandResponse
 .text.SDMMC_GetResponse
                0x08007d5e       0x26 ./Drivers/STM32F7xx_HAL_Driver/Src/stm32f7xx_ll_sdmmc.o
                0x08007d5e                SDMMC_GetResponse
 .text.SDMMC_ConfigData
                0x08007d84       0x58 ./Drivers/STM32F7xx_HAL_Driver/Src/stm32f7xx_ll_sdmmc.o
                0x08007d84                SDMMC_ConfigData
 .text.SDMMC_CmdBlockLength
                0x08007ddc       0x44 ./Drivers/STM32F7xx_HAL_Driver/Src/stm32f7xx_ll_sdmmc.o
                0x08007ddc                SDMMC_CmdBlockLength
 .text.SDMMC_CmdReadSingleBlock
                0x08007e20       0x44 ./Drivers/STM32F7xx_HAL_Driver/Src/stm32f7xx_ll_sdmmc.o
                0x08007e20                SDMMC_CmdReadSingleBlock
 .text.SDMMC_CmdReadMultiBlock
                0x08007e64       0x44 ./Drivers/STM32F7xx_HAL_Driver/Src/stm32f7xx_ll_sdmmc.o
                0x08007e64                SDMMC_CmdReadMultiBlock
 .text.SDMMC_CmdWriteSingleBlock
                0x08007ea8       0x44 ./Drivers/STM32F7xx_HAL_Driver/Src/stm32f7xx_ll_sdmmc.o
                0x08007ea8                SDMMC_CmdWriteSingleBlock
 .text.SDMMC_CmdWriteMultiBlock
                0x08007eec       0x44 ./Drivers/STM32F7xx_HAL_Driver/Src/stm32f7xx_ll_sdmmc.o
                0x08007eec                SDMMC_CmdWriteMultiBlock
 .text.SDMMC_CmdStopTransfer
                0x08007f30       0x44 ./Drivers/STM32F7xx_HAL_Driver/Src/stm32f7xx_ll_sdmmc.o
                0x08007f30                SDMMC_CmdStopTransfer
 .text.SDMMC_CmdSelDesel
                0x08007f74       0x46 ./Drivers/STM32F7xx_HAL_Driver/Src/stm32f7xx_ll_sdmmc.o
                0x08007f74                SDMMC_CmdSelDesel
 .text.SDMMC_CmdGoIdleState
                0x08007fba       0x3c ./Drivers/STM32F7xx_HAL_Driver/Src/stm32f7xx_ll_sdmmc.o
                0x08007fba                SDMMC_CmdGoIdleState
 .text.SDMMC_CmdOperCond
                0x08007ff6       0x3e ./Drivers/STM32F7xx_HAL_Driver/Src/stm32f7xx_ll_sdmmc.o
                0x08007ff6                SDMMC_CmdOperCond
 .text.SDMMC_CmdAppCommand
                0x08008034       0x44 ./Drivers/STM32F7xx_HAL_Driver/Src/stm32f7xx_ll_sdmmc.o
                0x08008034                SDMMC_CmdAppCommand
 .text.SDMMC_CmdAppOperCommand
                0x08008078       0x48 ./Drivers/STM32F7xx_HAL_Driver/Src/stm32f7xx_ll_sdmmc.o
                0x08008078                SDMMC_CmdAppOperCommand
 .text.SDMMC_CmdBusWidth
                0x080080c0       0x44 ./Drivers/STM32F7xx_HAL_Driver/Src/stm32f7xx_ll_sdmmc.o
                0x080080c0                SDMMC_CmdBusWidth
 .text.SDMMC_CmdSendSCR
                0x08008104       0x42 ./Drivers/STM32F7xx_HAL_Driver/Src/stm32f7xx_ll_sdmmc.o
                0x08008104                SDMMC_CmdSendSCR
 .text.SDMMC_CmdSendCID
                0x08008146       0x3c ./Drivers/STM32F7xx_HAL_Driver/Src/stm32f7xx_ll_sdmmc.o
                0x08008146                SDMMC_CmdSendCID
 .text.SDMMC_CmdSendCSD
                0x08008182       0x3e ./Drivers/STM32F7xx_HAL_Driver/Src/stm32f7xx_ll_sdmmc.o
                0x08008182                SDMMC_CmdSendCSD
 .text.SDMMC_CmdSetRelAdd
                0x080081c0       0x42 ./Drivers/STM32F7xx_HAL_Driver/Src/stm32f7xx_ll_sdmmc.o
                0x080081c0                SDMMC_CmdSetRelAdd
 .text.SDMMC_CmdSendStatus
                0x08008202       0x44 ./Drivers/STM32F7xx_HAL_Driver/Src/stm32f7xx_ll_sdmmc.o
                0x08008202                SDMMC_CmdSendStatus
 *fill*         0x08008246        0x2 
 .text.SDMMC_GetCmdResp1
                0x08008248      0x1dc ./Drivers/STM32F7xx_HAL_Driver/Src/stm32f7xx_ll_sdmmc.o
                0x08008248                SDMMC_GetCmdResp1
 .text.SDMMC_GetCmdResp2
                0x08008424       0x90 ./Drivers/STM32F7xx_HAL_Driver/Src/stm32f7xx_ll_sdmmc.o
                0x08008424                SDMMC_GetCmdResp2
 .text.SDMMC_GetCmdResp3
                0x080084b4       0x7c ./Drivers/STM32F7xx_HAL_Driver/Src/stm32f7xx_ll_sdmmc.o
                0x080084b4                SDMMC_GetCmdResp3
 .text.SDMMC_GetCmdResp6
                0x08008530       0xec ./Drivers/STM32F7xx_HAL_Driver/Src/stm32f7xx_ll_sdmmc.o
                0x08008530                SDMMC_GetCmdResp6
 .text.SDMMC_GetCmdResp7
                0x0800861c       0x9c ./Drivers/STM32F7xx_HAL_Driver/Src/stm32f7xx_ll_sdmmc.o
                0x0800861c                SDMMC_GetCmdResp7
 .text.SDMMC_GetCmdError
                0x080086b8       0x58 ./Drivers/STM32F7xx_HAL_Driver/Src/stm32f7xx_ll_sdmmc.o
 .text.USB_CoreInit
                0x08008710      0x118 ./Drivers/STM32F7xx_HAL_Driver/Src/stm32f7xx_ll_usb.o
                0x08008710                USB_CoreInit
 .text.USB_SetTurnaroundTime
                0x08008828      0x144 ./Drivers/STM32F7xx_HAL_Driver/Src/stm32f7xx_ll_usb.o
                0x08008828                USB_SetTurnaroundTime
 .text.USB_EnableGlobalInt
                0x0800896c       0x22 ./Drivers/STM32F7xx_HAL_Driver/Src/stm32f7xx_ll_usb.o
                0x0800896c                USB_EnableGlobalInt
 .text.USB_DisableGlobalInt
                0x0800898e       0x22 ./Drivers/STM32F7xx_HAL_Driver/Src/stm32f7xx_ll_usb.o
                0x0800898e                USB_DisableGlobalInt
 .text.USB_SetCurrentMode
                0x080089b0       0x98 ./Drivers/STM32F7xx_HAL_Driver/Src/stm32f7xx_ll_usb.o
                0x080089b0                USB_SetCurrentMode
 .text.USB_DevInit
                0x08008a48      0x2e0 ./Drivers/STM32F7xx_HAL_Driver/Src/stm32f7xx_ll_usb.o
                0x08008a48                USB_DevInit
 .text.USB_FlushTxFifo
                0x08008d28       0x64 ./Drivers/STM32F7xx_HAL_Driver/Src/stm32f7xx_ll_usb.o
                0x08008d28                USB_FlushTxFifo
 .text.USB_FlushRxFifo
                0x08008d8c       0x5c ./Drivers/STM32F7xx_HAL_Driver/Src/stm32f7xx_ll_usb.o
                0x08008d8c                USB_FlushRxFifo
 .text.USB_SetDevSpeed
                0x08008de8       0x32 ./Drivers/STM32F7xx_HAL_Driver/Src/stm32f7xx_ll_usb.o
                0x08008de8                USB_SetDevSpeed
 .text.USB_GetDevSpeed
                0x08008e1a       0x4a ./Drivers/STM32F7xx_HAL_Driver/Src/stm32f7xx_ll_usb.o
                0x08008e1a                USB_GetDevSpeed
 .text.USB_ActivateEndpoint
                0x08008e64      0x110 ./Drivers/STM32F7xx_HAL_Driver/Src/stm32f7xx_ll_usb.o
                0x08008e64                USB_ActivateEndpoint
 .text.USB_DeactivateEndpoint
                0x08008f74      0x1b8 ./Drivers/STM32F7xx_HAL_Driver/Src/stm32f7xx_ll_usb.o
                0x08008f74                USB_DeactivateEndpoint
 .text.USB_EPStartXfer
                0x0800912c      0x540 ./Drivers/STM32F7xx_HAL_Driver/Src/stm32f7xx_ll_usb.o
                0x0800912c                USB_EPStartXfer
 .text.USB_EPStopXfer
                0x0800966c      0x154 ./Drivers/STM32F7xx_HAL_Driver/Src/stm32f7xx_ll_usb.o
                0x0800966c                USB_EPStopXfer
 .text.USB_WritePacket
                0x080097c0       0x7c ./Drivers/STM32F7xx_HAL_Driver/Src/stm32f7xx_ll_usb.o
                0x080097c0                USB_WritePacket
 .text.USB_ReadPacket
                0x0800983c       0xb0 ./Drivers/STM32F7xx_HAL_Driver/Src/stm32f7xx_ll_usb.o
                0x0800983c                USB_ReadPacket
 .text.USB_EPSetStall
                0x080098ec       0xdc ./Drivers/STM32F7xx_HAL_Driver/Src/stm32f7xx_ll_usb.o
                0x080098ec                USB_EPSetStall
 .text.USB_EPClearStall
                0x080099c8       0xcc ./Drivers/STM32F7xx_HAL_Driver/Src/stm32f7xx_ll_usb.o
                0x080099c8                USB_EPClearStall
 .text.USB_SetDevAddress
                0x08009a94       0x4c ./Drivers/STM32F7xx_HAL_Driver/Src/stm32f7xx_ll_usb.o
                0x08009a94                USB_SetDevAddress
 .text.USB_DevConnect
                0x08009ae0       0x42 ./Drivers/STM32F7xx_HAL_Driver/Src/stm32f7xx_ll_usb.o
                0x08009ae0                USB_DevConnect
 .text.USB_DevDisconnect
                0x08009b22       0x42 ./Drivers/STM32F7xx_HAL_Driver/Src/stm32f7xx_ll_usb.o
                0x08009b22                USB_DevDisconnect
 .text.USB_ReadInterrupts
                0x08009b64       0x26 ./Drivers/STM32F7xx_HAL_Driver/Src/stm32f7xx_ll_usb.o
                0x08009b64                USB_ReadInterrupts
 .text.USB_ReadDevAllOutEpInterrupt
                0x08009b8a       0x34 ./Drivers/STM32F7xx_HAL_Driver/Src/stm32f7xx_ll_usb.o
                0x08009b8a                USB_ReadDevAllOutEpInterrupt
 .text.USB_ReadDevAllInEpInterrupt
                0x08009bbe       0x34 ./Drivers/STM32F7xx_HAL_Driver/Src/stm32f7xx_ll_usb.o
                0x08009bbe                USB_ReadDevAllInEpInterrupt
 .text.USB_ReadDevOutEPInterrupt
                0x08009bf2       0x3c ./Drivers/STM32F7xx_HAL_Driver/Src/stm32f7xx_ll_usb.o
                0x08009bf2                USB_ReadDevOutEPInterrupt
 .text.USB_ReadDevInEPInterrupt
                0x08009c2e       0x5c ./Drivers/STM32F7xx_HAL_Driver/Src/stm32f7xx_ll_usb.o
                0x08009c2e                USB_ReadDevInEPInterrupt
 .text.USB_GetMode
                0x08009c8a       0x1c ./Drivers/STM32F7xx_HAL_Driver/Src/stm32f7xx_ll_usb.o
                0x08009c8a                USB_GetMode
 *fill*         0x08009ca6        0x2 
 .text.USB_ActivateSetup
                0x08009ca8       0x48 ./Drivers/STM32F7xx_HAL_Driver/Src/stm32f7xx_ll_usb.o
                0x08009ca8                USB_ActivateSetup
 .text.USB_EP0_OutStart
                0x08009cf0       0xbc ./Drivers/STM32F7xx_HAL_Driver/Src/stm32f7xx_ll_usb.o
                0x08009cf0                USB_EP0_OutStart
 .text.USB_CoreReset
                0x08009dac       0x62 ./Drivers/STM32F7xx_HAL_Driver/Src/stm32f7xx_ll_usb.o
 *fill*         0x08009e0e        0x2 
 .text.MX_FATFS_Init
                0x08009e10       0x24 ./FATFS/App/fatfs.o
                0x08009e10                MX_FATFS_Init
 .text.BSP_SD_Init
                0x08009e34       0x4c ./FATFS/Target/bsp_driver_sd.o
                0x08009e34                BSP_SD_Init
 .text.BSP_SD_ReadBlocks
                0x08009e80       0x3c ./FATFS/Target/bsp_driver_sd.o
                0x08009e80                BSP_SD_ReadBlocks
 .text.BSP_SD_WriteBlocks
                0x08009ebc       0x3c ./FATFS/Target/bsp_driver_sd.o
                0x08009ebc                BSP_SD_WriteBlocks
 .text.BSP_SD_GetCardState
                0x08009ef8       0x20 ./FATFS/Target/bsp_driver_sd.o
                0x08009ef8                BSP_SD_GetCardState
 .text.BSP_SD_GetCardInfo
                0x08009f18       0x1c ./FATFS/Target/bsp_driver_sd.o
                0x08009f18                BSP_SD_GetCardInfo
 .text.BSP_SD_IsDetected
                0x08009f34       0x24 ./FATFS/Target/bsp_driver_sd.o
                0x08009f34                BSP_SD_IsDetected
 .text.BSP_PlatformIsDetected
                0x08009f58       0x2c ./FATFS/Target/fatfs_platform.o
                0x08009f58                BSP_PlatformIsDetected
 .text.SD_CheckStatus
                0x08009f84       0x3c ./FATFS/Target/sd_diskio.o
 .text.SD_initialize
                0x08009fc0       0x3c ./FATFS/Target/sd_diskio.o
                0x08009fc0                SD_initialize
 .text.SD_status
                0x08009ffc       0x1c ./FATFS/Target/sd_diskio.o
                0x08009ffc                SD_status
 .text.SD_read  0x0800a018       0x42 ./FATFS/Target/sd_diskio.o
                0x0800a018                SD_read
 .text.SD_write
                0x0800a05a       0x42 ./FATFS/Target/sd_diskio.o
                0x0800a05a                SD_write
 .text.SD_ioctl
                0x0800a09c       0xb0 ./FATFS/Target/sd_diskio.o
                0x0800a09c                SD_ioctl
 .text.USBD_CDC_Init
                0x0800a14c      0x1f0 ./Middlewares/ST/STM32_USB_Device_Library/Class/CDC/Src/usbd_cdc.o
 .text.USBD_CDC_DeInit
                0x0800a33c      0x104 ./Middlewares/ST/STM32_USB_Device_Library/Class/CDC/Src/usbd_cdc.o
 .text.USBD_CDC_Setup
                0x0800a440      0x1b8 ./Middlewares/ST/STM32_USB_Device_Library/Class/CDC/Src/usbd_cdc.o
 .text.USBD_CDC_DataIn
                0x0800a5f8       0xfe ./Middlewares/ST/STM32_USB_Device_Library/Class/CDC/Src/usbd_cdc.o
 .text.USBD_CDC_DataOut
                0x0800a6f6       0x70 ./Middlewares/ST/STM32_USB_Device_Library/Class/CDC/Src/usbd_cdc.o
 .text.USBD_CDC_EP0_RxReady
                0x0800a766       0x74 ./Middlewares/ST/STM32_USB_Device_Library/Class/CDC/Src/usbd_cdc.o
 *fill*         0x0800a7da        0x2 
 .text.USBD_CDC_GetFSCfgDesc
                0x0800a7dc       0x70 ./Middlewares/ST/STM32_USB_Device_Library/Class/CDC/Src/usbd_cdc.o
 .text.USBD_CDC_GetHSCfgDesc
                0x0800a84c       0x70 ./Middlewares/ST/STM32_USB_Device_Library/Class/CDC/Src/usbd_cdc.o
 .text.USBD_CDC_GetOtherSpeedCfgDesc
                0x0800a8bc       0x70 ./Middlewares/ST/STM32_USB_Device_Library/Class/CDC/Src/usbd_cdc.o
 .text.USBD_CDC_GetDeviceQualifierDescriptor
                0x0800a92c       0x20 ./Middlewares/ST/STM32_USB_Device_Library/Class/CDC/Src/usbd_cdc.o
                0x0800a92c                USBD_CDC_GetDeviceQualifierDescriptor
 .text.USBD_CDC_RegisterInterface
                0x0800a94c       0x34 ./Middlewares/ST/STM32_USB_Device_Library/Class/CDC/Src/usbd_cdc.o
                0x0800a94c                USBD_CDC_RegisterInterface
 .text.USBD_CDC_SetTxBuffer
                0x0800a980       0x44 ./Middlewares/ST/STM32_USB_Device_Library/Class/CDC/Src/usbd_cdc.o
                0x0800a980                USBD_CDC_SetTxBuffer
 .text.USBD_CDC_SetRxBuffer
                0x0800a9c4       0x3a ./Middlewares/ST/STM32_USB_Device_Library/Class/CDC/Src/usbd_cdc.o
                0x0800a9c4                USBD_CDC_SetRxBuffer
 *fill*         0x0800a9fe        0x2 
 .text.USBD_CDC_ReceivePacket
                0x0800aa00       0x6c ./Middlewares/ST/STM32_USB_Device_Library/Class/CDC/Src/usbd_cdc.o
                0x0800aa00                USBD_CDC_ReceivePacket
 .text.USBD_Init
                0x0800aa6c       0x60 ./Middlewares/ST/STM32_USB_Device_Library/Core/Src/usbd_core.o
                0x0800aa6c                USBD_Init
 .text.USBD_RegisterClass
                0x0800aacc       0x6c ./Middlewares/ST/STM32_USB_Device_Library/Core/Src/usbd_core.o
                0x0800aacc                USBD_RegisterClass
 .text.USBD_Start
                0x0800ab38       0x18 ./Middlewares/ST/STM32_USB_Device_Library/Core/Src/usbd_core.o
                0x0800ab38                USBD_Start
 .text.USBD_RunTestMode
                0x0800ab50       0x16 ./Middlewares/ST/STM32_USB_Device_Library/Core/Src/usbd_core.o
                0x0800ab50                USBD_RunTestMode
 .text.USBD_SetClassConfig
                0x0800ab66       0x38 ./Middlewares/ST/STM32_USB_Device_Library/Core/Src/usbd_core.o
                0x0800ab66                USBD_SetClassConfig
 .text.USBD_ClrClassConfig
                0x0800ab9e       0x34 ./Middlewares/ST/STM32_USB_Device_Library/Core/Src/usbd_core.o
                0x0800ab9e                USBD_ClrClassConfig
 .text.USBD_LL_SetupStage
                0x0800abd2       0xaa ./Middlewares/ST/STM32_USB_Device_Library/Core/Src/usbd_core.o
                0x0800abd2                USBD_LL_SetupStage
 .text.USBD_LL_DataOutStage
                0x0800ac7c      0x166 ./Middlewares/ST/STM32_USB_Device_Library/Core/Src/usbd_core.o
                0x0800ac7c                USBD_LL_DataOutStage
 .text.USBD_LL_DataInStage
                0x0800ade2      0x164 ./Middlewares/ST/STM32_USB_Device_Library/Core/Src/usbd_core.o
                0x0800ade2                USBD_LL_DataInStage
 .text.USBD_LL_Reset
                0x0800af46       0xa4 ./Middlewares/ST/STM32_USB_Device_Library/Core/Src/usbd_core.o
                0x0800af46                USBD_LL_Reset
 .text.USBD_LL_SetSpeed
                0x0800afea       0x20 ./Middlewares/ST/STM32_USB_Device_Library/Core/Src/usbd_core.o
                0x0800afea                USBD_LL_SetSpeed
 .text.USBD_LL_Suspend
                0x0800b00a       0x38 ./Middlewares/ST/STM32_USB_Device_Library/Core/Src/usbd_core.o
                0x0800b00a                USBD_LL_Suspend
 .text.USBD_LL_Resume
                0x0800b042       0x30 ./Middlewares/ST/STM32_USB_Device_Library/Core/Src/usbd_core.o
                0x0800b042                USBD_LL_Resume
 .text.USBD_LL_SOF
                0x0800b072       0x40 ./Middlewares/ST/STM32_USB_Device_Library/Core/Src/usbd_core.o
                0x0800b072                USBD_LL_SOF
 .text.USBD_LL_IsoINIncomplete
                0x0800b0b2       0x64 ./Middlewares/ST/STM32_USB_Device_Library/Core/Src/usbd_core.o
                0x0800b0b2                USBD_LL_IsoINIncomplete
 .text.USBD_LL_IsoOUTIncomplete
                0x0800b116       0x64 ./Middlewares/ST/STM32_USB_Device_Library/Core/Src/usbd_core.o
                0x0800b116                USBD_LL_IsoOUTIncomplete
 .text.USBD_LL_DevConnected
                0x0800b17a       0x16 ./Middlewares/ST/STM32_USB_Device_Library/Core/Src/usbd_core.o
                0x0800b17a                USBD_LL_DevConnected
 .text.USBD_LL_DevDisconnected
                0x0800b190       0x46 ./Middlewares/ST/STM32_USB_Device_Library/Core/Src/usbd_core.o
                0x0800b190                USBD_LL_DevDisconnected
 .text.USBD_CoreFindIF
                0x0800b1d6       0x1a ./Middlewares/ST/STM32_USB_Device_Library/Core/Src/usbd_core.o
                0x0800b1d6                USBD_CoreFindIF
 .text.USBD_CoreFindEP
                0x0800b1f0       0x1a ./Middlewares/ST/STM32_USB_Device_Library/Core/Src/usbd_core.o
                0x0800b1f0                USBD_CoreFindEP
 .text.USBD_GetEpDesc
                0x0800b20a       0x70 ./Middlewares/ST/STM32_USB_Device_Library/Core/Src/usbd_core.o
                0x0800b20a                USBD_GetEpDesc
 .text.USBD_GetNextDesc
                0x0800b27a       0x38 ./Middlewares/ST/STM32_USB_Device_Library/Core/Src/usbd_core.o
                0x0800b27a                USBD_GetNextDesc
 .text.SWAPBYTE
                0x0800b2b2       0x3c ./Middlewares/ST/STM32_USB_Device_Library/Core/Src/usbd_ctlreq.o
 *fill*         0x0800b2ee        0x2 
 .text.USBD_StdDevReq
                0x0800b2f0       0xe4 ./Middlewares/ST/STM32_USB_Device_Library/Core/Src/usbd_ctlreq.o
                0x0800b2f0                USBD_StdDevReq
 .text.USBD_StdItfReq
                0x0800b3d4       0xd8 ./Middlewares/ST/STM32_USB_Device_Library/Core/Src/usbd_ctlreq.o
                0x0800b3d4                USBD_StdItfReq
 .text.USBD_StdEPReq
                0x0800b4ac      0x33a ./Middlewares/ST/STM32_USB_Device_Library/Core/Src/usbd_ctlreq.o
                0x0800b4ac                USBD_StdEPReq
 *fill*         0x0800b7e6        0x2 
 .text.USBD_GetDescriptor
                0x0800b7e8      0x328 ./Middlewares/ST/STM32_USB_Device_Library/Core/Src/usbd_ctlreq.o
 .text.USBD_SetAddress
                0x0800bb10       0x88 ./Middlewares/ST/STM32_USB_Device_Library/Core/Src/usbd_ctlreq.o
 .text.USBD_SetConfig
                0x0800bb98      0x154 ./Middlewares/ST/STM32_USB_Device_Library/Core/Src/usbd_ctlreq.o
 .text.USBD_GetConfig
                0x0800bcec       0x6c ./Middlewares/ST/STM32_USB_Device_Library/Core/Src/usbd_ctlreq.o
 .text.USBD_GetStatus
                0x0800bd58       0x68 ./Middlewares/ST/STM32_USB_Device_Library/Core/Src/usbd_ctlreq.o
 .text.USBD_SetFeature
                0x0800bdc0       0x52 ./Middlewares/ST/STM32_USB_Device_Library/Core/Src/usbd_ctlreq.o
 .text.USBD_ClrFeature
                0x0800be12       0x44 ./Middlewares/ST/STM32_USB_Device_Library/Core/Src/usbd_ctlreq.o
 .text.USBD_ParseSetupRequest
                0x0800be56       0x74 ./Middlewares/ST/STM32_USB_Device_Library/Core/Src/usbd_ctlreq.o
                0x0800be56                USBD_ParseSetupRequest
 .text.USBD_CtlError
                0x0800beca       0x22 ./Middlewares/ST/STM32_USB_Device_Library/Core/Src/usbd_ctlreq.o
                0x0800beca                USBD_CtlError
 .text.USBD_GetString
                0x0800beec       0xa4 ./Middlewares/ST/STM32_USB_Device_Library/Core/Src/usbd_ctlreq.o
                0x0800beec                USBD_GetString
 .text.USBD_GetLen
                0x0800bf90       0x34 ./Middlewares/ST/STM32_USB_Device_Library/Core/Src/usbd_ctlreq.o
 .text.USBD_CtlSendData
                0x0800bfc4       0x36 ./Middlewares/ST/STM32_USB_Device_Library/Core/Src/usbd_ioreq.o
                0x0800bfc4                USBD_CtlSendData
 .text.USBD_CtlContinueSendData
                0x0800bffa       0x22 ./Middlewares/ST/STM32_USB_Device_Library/Core/Src/usbd_ioreq.o
                0x0800bffa                USBD_CtlContinueSendData
 .text.USBD_CtlPrepareRx
                0x0800c01c       0x3a ./Middlewares/ST/STM32_USB_Device_Library/Core/Src/usbd_ioreq.o
                0x0800c01c                USBD_CtlPrepareRx
 .text.USBD_CtlContinueRx
                0x0800c056       0x22 ./Middlewares/ST/STM32_USB_Device_Library/Core/Src/usbd_ioreq.o
                0x0800c056                USBD_CtlContinueRx
 .text.USBD_CtlSendStatus
                0x0800c078       0x26 ./Middlewares/ST/STM32_USB_Device_Library/Core/Src/usbd_ioreq.o
                0x0800c078                USBD_CtlSendStatus
 .text.USBD_CtlReceiveStatus
                0x0800c09e       0x26 ./Middlewares/ST/STM32_USB_Device_Library/Core/Src/usbd_ioreq.o
                0x0800c09e                USBD_CtlReceiveStatus
 .text.FATFS_LinkDriverEx
                0x0800c0c4       0x98 ./Middlewares/Third_Party/FatFs/src/ff_gen_drv.o
                0x0800c0c4                FATFS_LinkDriverEx
 .text.FATFS_LinkDriver
                0x0800c15c       0x1e ./Middlewares/Third_Party/FatFs/src/ff_gen_drv.o
                0x0800c15c                FATFS_LinkDriver
 *fill*         0x0800c17a        0x2 
 .text.MX_USB_DEVICE_Init
                0x0800c17c       0x60 ./USB_DEVICE/App/usb_device.o
                0x0800c17c                MX_USB_DEVICE_Init
 .text.CDC_Init_FS
                0x0800c1dc       0x28 ./USB_DEVICE/App/usbd_cdc_if.o
 .text.CDC_DeInit_FS
                0x0800c204       0x10 ./USB_DEVICE/App/usbd_cdc_if.o
 .text.CDC_Control_FS
                0x0800c214       0xbc ./USB_DEVICE/App/usbd_cdc_if.o
 .text.CDC_Receive_FS
                0x0800c2d0       0x28 ./USB_DEVICE/App/usbd_cdc_if.o
 .text.CDC_TransmitCplt_FS
                0x0800c2f8       0x22 ./USB_DEVICE/App/usbd_cdc_if.o
 *fill*         0x0800c31a        0x2 
 .text.USBD_FS_DeviceDescriptor
                0x0800c31c       0x24 ./USB_DEVICE/App/usbd_desc.o
                0x0800c31c                USBD_FS_DeviceDescriptor
 .text.USBD_FS_LangIDStrDescriptor
                0x0800c340       0x24 ./USB_DEVICE/App/usbd_desc.o
                0x0800c340                USBD_FS_LangIDStrDescriptor
 .text.USBD_FS_ProductStrDescriptor
                0x0800c364       0x3c ./USB_DEVICE/App/usbd_desc.o
                0x0800c364                USBD_FS_ProductStrDescriptor
 .text.USBD_FS_ManufacturerStrDescriptor
                0x0800c3a0       0x28 ./USB_DEVICE/App/usbd_desc.o
                0x0800c3a0                USBD_FS_ManufacturerStrDescriptor
 .text.USBD_FS_SerialStrDescriptor
                0x0800c3c8       0x24 ./USB_DEVICE/App/usbd_desc.o
                0x0800c3c8                USBD_FS_SerialStrDescriptor
 .text.USBD_FS_ConfigStrDescriptor
                0x0800c3ec       0x3c ./USB_DEVICE/App/usbd_desc.o
                0x0800c3ec                USBD_FS_ConfigStrDescriptor
 .text.USBD_FS_InterfaceStrDescriptor
                0x0800c428       0x3c ./USB_DEVICE/App/usbd_desc.o
                0x0800c428                USBD_FS_InterfaceStrDescriptor
 .text.USBD_FS_USR_BOSDescriptor
                0x0800c464       0x24 ./USB_DEVICE/App/usbd_desc.o
                0x0800c464                USBD_FS_USR_BOSDescriptor
 .text.Get_SerialNum
                0x0800c488       0x58 ./USB_DEVICE/App/usbd_desc.o
 .text.IntToUnicode
                0x0800c4e0       0x7e ./USB_DEVICE/App/usbd_desc.o
 *fill*         0x0800c55e        0x2 
 .text.HAL_PCD_MspInit
                0x0800c560       0xe4 ./USB_DEVICE/Target/usbd_conf.o
                0x0800c560                HAL_PCD_MspInit
 .text.HAL_PCD_SetupStageCallback
                0x0800c644       0x24 ./USB_DEVICE/Target/usbd_conf.o
                0x0800c644                HAL_PCD_SetupStageCallback
 .text.HAL_PCD_DataOutStageCallback
                0x0800c668       0x36 ./USB_DEVICE/Target/usbd_conf.o
                0x0800c668                HAL_PCD_DataOutStageCallback
 .text.HAL_PCD_DataInStageCallback
                0x0800c69e       0x34 ./USB_DEVICE/Target/usbd_conf.o
                0x0800c69e                HAL_PCD_DataInStageCallback
 .text.HAL_PCD_SOFCallback
                0x0800c6d2       0x1c ./USB_DEVICE/Target/usbd_conf.o
                0x0800c6d2                HAL_PCD_SOFCallback
 .text.HAL_PCD_ResetCallback
                0x0800c6ee       0x50 ./USB_DEVICE/Target/usbd_conf.o
                0x0800c6ee                HAL_PCD_ResetCallback
 *fill*         0x0800c73e        0x2 
 .text.HAL_PCD_SuspendCallback
                0x0800c740       0x4c ./USB_DEVICE/Target/usbd_conf.o
                0x0800c740                HAL_PCD_SuspendCallback
 .text.HAL_PCD_ResumeCallback
                0x0800c78c       0x1c ./USB_DEVICE/Target/usbd_conf.o
                0x0800c78c                HAL_PCD_ResumeCallback
 .text.HAL_PCD_ISOOUTIncompleteCallback
                0x0800c7a8       0x24 ./USB_DEVICE/Target/usbd_conf.o
                0x0800c7a8                HAL_PCD_ISOOUTIncompleteCallback
 .text.HAL_PCD_ISOINIncompleteCallback
                0x0800c7cc       0x24 ./USB_DEVICE/Target/usbd_conf.o
                0x0800c7cc                HAL_PCD_ISOINIncompleteCallback
 .text.HAL_PCD_ConnectCallback
                0x0800c7f0       0x1c ./USB_DEVICE/Target/usbd_conf.o
                0x0800c7f0                HAL_PCD_ConnectCallback
 .text.HAL_PCD_DisconnectCallback
                0x0800c80c       0x1c ./USB_DEVICE/Target/usbd_conf.o
                0x0800c80c                HAL_PCD_DisconnectCallback
 .text.USBD_LL_Init
                0x0800c828       0xa0 ./USB_DEVICE/Target/usbd_conf.o
                0x0800c828                USBD_LL_Init
 .text.USBD_LL_Start
                0x0800c8c8       0x36 ./USB_DEVICE/Target/usbd_conf.o
                0x0800c8c8                USBD_LL_Start
 .text.USBD_LL_OpenEP
                0x0800c8fe       0x4c ./USB_DEVICE/Target/usbd_conf.o
                0x0800c8fe                USBD_LL_OpenEP
 .text.USBD_LL_CloseEP
                0x0800c94a       0x3e ./USB_DEVICE/Target/usbd_conf.o
                0x0800c94a                USBD_LL_CloseEP
 .text.USBD_LL_StallEP
                0x0800c988       0x3e ./USB_DEVICE/Target/usbd_conf.o
                0x0800c988                USBD_LL_StallEP
 .text.USBD_LL_ClearStallEP
                0x0800c9c6       0x3e ./USB_DEVICE/Target/usbd_conf.o
                0x0800c9c6                USBD_LL_ClearStallEP
 .text.USBD_LL_IsStallEP
                0x0800ca04       0x58 ./USB_DEVICE/Target/usbd_conf.o
                0x0800ca04                USBD_LL_IsStallEP
 .text.USBD_LL_SetUSBAddress
                0x0800ca5c       0x3e ./USB_DEVICE/Target/usbd_conf.o
                0x0800ca5c                USBD_LL_SetUSBAddress
 .text.USBD_LL_Transmit
                0x0800ca9a       0x42 ./USB_DEVICE/Target/usbd_conf.o
                0x0800ca9a                USBD_LL_Transmit
 .text.USBD_LL_PrepareReceive
                0x0800cadc       0x42 ./USB_DEVICE/Target/usbd_conf.o
                0x0800cadc                USBD_LL_PrepareReceive
 .text.USBD_LL_GetRxDataSize
                0x0800cb1e       0x26 ./USB_DEVICE/Target/usbd_conf.o
                0x0800cb1e                USBD_LL_GetRxDataSize
 .text.HAL_PCDEx_LPM_Callback
                0x0800cb44       0x9c ./USB_DEVICE/Target/usbd_conf.o
                0x0800cb44                HAL_PCDEx_LPM_Callback
 .text.SystemClockConfig_Resume
                0x0800cbe0        0xc ./USB_DEVICE/Target/usbd_conf.o
 .text.USBD_Get_USB_Status
                0x0800cbec       0x58 ./USB_DEVICE/Target/usbd_conf.o
                0x0800cbec                USBD_Get_USB_Status
 .text.malloc   0x0800cc44       0x10 /opt/st/stm32cubeide_1.16.1/plugins/com.st.stm32cube.ide.mcu.externaltools.gnu-tools-for-stm32.12.3.rel1.linux64_1.0.200.202406132123/tools/bin/../lib/gcc/arm-none-eabi/12.3.1/../../../../arm-none-eabi/lib/thumb/v7e-m+fp/hard/libc_nano.a(libc_a-malloc.o)
                0x0800cc44                malloc
 .text.free     0x0800cc54       0x10 /opt/st/stm32cubeide_1.16.1/plugins/com.st.stm32cube.ide.mcu.externaltools.gnu-tools-for-stm32.12.3.rel1.linux64_1.0.200.202406132123/tools/bin/../lib/gcc/arm-none-eabi/12.3.1/../../../../arm-none-eabi/lib/thumb/v7e-m+fp/hard/libc_nano.a(libc_a-malloc.o)
                0x0800cc54                free
 .text.sbrk_aligned
                0x0800cc64       0x44 /opt/st/stm32cubeide_1.16.1/plugins/com.st.stm32cube.ide.mcu.externaltools.gnu-tools-for-stm32.12.3.rel1.linux64_1.0.200.202406132123/tools/bin/../lib/gcc/arm-none-eabi/12.3.1/../../../../arm-none-eabi/lib/thumb/v7e-m+fp/hard/libc_nano.a(libc_a-mallocr.o)
 .text._malloc_r
                0x0800cca8      0x100 /opt/st/stm32cubeide_1.16.1/plugins/com.st.stm32cube.ide.mcu.externaltools.gnu-tools-for-stm32.12.3.rel1.linux64_1.0.200.202406132123/tools/bin/../lib/gcc/arm-none-eabi/12.3.1/../../../../arm-none-eabi/lib/thumb/v7e-m+fp/hard/libc_nano.a(libc_a-mallocr.o)
                0x0800cca8                _malloc_r
 .text.__malloc_lock
                0x0800cda8        0xc /opt/st/stm32cubeide_1.16.1/plugins/com.st.stm32cube.ide.mcu.externaltools.gnu-tools-for-stm32.12.3.rel1.linux64_1.0.200.202406132123/tools/bin/../lib/gcc/arm-none-eabi/12.3.1/../../../../arm-none-eabi/lib/thumb/v7e-m+fp/hard/libc_nano.a(libc_a-mlock.o)
                0x0800cda8                __malloc_lock
 .text.__malloc_unlock
                0x0800cdb4        0xc /opt/st/stm32cubeide_1.16.1/plugins/com.st.stm32cube.ide.mcu.externaltools.gnu-tools-for-stm32.12.3.rel1.linux64_1.0.200.202406132123/tools/bin/../lib/gcc/arm-none-eabi/12.3.1/../../../../arm-none-eabi/lib/thumb/v7e-m+fp/hard/libc_nano.a(libc_a-mlock.o)
                0x0800cdb4                __malloc_unlock
 .text.memset   0x0800cdc0       0x10 /opt/st/stm32cubeide_1.16.1/plugins/com.st.stm32cube.ide.mcu.externaltools.gnu-tools-for-stm32.12.3.rel1.linux64_1.0.200.202406132123/tools/bin/../lib/gcc/arm-none-eabi/12.3.1/../../../../arm-none-eabi/lib/thumb/v7e-m+fp/hard/libc_nano.a(libc_a-memset.o)
                0x0800cdc0                memset
 .text._sbrk_r  0x0800cdd0       0x20 /opt/st/stm32cubeide_1.16.1/plugins/com.st.stm32cube.ide.mcu.externaltools.gnu-tools-for-stm32.12.3.rel1.linux64_1.0.200.202406132123/tools/bin/../lib/gcc/arm-none-eabi/12.3.1/../../../../arm-none-eabi/lib/thumb/v7e-m+fp/hard/libc_nano.a(libc_a-sbrkr.o)
                0x0800cdd0                _sbrk_r
 .text.__errno  0x0800cdf0        0xc /opt/st/stm32cubeide_1.16.1/plugins/com.st.stm32cube.ide.mcu.externaltools.gnu-tools-for-stm32.12.3.rel1.linux64_1.0.200.202406132123/tools/bin/../lib/gcc/arm-none-eabi/12.3.1/../../../../arm-none-eabi/lib/thumb/v7e-m+fp/hard/libc_nano.a(libc_a-errno.o)
                0x0800cdf0                __errno
 .text.__libc_init_array
                0x0800cdfc       0x48 /opt/st/stm32cubeide_1.16.1/plugins/com.st.stm32cube.ide.mcu.externaltools.gnu-tools-for-stm32.12.3.rel1.linux64_1.0.200.202406132123/tools/bin/../lib/gcc/arm-none-eabi/12.3.1/../../../../arm-none-eabi/lib/thumb/v7e-m+fp/hard/libc_nano.a(libc_a-init.o)
                0x0800cdfc                __libc_init_array
 .text.__retarget_lock_acquire_recursive
                0x0800ce44        0x2 /opt/st/stm32cubeide_1.16.1/plugins/com.st.stm32cube.ide.mcu.externaltools.gnu-tools-for-stm32.12.3.rel1.linux64_1.0.200.202406132123/tools/bin/../lib/gcc/arm-none-eabi/12.3.1/../../../../arm-none-eabi/lib/thumb/v7e-m+fp/hard/libc_nano.a(libc_a-lock.o)
                0x0800ce44                __retarget_lock_acquire_recursive
 .text.__retarget_lock_release_recursive
                0x0800ce46        0x2 /opt/st/stm32cubeide_1.16.1/plugins/com.st.stm32cube.ide.mcu.externaltools.gnu-tools-for-stm32.12.3.rel1.linux64_1.0.200.202406132123/tools/bin/../lib/gcc/arm-none-eabi/12.3.1/../../../../arm-none-eabi/lib/thumb/v7e-m+fp/hard/libc_nano.a(libc_a-lock.o)
                0x0800ce46                __retarget_lock_release_recursive
 .text._free_r  0x0800ce48       0x94 /opt/st/stm32cubeide_1.16.1/plugins/com.st.stm32cube.ide.mcu.externaltools.gnu-tools-for-stm32.12.3.rel1.linux64_1.0.200.202406132123/tools/bin/../lib/gcc/arm-none-eabi/12.3.1/../../../../arm-none-eabi/lib/thumb/v7e-m+fp/hard/libc_nano.a(libc_a-freer.o)
                0x0800ce48                _free_r
 *(.glue_7)
 .glue_7        0x0800cedc        0x0 linker stubs
 *(.glue_7t)
 .glue_7t       0x0800cedc        0x0 linker stubs
 *(.eh_frame)
 .eh_frame      0x0800cedc        0x0 /opt/st/stm32cubeide_1.16.1/plugins/com.st.stm32cube.ide.mcu.externaltools.gnu-tools-for-stm32.12.3.rel1.linux64_1.0.200.202406132123/tools/bin/../lib/gcc/arm-none-eabi/12.3.1/thumb/v7e-m+fp/hard/crtbegin.o
 *(.init)
 .init          0x0800cedc        0x4 /opt/st/stm32cubeide_1.16.1/plugins/com.st.stm32cube.ide.mcu.externaltools.gnu-tools-for-stm32.12.3.rel1.linux64_1.0.200.202406132123/tools/bin/../lib/gcc/arm-none-eabi/12.3.1/thumb/v7e-m+fp/hard/crti.o
                0x0800cedc                _init
 .init          0x0800cee0        0x8 /opt/st/stm32cubeide_1.16.1/plugins/com.st.stm32cube.ide.mcu.externaltools.gnu-tools-for-stm32.12.3.rel1.linux64_1.0.200.202406132123/tools/bin/../lib/gcc/arm-none-eabi/12.3.1/thumb/v7e-m+fp/hard/crtn.o
 *(.fini)
 .fini          0x0800cee8        0x4 /opt/st/stm32cubeide_1.16.1/plugins/com.st.stm32cube.ide.mcu.externaltools.gnu-tools-for-stm32.12.3.rel1.linux64_1.0.200.202406132123/tools/bin/../lib/gcc/arm-none-eabi/12.3.1/thumb/v7e-m+fp/hard/crti.o
                0x0800cee8                _fini
 .fini          0x0800ceec        0x8 /opt/st/stm32cubeide_1.16.1/plugins/com.st.stm32cube.ide.mcu.externaltools.gnu-tools-for-stm32.12.3.rel1.linux64_1.0.200.202406132123/tools/bin/../lib/gcc/arm-none-eabi/12.3.1/thumb/v7e-m+fp/hard/crtn.o
                0x0800cef4                        . = ALIGN (0x4)
                0x0800cef4                        _etext = .

.vfp11_veneer   0x0800cef4        0x0
 .vfp11_veneer  0x0800cef4        0x0 linker stubs

.v4_bx          0x0800cef4        0x0
 .v4_bx         0x0800cef4        0x0 linker stubs

.iplt           0x0800cef4        0x0
 .iplt          0x0800cef4        0x0 /opt/st/stm32cubeide_1.16.1/plugins/com.st.stm32cube.ide.mcu.externaltools.gnu-tools-for-stm32.12.3.rel1.linux64_1.0.200.202406132123/tools/bin/../lib/gcc/arm-none-eabi/12.3.1/thumb/v7e-m+fp/hard/crtbegin.o

.rodata         0x0800cef4       0x7c
                0x0800cef4                        . = ALIGN (0x4)
 *(.rodata)
 .rodata        0x0800cef4       0x46 ./USB_DEVICE/App/usbd_desc.o
 *(.rodata*)
 *fill*         0x0800cf3a        0x2 
 .rodata.AHBPrescTable
                0x0800cf3c       0x10 ./Core/Src/system_stm32f7xx.o
                0x0800cf3c                AHBPrescTable
 .rodata.APBPrescTable
                0x0800cf4c        0x8 ./Core/Src/system_stm32f7xx.o
                0x0800cf4c                APBPrescTable
 .rodata.flagBitshiftOffset.0
                0x0800cf54        0x8 ./Drivers/STM32F7xx_HAL_Driver/Src/stm32f7xx_hal_dma.o
 .rodata.SD_Driver
                0x0800cf5c       0x14 ./FATFS/Target/sd_diskio.o
                0x0800cf5c                SD_Driver
                0x0800cf70                        . = ALIGN (0x4)

.ARM.extab      0x0800cf70        0x0
                0x0800cf70                        . = ALIGN (0x4)
 *(.ARM.extab* .gnu.linkonce.armextab.*)
                0x0800cf70                        . = ALIGN (0x4)

.ARM            0x0800cf70        0x8
                0x0800cf70                        . = ALIGN (0x4)
                0x0800cf70                        __exidx_start = .
 *(.ARM.exidx*)
 .ARM.exidx     0x0800cf70        0x8 /opt/st/stm32cubeide_1.16.1/plugins/com.st.stm32cube.ide.mcu.externaltools.gnu-tools-for-stm32.12.3.rel1.linux64_1.0.200.202406132123/tools/bin/../lib/gcc/arm-none-eabi/12.3.1/thumb/v7e-m+fp/hard/libgcc.a(_udivmoddi4.o)
                0x0800cf78                        __exidx_end = .
                0x0800cf78                        . = ALIGN (0x4)

.preinit_array  0x0800cf78        0x0
                0x0800cf78                        . = ALIGN (0x4)
                0x0800cf78                        PROVIDE (__preinit_array_start = .)
 *(.preinit_array*)
                0x0800cf78                        PROVIDE (__preinit_array_end = .)
                0x0800cf78                        . = ALIGN (0x4)

.init_array     0x0800cf78        0x4
                0x0800cf78                        . = ALIGN (0x4)
                0x0800cf78                        PROVIDE (__init_array_start = .)
 *(SORT_BY_NAME(.init_array.*))
 *(.init_array*)
 .init_array    0x0800cf78        0x4 /opt/st/stm32cubeide_1.16.1/plugins/com.st.stm32cube.ide.mcu.externaltools.gnu-tools-for-stm32.12.3.rel1.linux64_1.0.200.202406132123/tools/bin/../lib/gcc/arm-none-eabi/12.3.1/thumb/v7e-m+fp/hard/crtbegin.o
                0x0800cf7c                        PROVIDE (__init_array_end = .)
                0x0800cf7c                        . = ALIGN (0x4)

.fini_array     0x0800cf7c        0x4
                0x0800cf7c                        . = ALIGN (0x4)
                [!provide]                        PROVIDE (__fini_array_start = .)
 *(SORT_BY_NAME(.fini_array.*))
 *(.fini_array*)
 .fini_array    0x0800cf7c        0x4 /opt/st/stm32cubeide_1.16.1/plugins/com.st.stm32cube.ide.mcu.externaltools.gnu-tools-for-stm32.12.3.rel1.linux64_1.0.200.202406132123/tools/bin/../lib/gcc/arm-none-eabi/12.3.1/thumb/v7e-m+fp/hard/crtbegin.o
                [!provide]                        PROVIDE (__fini_array_end = .)
                0x0800cf80                        . = ALIGN (0x4)
                0x0800cf80                        _sidata = LOADADDR (.data)

.rel.dyn        0x0800cf80        0x0
 .rel.iplt      0x0800cf80        0x0 /opt/st/stm32cubeide_1.16.1/plugins/com.st.stm32cube.ide.mcu.externaltools.gnu-tools-for-stm32.12.3.rel1.linux64_1.0.200.202406132123/tools/bin/../lib/gcc/arm-none-eabi/12.3.1/thumb/v7e-m+fp/hard/crtbegin.o

.data           0x20000000      0x15c load address 0x0800cf80
                0x20000000                        . = ALIGN (0x4)
                0x20000000                        _sdata = .
 *(.data)
 *(.data*)
 .data.SystemCoreClock
                0x20000000        0x4 ./Core/Src/system_stm32f7xx.o
                0x20000000                SystemCoreClock
 .data.uwTickPrio
                0x20000004        0x4 ./Drivers/STM32F7xx_HAL_Driver/Src/stm32f7xx_hal.o
                0x20000004                uwTickPrio
 .data.uwTickFreq
                0x20000008        0x1 ./Drivers/STM32F7xx_HAL_Driver/Src/stm32f7xx_hal.o
                0x20000008                uwTickFreq
 .data.Stat     0x20000009        0x1 ./FATFS/Target/sd_diskio.o
 *fill*         0x2000000a        0x2 
 .data.USBD_CDC_DeviceQualifierDesc
                0x2000000c        0xa ./Middlewares/ST/STM32_USB_Device_Library/Class/CDC/Src/usbd_cdc.o
 *fill*         0x20000016        0x2 
 .data.USBD_CDC
                0x20000018       0x38 ./Middlewares/ST/STM32_USB_Device_Library/Class/CDC/Src/usbd_cdc.o
                0x20000018                USBD_CDC
 .data.USBD_CDC_CfgDesc
                0x20000050       0x43 ./Middlewares/ST/STM32_USB_Device_Library/Class/CDC/Src/usbd_cdc.o
 .data.CDCInEpAdd
                0x20000093        0x1 ./Middlewares/ST/STM32_USB_Device_Library/Class/CDC/Src/usbd_cdc.o
 .data.CDCOutEpAdd
                0x20000094        0x1 ./Middlewares/ST/STM32_USB_Device_Library/Class/CDC/Src/usbd_cdc.o
 .data.CDCCmdEpAdd
                0x20000095        0x1 ./Middlewares/ST/STM32_USB_Device_Library/Class/CDC/Src/usbd_cdc.o
 *fill*         0x20000096        0x2 
 .data.USBD_Interface_fops_FS
                0x20000098       0x14 ./USB_DEVICE/App/usbd_cdc_if.o
                0x20000098                USBD_Interface_fops_FS
 .data.FS_Desc  0x200000ac       0x20 ./USB_DEVICE/App/usbd_desc.o
                0x200000ac                FS_Desc
 .data.USBD_FS_DeviceDesc
                0x200000cc       0x12 ./USB_DEVICE/App/usbd_desc.o
                0x200000cc                USBD_FS_DeviceDesc
 *fill*         0x200000de        0x2 
 .data.USBD_FS_BOSDesc
                0x200000e0        0xc ./USB_DEVICE/App/usbd_desc.o
                0x200000e0                USBD_FS_BOSDesc
 .data.USBD_LangIDDesc
                0x200000ec        0x4 ./USB_DEVICE/App/usbd_desc.o
                0x200000ec                USBD_LangIDDesc
 .data.USBD_StringSerial
                0x200000f0       0x1a ./USB_DEVICE/App/usbd_desc.o
                0x200000f0                USBD_StringSerial
 *fill*         0x2000010a        0x2 
 .data._impure_ptr
                0x2000010c        0x4 /opt/st/stm32cubeide_1.16.1/plugins/com.st.stm32cube.ide.mcu.externaltools.gnu-tools-for-stm32.12.3.rel1.linux64_1.0.200.202406132123/tools/bin/../lib/gcc/arm-none-eabi/12.3.1/../../../../arm-none-eabi/lib/thumb/v7e-m+fp/hard/libc_nano.a(libc_a-impure.o)
                0x2000010c                _impure_ptr
 .data._impure_data
                0x20000110       0x4c /opt/st/stm32cubeide_1.16.1/plugins/com.st.stm32cube.ide.mcu.externaltools.gnu-tools-for-stm32.12.3.rel1.linux64_1.0.200.202406132123/tools/bin/../lib/gcc/arm-none-eabi/12.3.1/../../../../arm-none-eabi/lib/thumb/v7e-m+fp/hard/libc_nano.a(libc_a-impure.o)
                0x20000110                _impure_data
 *(.RamFunc)
 *(.RamFunc*)
                0x2000015c                        . = ALIGN (0x4)
                0x2000015c                        _edata = .

.igot.plt       0x2000015c        0x0 load address 0x0800d0dc
 .igot.plt      0x2000015c        0x0 /opt/st/stm32cubeide_1.16.1/plugins/com.st.stm32cube.ide.mcu.externaltools.gnu-tools-for-stm32.12.3.rel1.linux64_1.0.200.202406132123/tools/bin/../lib/gcc/arm-none-eabi/12.3.1/thumb/v7e-m+fp/hard/crtbegin.o
                0x2000015c                        . = ALIGN (0x4)

.bss            0x2000015c     0x20c8 load address 0x0800d0dc
                0x2000015c                        _sbss = .
                0x2000015c                        __bss_start__ = _sbss
 *(.bss)
 .bss           0x2000015c       0x1c /opt/st/stm32cubeide_1.16.1/plugins/com.st.stm32cube.ide.mcu.externaltools.gnu-tools-for-stm32.12.3.rel1.linux64_1.0.200.202406132123/tools/bin/../lib/gcc/arm-none-eabi/12.3.1/thumb/v7e-m+fp/hard/crtbegin.o
 *(.bss*)
 .bss.hadc1     0x20000178       0x48 ./Core/Src/main.o
                0x20000178                hadc1
 .bss.hi2c1     0x200001c0       0x54 ./Core/Src/main.o
                0x200001c0                hi2c1
 .bss.hsd1      0x20000214       0x84 ./Core/Src/main.o
                0x20000214                hsd1
 .bss.hspi1     0x20000298       0x64 ./Core/Src/main.o
                0x20000298                hspi1
 .bss.hspi2     0x200002fc       0x64 ./Core/Src/main.o
                0x200002fc                hspi2
 .bss.htim1     0x20000360       0x4c ./Core/Src/main.o
                0x20000360                htim1
 .bss.htim6     0x200003ac       0x4c ./Core/Src/main.o
                0x200003ac                htim6
 .bss.hdma_tim1_ch1
                0x200003f8       0x60 ./Core/Src/main.o
                0x200003f8                hdma_tim1_ch1
 .bss.huart4    0x20000458       0x88 ./Core/Src/main.o
                0x20000458                huart4
 .bss.huart1    0x200004e0       0x88 ./Core/Src/main.o
                0x200004e0                huart1
 .bss.huart2    0x20000568       0x88 ./Core/Src/main.o
                0x20000568                huart2
 .bss.huart3    0x200005f0       0x88 ./Core/Src/main.o
                0x200005f0                huart3
 .bss.huart6    0x20000678       0x88 ./Core/Src/main.o
                0x20000678                huart6
 .bss.__sbrk_heap_end
                0x20000700        0x4 ./Core/Src/sysmem.o
 .bss.uwTick    0x20000704        0x4 ./Drivers/STM32F7xx_HAL_Driver/Src/stm32f7xx_hal.o
                0x20000704                uwTick
 .bss.retSD     0x20000708        0x1 ./FATFS/App/fatfs.o
                0x20000708                retSD
 *fill*         0x20000709        0x3 
 .bss.SDPath    0x2000070c        0x4 ./FATFS/App/fatfs.o
                0x2000070c                SDPath
 .bss.cfgidx.0  0x20000710        0x1 ./Middlewares/ST/STM32_USB_Device_Library/Core/Src/usbd_ctlreq.o
 *fill*         0x20000711        0x3 
 .bss.disk      0x20000714        0xc ./Middlewares/Third_Party/FatFs/src/ff_gen_drv.o
                0x20000714                disk
 .bss.hUsbDeviceFS
                0x20000720      0x2dc ./USB_DEVICE/App/usb_device.o
                0x20000720                hUsbDeviceFS
 .bss.UserRxBufferFS
                0x200009fc      0x800 ./USB_DEVICE/App/usbd_cdc_if.o
                0x200009fc                UserRxBufferFS
 .bss.UserTxBufferFS
                0x200011fc      0x800 ./USB_DEVICE/App/usbd_cdc_if.o
                0x200011fc                UserTxBufferFS
 .bss.USBD_StrDesc
                0x200019fc      0x200 ./USB_DEVICE/App/usbd_desc.o
                0x200019fc                USBD_StrDesc
 .bss.hpcd_USB_OTG_FS
                0x20001bfc      0x4e0 ./USB_DEVICE/Target/usbd_conf.o
                0x20001bfc                hpcd_USB_OTG_FS
 .bss.__malloc_sbrk_start
                0x200020dc        0x4 /opt/st/stm32cubeide_1.16.1/plugins/com.st.stm32cube.ide.mcu.externaltools.gnu-tools-for-stm32.12.3.rel1.linux64_1.0.200.202406132123/tools/bin/../lib/gcc/arm-none-eabi/12.3.1/../../../../arm-none-eabi/lib/thumb/v7e-m+fp/hard/libc_nano.a(libc_a-mallocr.o)
                0x200020dc                __malloc_sbrk_start
 .bss.__malloc_free_list
                0x200020e0        0x4 /opt/st/stm32cubeide_1.16.1/plugins/com.st.stm32cube.ide.mcu.externaltools.gnu-tools-for-stm32.12.3.rel1.linux64_1.0.200.202406132123/tools/bin/../lib/gcc/arm-none-eabi/12.3.1/../../../../arm-none-eabi/lib/thumb/v7e-m+fp/hard/libc_nano.a(libc_a-mallocr.o)
                0x200020e0                __malloc_free_list
 .bss.__sf      0x200020e4      0x138 /opt/st/stm32cubeide_1.16.1/plugins/com.st.stm32cube.ide.mcu.externaltools.gnu-tools-for-stm32.12.3.rel1.linux64_1.0.200.202406132123/tools/bin/../lib/gcc/arm-none-eabi/12.3.1/../../../../arm-none-eabi/lib/thumb/v7e-m+fp/hard/libc_nano.a(libc_a-findfp.o)
                0x200020e4                __sf
 .bss.errno     0x2000221c        0x4 /opt/st/stm32cubeide_1.16.1/plugins/com.st.stm32cube.ide.mcu.externaltools.gnu-tools-for-stm32.12.3.rel1.linux64_1.0.200.202406132123/tools/bin/../lib/gcc/arm-none-eabi/12.3.1/../../../../arm-none-eabi/lib/thumb/v7e-m+fp/hard/libc_nano.a(libc_a-reent.o)
                0x2000221c                errno
 .bss.__lock___malloc_recursive_mutex
                0x20002220        0x1 /opt/st/stm32cubeide_1.16.1/plugins/com.st.stm32cube.ide.mcu.externaltools.gnu-tools-for-stm32.12.3.rel1.linux64_1.0.200.202406132123/tools/bin/../lib/gcc/arm-none-eabi/12.3.1/../../../../arm-none-eabi/lib/thumb/v7e-m+fp/hard/libc_nano.a(libc_a-lock.o)
                0x20002220                __lock___malloc_recursive_mutex
 *(COMMON)
                0x20002224                        . = ALIGN (0x4)
 *fill*         0x20002221        0x3 
                0x20002224                        _ebss = .
                0x20002224                        __bss_end__ = _ebss

._user_heap_stack
                0x20002224      0x604 load address 0x0800d0dc
                0x20002228                        . = ALIGN (0x8)
 *fill*         0x20002224        0x4 
                [!provide]                        PROVIDE (end = .)
                0x20002228                        PROVIDE (_end = .)
                0x20002428                        . = (. + _Min_Heap_Size)
 *fill*         0x20002228      0x200 
                0x20002828                        . = (. + _Min_Stack_Size)
 *fill*         0x20002428      0x400 
                0x20002828                        . = ALIGN (0x8)

/DISCARD/
 libc.a(*)
 libm.a(*)
 libgcc.a(*)

.ARM.attributes
                0x00000000       0x30
 *(.ARM.attributes)
 .ARM.attributes
                0x00000000       0x22 /opt/st/stm32cubeide_1.16.1/plugins/com.st.stm32cube.ide.mcu.externaltools.gnu-tools-for-stm32.12.3.rel1.linux64_1.0.200.202406132123/tools/bin/../lib/gcc/arm-none-eabi/12.3.1/thumb/v7e-m+fp/hard/crti.o
 .ARM.attributes
                0x00000022       0x34 /opt/st/stm32cubeide_1.16.1/plugins/com.st.stm32cube.ide.mcu.externaltools.gnu-tools-for-stm32.12.3.rel1.linux64_1.0.200.202406132123/tools/bin/../lib/gcc/arm-none-eabi/12.3.1/thumb/v7e-m+fp/hard/crtbegin.o
 .ARM.attributes
                0x00000056       0x34 ./Core/Src/main.o
 .ARM.attributes
                0x0000008a       0x34 ./Core/Src/stm32f7xx_hal_msp.o
 .ARM.attributes
                0x000000be       0x34 ./Core/Src/stm32f7xx_it.o
 .ARM.attributes
                0x000000f2       0x34 ./Core/Src/sysmem.o
 .ARM.attributes
                0x00000126       0x34 ./Core/Src/system_stm32f7xx.o
 .ARM.attributes
                0x0000015a       0x21 ./Core/Startup/startup_stm32f722retx.o
 .ARM.attributes
                0x0000017b       0x34 ./Drivers/STM32F7xx_HAL_Driver/Src/stm32f7xx_hal.o
 .ARM.attributes
                0x000001af       0x34 ./Drivers/STM32F7xx_HAL_Driver/Src/stm32f7xx_hal_adc.o
 .ARM.attributes
                0x000001e3       0x34 ./Drivers/STM32F7xx_HAL_Driver/Src/stm32f7xx_hal_cortex.o
 .ARM.attributes
                0x00000217       0x34 ./Drivers/STM32F7xx_HAL_Driver/Src/stm32f7xx_hal_dma.o
 .ARM.attributes
                0x0000024b       0x34 ./Drivers/STM32F7xx_HAL_Driver/Src/stm32f7xx_hal_gpio.o
 .ARM.attributes
                0x0000027f       0x34 ./Drivers/STM32F7xx_HAL_Driver/Src/stm32f7xx_hal_i2c.o
 .ARM.attributes
                0x000002b3       0x34 ./Drivers/STM32F7xx_HAL_Driver/Src/stm32f7xx_hal_i2c_ex.o
 .ARM.attributes
                0x000002e7       0x34 ./Drivers/STM32F7xx_HAL_Driver/Src/stm32f7xx_hal_pcd.o
 .ARM.attributes
                0x0000031b       0x34 ./Drivers/STM32F7xx_HAL_Driver/Src/stm32f7xx_hal_pcd_ex.o
 .ARM.attributes
                0x0000034f       0x34 ./Drivers/STM32F7xx_HAL_Driver/Src/stm32f7xx_hal_pwr_ex.o
 .ARM.attributes
                0x00000383       0x34 ./Drivers/STM32F7xx_HAL_Driver/Src/stm32f7xx_hal_rcc.o
 .ARM.attributes
                0x000003b7       0x34 ./Drivers/STM32F7xx_HAL_Driver/Src/stm32f7xx_hal_rcc_ex.o
 .ARM.attributes
                0x000003eb       0x34 ./Drivers/STM32F7xx_HAL_Driver/Src/stm32f7xx_hal_sd.o
 .ARM.attributes
                0x0000041f       0x34 ./Drivers/STM32F7xx_HAL_Driver/Src/stm32f7xx_hal_spi.o
 .ARM.attributes
                0x00000453       0x34 ./Drivers/STM32F7xx_HAL_Driver/Src/stm32f7xx_hal_tim.o
 .ARM.attributes
                0x00000487       0x34 ./Drivers/STM32F7xx_HAL_Driver/Src/stm32f7xx_hal_tim_ex.o
 .ARM.attributes
                0x000004bb       0x34 ./Drivers/STM32F7xx_HAL_Driver/Src/stm32f7xx_hal_uart.o
 .ARM.attributes
                0x000004ef       0x34 ./Drivers/STM32F7xx_HAL_Driver/Src/stm32f7xx_ll_sdmmc.o
 .ARM.attributes
                0x00000523       0x34 ./Drivers/STM32F7xx_HAL_Driver/Src/stm32f7xx_ll_usb.o
 .ARM.attributes
                0x00000557       0x34 ./FATFS/App/fatfs.o
 .ARM.attributes
                0x0000058b       0x34 ./FATFS/Target/bsp_driver_sd.o
 .ARM.attributes
                0x000005bf       0x34 ./FATFS/Target/fatfs_platform.o
 .ARM.attributes
                0x000005f3       0x34 ./FATFS/Target/sd_diskio.o
 .ARM.attributes
                0x00000627       0x34 ./Middlewares/ST/STM32_USB_Device_Library/Class/CDC/Src/usbd_cdc.o
 .ARM.attributes
                0x0000065b       0x34 ./Middlewares/ST/STM32_USB_Device_Library/Core/Src/usbd_core.o
 .ARM.attributes
                0x0000068f       0x34 ./Middlewares/ST/STM32_USB_Device_Library/Core/Src/usbd_ctlreq.o
 .ARM.attributes
                0x000006c3       0x34 ./Middlewares/ST/STM32_USB_Device_Library/Core/Src/usbd_ioreq.o
 .ARM.attributes
                0x000006f7       0x34 ./Middlewares/Third_Party/FatFs/src/ff_gen_drv.o
 .ARM.attributes
                0x0000072b       0x34 ./USB_DEVICE/App/usb_device.o
 .ARM.attributes
                0x0000075f       0x34 ./USB_DEVICE/App/usbd_cdc_if.o
 .ARM.attributes
                0x00000793       0x34 ./USB_DEVICE/App/usbd_desc.o
 .ARM.attributes
                0x000007c7       0x34 ./USB_DEVICE/Target/usbd_conf.o
 .ARM.attributes
                0x000007fb       0x34 /opt/st/stm32cubeide_1.16.1/plugins/com.st.stm32cube.ide.mcu.externaltools.gnu-tools-for-stm32.12.3.rel1.linux64_1.0.200.202406132123/tools/bin/../lib/gcc/arm-none-eabi/12.3.1/../../../../arm-none-eabi/lib/thumb/v7e-m+fp/hard/libc_nano.a(libc_a-malloc.o)
 .ARM.attributes
                0x0000082f       0x34 /opt/st/stm32cubeide_1.16.1/plugins/com.st.stm32cube.ide.mcu.externaltools.gnu-tools-for-stm32.12.3.rel1.linux64_1.0.200.202406132123/tools/bin/../lib/gcc/arm-none-eabi/12.3.1/../../../../arm-none-eabi/lib/thumb/v7e-m+fp/hard/libc_nano.a(libc_a-mallocr.o)
 .ARM.attributes
                0x00000863       0x34 /opt/st/stm32cubeide_1.16.1/plugins/com.st.stm32cube.ide.mcu.externaltools.gnu-tools-for-stm32.12.3.rel1.linux64_1.0.200.202406132123/tools/bin/../lib/gcc/arm-none-eabi/12.3.1/../../../../arm-none-eabi/lib/thumb/v7e-m+fp/hard/libc_nano.a(libc_a-mlock.o)
 .ARM.attributes
                0x00000897       0x34 /opt/st/stm32cubeide_1.16.1/plugins/com.st.stm32cube.ide.mcu.externaltools.gnu-tools-for-stm32.12.3.rel1.linux64_1.0.200.202406132123/tools/bin/../lib/gcc/arm-none-eabi/12.3.1/../../../../arm-none-eabi/lib/thumb/v7e-m+fp/hard/libc_nano.a(libc_a-findfp.o)
 .ARM.attributes
                0x000008cb       0x34 /opt/st/stm32cubeide_1.16.1/plugins/com.st.stm32cube.ide.mcu.externaltools.gnu-tools-for-stm32.12.3.rel1.linux64_1.0.200.202406132123/tools/bin/../lib/gcc/arm-none-eabi/12.3.1/../../../../arm-none-eabi/lib/thumb/v7e-m+fp/hard/libc_nano.a(libc_a-memset.o)
 .ARM.attributes
                0x000008ff       0x34 /opt/st/stm32cubeide_1.16.1/plugins/com.st.stm32cube.ide.mcu.externaltools.gnu-tools-for-stm32.12.3.rel1.linux64_1.0.200.202406132123/tools/bin/../lib/gcc/arm-none-eabi/12.3.1/../../../../arm-none-eabi/lib/thumb/v7e-m+fp/hard/libc_nano.a(libc_a-reent.o)
 .ARM.attributes
                0x00000933       0x34 /opt/st/stm32cubeide_1.16.1/plugins/com.st.stm32cube.ide.mcu.externaltools.gnu-tools-for-stm32.12.3.rel1.linux64_1.0.200.202406132123/tools/bin/../lib/gcc/arm-none-eabi/12.3.1/../../../../arm-none-eabi/lib/thumb/v7e-m+fp/hard/libc_nano.a(libc_a-impure.o)
 .ARM.attributes
                0x00000967       0x34 /opt/st/stm32cubeide_1.16.1/plugins/com.st.stm32cube.ide.mcu.externaltools.gnu-tools-for-stm32.12.3.rel1.linux64_1.0.200.202406132123/tools/bin/../lib/gcc/arm-none-eabi/12.3.1/../../../../arm-none-eabi/lib/thumb/v7e-m+fp/hard/libc_nano.a(libc_a-sbrkr.o)
 .ARM.attributes
                0x0000099b       0x34 /opt/st/stm32cubeide_1.16.1/plugins/com.st.stm32cube.ide.mcu.externaltools.gnu-tools-for-stm32.12.3.rel1.linux64_1.0.200.202406132123/tools/bin/../lib/gcc/arm-none-eabi/12.3.1/../../../../arm-none-eabi/lib/thumb/v7e-m+fp/hard/libc_nano.a(libc_a-errno.o)
 .ARM.attributes
                0x000009cf       0x34 /opt/st/stm32cubeide_1.16.1/plugins/com.st.stm32cube.ide.mcu.externaltools.gnu-tools-for-stm32.12.3.rel1.linux64_1.0.200.202406132123/tools/bin/../lib/gcc/arm-none-eabi/12.3.1/../../../../arm-none-eabi/lib/thumb/v7e-m+fp/hard/libc_nano.a(libc_a-init.o)
 .ARM.attributes
                0x00000a03       0x34 /opt/st/stm32cubeide_1.16.1/plugins/com.st.stm32cube.ide.mcu.externaltools.gnu-tools-for-stm32.12.3.rel1.linux64_1.0.200.202406132123/tools/bin/../lib/gcc/arm-none-eabi/12.3.1/../../../../arm-none-eabi/lib/thumb/v7e-m+fp/hard/libc_nano.a(libc_a-lock.o)
 .ARM.attributes
                0x00000a37       0x34 /opt/st/stm32cubeide_1.16.1/plugins/com.st.stm32cube.ide.mcu.externaltools.gnu-tools-for-stm32.12.3.rel1.linux64_1.0.200.202406132123/tools/bin/../lib/gcc/arm-none-eabi/12.3.1/../../../../arm-none-eabi/lib/thumb/v7e-m+fp/hard/libc_nano.a(libc_a-freer.o)
 .ARM.attributes
                0x00000a6b       0x22 /opt/st/stm32cubeide_1.16.1/plugins/com.st.stm32cube.ide.mcu.externaltools.gnu-tools-for-stm32.12.3.rel1.linux64_1.0.200.202406132123/tools/bin/../lib/gcc/arm-none-eabi/12.3.1/thumb/v7e-m+fp/hard/libgcc.a(_aeabi_uldivmod.o)
 .ARM.attributes
                0x00000a8d       0x34 /opt/st/stm32cubeide_1.16.1/plugins/com.st.stm32cube.ide.mcu.externaltools.gnu-tools-for-stm32.12.3.rel1.linux64_1.0.200.202406132123/tools/bin/../lib/gcc/arm-none-eabi/12.3.1/thumb/v7e-m+fp/hard/libgcc.a(_udivmoddi4.o)
 .ARM.attributes
                0x00000ac1       0x22 /opt/st/stm32cubeide_1.16.1/plugins/com.st.stm32cube.ide.mcu.externaltools.gnu-tools-for-stm32.12.3.rel1.linux64_1.0.200.202406132123/tools/bin/../lib/gcc/arm-none-eabi/12.3.1/thumb/v7e-m+fp/hard/libgcc.a(_dvmd_tls.o)
 .ARM.attributes
                0x00000ae3       0x22 /opt/st/stm32cubeide_1.16.1/plugins/com.st.stm32cube.ide.mcu.externaltools.gnu-tools-for-stm32.12.3.rel1.linux64_1.0.200.202406132123/tools/bin/../lib/gcc/arm-none-eabi/12.3.1/thumb/v7e-m+fp/hard/crtn.o
OUTPUT(AlphaFlight.elf elf32-littlearm)
LOAD linker stubs
LOAD /opt/st/stm32cubeide_1.16.1/plugins/com.st.stm32cube.ide.mcu.externaltools.gnu-tools-for-stm32.12.3.rel1.linux64_1.0.200.202406132123/tools/bin/../lib/gcc/arm-none-eabi/12.3.1/../../../../arm-none-eabi/lib/thumb/v7e-m+fp/hard/libc.a
LOAD /opt/st/stm32cubeide_1.16.1/plugins/com.st.stm32cube.ide.mcu.externaltools.gnu-tools-for-stm32.12.3.rel1.linux64_1.0.200.202406132123/tools/bin/../lib/gcc/arm-none-eabi/12.3.1/../../../../arm-none-eabi/lib/thumb/v7e-m+fp/hard/libm.a
LOAD /opt/st/stm32cubeide_1.16.1/plugins/com.st.stm32cube.ide.mcu.externaltools.gnu-tools-for-stm32.12.3.rel1.linux64_1.0.200.202406132123/tools/bin/../lib/gcc/arm-none-eabi/12.3.1/thumb/v7e-m+fp/hard/libgcc.a

.debug_info     0x00000000    0x245f0
 .debug_info    0x00000000     0x245e ./Core/Src/main.o
 .debug_info    0x0000245e     0x2043 ./Core/Src/stm32f7xx_hal_msp.o
 .debug_info    0x000044a1      0x8eb ./Core/Src/stm32f7xx_it.o
 .debug_info    0x00004d8c      0x168 ./Core/Src/sysmem.o
 .debug_info    0x00004ef4      0x6ed ./Core/Src/system_stm32f7xx.o
 .debug_info    0x000055e1       0x30 ./Core/Startup/startup_stm32f722retx.o
 .debug_info    0x00005611      0x990 ./Drivers/STM32F7xx_HAL_Driver/Src/stm32f7xx_hal.o
 .debug_info    0x00005fa1      0xc83 ./Drivers/STM32F7xx_HAL_Driver/Src/stm32f7xx_hal_adc.o
 .debug_info    0x00006c24      0xf36 ./Drivers/STM32F7xx_HAL_Driver/Src/stm32f7xx_hal_cortex.o
 .debug_info    0x00007b5a      0x8e7 ./Drivers/STM32F7xx_HAL_Driver/Src/stm32f7xx_hal_dma.o
 .debug_info    0x00008441      0x6e7 ./Drivers/STM32F7xx_HAL_Driver/Src/stm32f7xx_hal_gpio.o