../Core/Src/stm32f7xx_hal_msp.c:67:6:HAL_MspInit	8	static
../Core/Src/stm32f7xx_hal_msp.c:90:6:HAL_ADC_MspInit	40	static
../Core/Src/stm32f7xx_hal_msp.c:124:6:HAL_ADC_MspDeInit	0	static
../Core/Src/stm32f7xx_hal_msp.c:152:6:HAL_I2C_MspInit	168	static
../Core/Src/stm32f7xx_hal_msp.c:199:6:HAL_I2C_MspDeInit	8	static
../Core/Src/stm32f7xx_hal_msp.c:230:6:HAL_SD_MspInit	184	static
../Core/Src/stm32f7xx_hal_msp.c:292:6:HAL_SD_MspDeInit	8	static
../Core/Src/stm32f7xx_hal_msp.c:328:6:HAL_SPI_MspInit	56	static
../Core/Src/stm32f7xx_hal_msp.c:398:6:HAL_SPI_MspDeInit	8	static
../Core/Src/stm32f7xx_hal_msp.c:449:6:HAL_TIM_PWM_MspInit	24	static
../Core/Src/stm32f7xx_hal_msp.c:492:6:HAL_TIM_Base_MspInit	8	static
../Core/Src/stm32f7xx_hal_msp.c:509:6:HAL_TIM_MspPostInit	32	static
../Core/Src/stm32f7xx_hal_msp.c:541:6:HAL_TIM_PWM_MspDeInit	0	static
../Core/Src/stm32f7xx_hal_msp.c:566:6:HAL_TIM_Base_MspDeInit	0	static
../Core/Src/stm32f7xx_hal_msp.c:588:6:HAL_UART_MspInit	208	static
../Core/Src/stm32f7xx_hal_msp.c:771:6:HAL_UART_MspDeInit	0	static
