../Core/Src/stm32f7xx_hal_msp.c:66:6:HAL_MspInit	8	static
../Core/Src/stm32f7xx_hal_msp.c:89:6:HAL_ADC_MspInit	40	static
../Core/Src/stm32f7xx_hal_msp.c:123:6:HAL_ADC_MspDeInit	0	static
../Core/Src/stm32f7xx_hal_msp.c:151:6:HAL_I2C_MspInit	168	static
../Core/Src/stm32f7xx_hal_msp.c:198:6:HAL_I2C_MspDeInit	8	static
../Core/Src/stm32f7xx_hal_msp.c:229:6:HAL_SD_MspInit	184	static
../Core/Src/stm32f7xx_hal_msp.c:291:6:HAL_SD_MspDeInit	8	static
../Core/Src/stm32f7xx_hal_msp.c:327:6:HAL_SPI_MspInit	56	static
../Core/Src/stm32f7xx_hal_msp.c:397:6:HAL_SPI_MspDeInit	8	static
../Core/Src/stm32f7xx_hal_msp.c:448:6:HAL_TIM_PWM_MspInit	8	static
../Core/Src/stm32f7xx_hal_msp.c:471:6:HAL_TIM_Base_MspInit	8	static
../Core/Src/stm32f7xx_hal_msp.c:488:6:HAL_TIM_MspPostInit	32	static
../Core/Src/stm32f7xx_hal_msp.c:520:6:HAL_TIM_PWM_MspDeInit	0	static
../Core/Src/stm32f7xx_hal_msp.c:542:6:HAL_TIM_Base_MspDeInit	0	static
../Core/Src/stm32f7xx_hal_msp.c:564:6:HAL_UART_MspInit	208	static
../Core/Src/stm32f7xx_hal_msp.c:747:6:HAL_UART_MspDeInit	0	static
