Archive member included to satisfy reference by file (symbol)

/opt/st/stm32cubeide_1.16.1/plugins/com.st.stm32cube.ide.mcu.externaltools.gnu-tools-for-stm32.12.3.rel1.linux64_1.0.200.202406132123/tools/bin/../lib/gcc/arm-none-eabi/12.3.1/../../../../arm-none-eabi/lib/thumb/v7e-m+fp/hard/libc_nano.a(libc_a-exit.o)
                              /opt/st/stm32cubeide_1.16.1/plugins/com.st.stm32cube.ide.mcu.externaltools.gnu-tools-for-stm32.12.3.rel1.linux64_1.0.200.202406132123/tools/bin/../lib/gcc/arm-none-eabi/12.3.1/../../../../arm-none-eabi/lib/thumb/v7e-m+fp/hard/crt0.o (exit)
/opt/st/stm32cubeide_1.16.1/plugins/com.st.stm32cube.ide.mcu.externaltools.gnu-tools-for-stm32.12.3.rel1.linux64_1.0.200.202406132123/tools/bin/../lib/gcc/arm-none-eabi/12.3.1/../../../../arm-none-eabi/lib/thumb/v7e-m+fp/hard/libc_nano.a(libc_a-malloc.o)
                              ./Middlewares/ST/STM32_USB_Device_Library/Class/CDC/Src/usbd_cdc.o (malloc)
/opt/st/stm32cubeide_1.16.1/plugins/com.st.stm32cube.ide.mcu.externaltools.gnu-tools-for-stm32.12.3.rel1.linux64_1.0.200.202406132123/tools/bin/../lib/gcc/arm-none-eabi/12.3.1/../../../../arm-none-eabi/lib/thumb/v7e-m+fp/hard/libc_nano.a(libc_a-mallocr.o)
                              /opt/st/stm32cubeide_1.16.1/plugins/com.st.stm32cube.ide.mcu.externaltools.gnu-tools-for-stm32.12.3.rel1.linux64_1.0.200.202406132123/tools/bin/../lib/gcc/arm-none-eabi/12.3.1/../../../../arm-none-eabi/lib/thumb/v7e-m+fp/hard/libc_nano.a(libc_a-malloc.o) (_malloc_r)
/opt/st/stm32cubeide_1.16.1/plugins/com.st.stm32cube.ide.mcu.externaltools.gnu-tools-for-stm32.12.3.rel1.linux64_1.0.200.202406132123/tools/bin/../lib/gcc/arm-none-eabi/12.3.1/../../../../arm-none-eabi/lib/thumb/v7e-m+fp/hard/libc_nano.a(libc_a-mlock.o)
                              /opt/st/stm32cubeide_1.16.1/plugins/com.st.stm32cube.ide.mcu.externaltools.gnu-tools-for-stm32.12.3.rel1.linux64_1.0.200.202406132123/tools/bin/../lib/gcc/arm-none-eabi/12.3.1/../../../../arm-none-eabi/lib/thumb/v7e-m+fp/hard/libc_nano.a(libc_a-mallocr.o) (__malloc_lock)
/opt/st/stm32cubeide_1.16.1/plugins/com.st.stm32cube.ide.mcu.externaltools.gnu-tools-for-stm32.12.3.rel1.linux64_1.0.200.202406132123/tools/bin/../lib/gcc/arm-none-eabi/12.3.1/../../../../arm-none-eabi/lib/thumb/v7e-m+fp/hard/libc_nano.a(libc_a-findfp.o)
                              /opt/st/stm32cubeide_1.16.1/plugins/com.st.stm32cube.ide.mcu.externaltools.gnu-tools-for-stm32.12.3.rel1.linux64_1.0.200.202406132123/tools/bin/../lib/gcc/arm-none-eabi/12.3.1/../../../../arm-none-eabi/lib/thumb/v7e-m+fp/hard/libc_nano.a(libc_a-exit.o) (__stdio_exit_handler)
/opt/st/stm32cubeide_1.16.1/plugins/com.st.stm32cube.ide.mcu.externaltools.gnu-tools-for-stm32.12.3.rel1.linux64_1.0.200.202406132123/tools/bin/../lib/gcc/arm-none-eabi/12.3.1/../../../../arm-none-eabi/lib/thumb/v7e-m+fp/hard/libc_nano.a(libc_a-fwalk.o)
                              /opt/st/stm32cubeide_1.16.1/plugins/com.st.stm32cube.ide.mcu.externaltools.gnu-tools-for-stm32.12.3.rel1.linux64_1.0.200.202406132123/tools/bin/../lib/gcc/arm-none-eabi/12.3.1/../../../../arm-none-eabi/lib/thumb/v7e-m+fp/hard/libc_nano.a(libc_a-findfp.o) (_fwalk_sglue)
/opt/st/stm32cubeide_1.16.1/plugins/com.st.stm32cube.ide.mcu.externaltools.gnu-tools-for-stm32.12.3.rel1.linux64_1.0.200.202406132123/tools/bin/../lib/gcc/arm-none-eabi/12.3.1/../../../../arm-none-eabi/lib/thumb/v7e-m+fp/hard/libc_nano.a(libc_a-stdio.o)
                              /opt/st/stm32cubeide_1.16.1/plugins/com.st.stm32cube.ide.mcu.externaltools.gnu-tools-for-stm32.12.3.rel1.linux64_1.0.200.202406132123/tools/bin/../lib/gcc/arm-none-eabi/12.3.1/../../../../arm-none-eabi/lib/thumb/v7e-m+fp/hard/libc_nano.a(libc_a-findfp.o) (__sread)
/opt/st/stm32cubeide_1.16.1/plugins/com.st.stm32cube.ide.mcu.externaltools.gnu-tools-for-stm32.12.3.rel1.linux64_1.0.200.202406132123/tools/bin/../lib/gcc/arm-none-eabi/12.3.1/../../../../arm-none-eabi/lib/thumb/v7e-m+fp/hard/libc_nano.a(libc_a-memset.o)
                              /opt/st/stm32cubeide_1.16.1/plugins/com.st.stm32cube.ide.mcu.externaltools.gnu-tools-for-stm32.12.3.rel1.linux64_1.0.200.202406132123/tools/bin/../lib/gcc/arm-none-eabi/12.3.1/../../../../arm-none-eabi/lib/thumb/v7e-m+fp/hard/crt0.o (memset)
/opt/st/stm32cubeide_1.16.1/plugins/com.st.stm32cube.ide.mcu.externaltools.gnu-tools-for-stm32.12.3.rel1.linux64_1.0.200.202406132123/tools/bin/../lib/gcc/arm-none-eabi/12.3.1/../../../../arm-none-eabi/lib/thumb/v7e-m+fp/hard/libc_nano.a(libc_a-closer.o)
                              /opt/st/stm32cubeide_1.16.1/plugins/com.st.stm32cube.ide.mcu.externaltools.gnu-tools-for-stm32.12.3.rel1.linux64_1.0.200.202406132123/tools/bin/../lib/gcc/arm-none-eabi/12.3.1/../../../../arm-none-eabi/lib/thumb/v7e-m+fp/hard/libc_nano.a(libc_a-stdio.o) (_close_r)
[...]
Memory Configuration

Name             Origin             Length             Attributes
RAM              0x20000000         0x00040000         xrw
FLASH            0x08000000         0x00080000         xr
*default*        0x00000000         0xffffffff

Linker script and memory map

LOAD /opt/st/stm32cubeide_1.16.1/plugins/com.st.stm32cube.ide.mcu.externaltools.gnu-tools-for-stm32.12.3.rel1.linux64_1.0.200.202406132123/tools/bin/../lib/gcc/arm-none-eabi/12.3.1/thumb/v7e-m+fp/hard/crti.o
LOAD /opt/st/stm32cubeide_1.16.1/plugins/com.st.stm32cube.ide.mcu.externaltools.gnu-tools-for-stm32.12.3.rel1.linux64_1.0.200.202406132123/tools/bin/../lib/gcc/arm-none-eabi/12.3.1/thumb/v7e-m+fp/hard/crtbegin.o
LOAD /opt/st/stm32cubeide_1.16.1/plugins/com.st.stm32cube.ide.mcu.externaltools.gnu-tools-for-stm32.12.3.rel1.linux64_1.0.200.202406132123/tools/bin/../lib/gcc/arm-none-eabi/12.3.1/../../../../arm-none-eabi/lib/thumb/v7e-m+fp/hard/crt0.o
LOAD ./Core/Src/main.o
LOAD ./Core/Src/stm32f7xx_hal_msp.o
LOAD ./Core/Src/stm32f7xx_it.o
LOAD ./Core/Src/syscalls.o
LOAD ./Core/Src/sysmem.o
LOAD ./Core/Src/system_stm32f7xx.o
LOAD ./Core/Startup/startup_stm32f722retx.o
LOAD ./Drivers/STM32F7xx_HAL_Driver/Src/stm32f7xx_hal.o
LOAD ./Drivers/STM32F7xx_HAL_Driver/Src/stm32f7xx_hal_adc.o
LOAD ./Drivers/STM32F7xx_HAL_Driver/Src/stm32f7xx_hal_adc_ex.o
LOAD ./Drivers/STM32F7xx_HAL_Driver/Src/stm32f7xx_hal_cortex.o
LOAD ./Drivers/STM32F7xx_HAL_Driver/Src/stm32f7xx_hal_dma.o
LOAD ./Drivers/STM32F7xx_HAL_Driver/Src/stm32f7xx_hal_dma_ex.o
LOAD ./Drivers/STM32F7xx_HAL_Driver/Src/stm32f7xx_hal_exti.o
LOAD ./Drivers/STM32F7xx_HAL_Driver/Src/stm32f7xx_hal_flash.o
LOAD ./Drivers/STM32F7xx_HAL_Driver/Src/stm32f7xx_hal_flash_ex.o
LOAD ./Drivers/STM32F7xx_HAL_Driver/Src/stm32f7xx_hal_gpio.o
LOAD ./Drivers/STM32F7xx_HAL_Driver/Src/stm32f7xx_hal_i2c.o
LOAD ./Drivers/STM32F7xx_HAL_Driver/Src/stm32f7xx_hal_i2c_ex.o
LOAD ./Drivers/STM32F7xx_HAL_Driver/Src/stm32f7xx_hal_pcd.o
LOAD ./Drivers/STM32F7xx_HAL_Driver/Src/stm32f7xx_hal_pcd_ex.o
LOAD ./Drivers/STM32F7xx_HAL_Driver/Src/stm32f7xx_hal_pwr.o
LOAD ./Drivers/STM32F7xx_HAL_Driver/Src/stm32f7xx_hal_pwr_ex.o
LOAD ./Drivers/STM32F7xx_HAL_Driver/Src/stm32f7xx_hal_rcc.o
LOAD ./Drivers/STM32F7xx_HAL_Driver/Src/stm32f7xx_hal_rcc_ex.o
LOAD ./Drivers/STM32F7xx_HAL_Driver/Src/stm32f7xx_hal_sd.o
LOAD ./Drivers/STM32F7xx_HAL_Driver/Src/stm32f7xx_hal_spi.o
LOAD ./Drivers/STM32F7xx_HAL_Driver/Src/stm32f7xx_hal_spi_ex.o
LOAD ./Drivers/STM32F7xx_HAL_Driver/Src/stm32f7xx_hal_tim.o
LOAD ./Drivers/STM32F7xx_HAL_Driver/Src/stm32f7xx_hal_tim_ex.o
LOAD ./Drivers/STM32F7xx_HAL_Driver/Src/stm32f7xx_hal_uart.o
LOAD ./Drivers/STM32F7xx_HAL_Driver/Src/stm32f7xx_hal_uart_ex.o
LOAD ./Drivers/STM32F7xx_HAL_Driver/Src/stm32f7xx_ll_sdmmc.o
LOAD ./Drivers/STM32F7xx_HAL_Driver/Src/stm32f7xx_ll_usb.o
LOAD ./FATFS/App/fatfs.o
LOAD ./FATFS/Target/bsp_driver_sd.o
LOAD ./FATFS/Target/fatfs_platform.o
LOAD ./FATFS/Target/sd_diskio.o
LOAD ./Middlewares/ST/STM32_USB_Device_Library/Class/CDC/Src/usbd_cdc.o
LOAD ./Middlewares/ST/STM32_USB_Device_Library/Core/Src/usbd_core.o
LOAD ./Middlewares/ST/STM32_USB_Device_Library/Core/Src/usbd_ctlreq.o
LOAD ./Middlewares/ST/STM32_USB_Device_Library/Core/Src/usbd_ioreq.o
LOAD ./Middlewares/Third_Party/FatFs/src/diskio.o
LOAD ./Middlewares/Third_Party/FatFs/src/ff.o
LOAD ./Middlewares/Third_Party/FatFs/src/ff_gen_drv.o
LOAD ./Middlewares/Third_Party/FatFs/src/option/syscall.o
LOAD ./USB_DEVICE/App/usb_device.o
LOAD ./USB_DEVICE/App/usbd_cdc_if.o
LOAD ./USB_DEVICE/App/usbd_desc.o
LOAD ./USB_DEVICE/Target/usbd_conf.o
START GROUP
LOAD /opt/st/stm32cubeide_1.16.1/plugins/com.st.stm32cube.ide.mcu.externaltools.gnu-tools-for-stm32.12.3.rel1.linux64_1.0.200.202406132123/tools/bin/../lib/gcc/arm-none-eabi/12.3.1/../../../../arm-none-eabi/lib/thumb/v7e-m+fp/hard/libc_nano.a
LOAD /opt/st/stm32cubeide_1.16.1/plugins/com.st.stm32cube.ide.mcu.externaltools.gnu-tools-for-stm32.12.3.rel1.linux64_1.0.200.202406132123/tools/bin/../lib/gcc/arm-none-eabi/12.3.1/../../../../arm-none-eabi/lib/thumb/v7e-m+fp/hard/libm.a
END GROUP
START GROUP
LOAD /opt/st/stm32cubeide_1.16.1/plugins/com.st.stm32cube.ide.mcu.externaltools.gnu-tools-for-stm32.12.3.rel1.linux64_1.0.200.202406132123/tools/bin/../lib/gcc/arm-none-eabi/12.3.1/thumb/v7e-m+fp/hard/libgcc.a
LOAD /opt/st/stm32cubeide_1.16.1/plugins/com.st.stm32cube.ide.mcu.externaltools.gnu-tools-for-stm32.12.3.rel1.linux64_1.0.200.202406132123/tools/bin/../lib/gcc/arm-none-eabi/12.3.1/../../../../arm-none-eabi/lib/thumb/v7e-m+fp/hard/libc_nano.a
END GROUP
START GROUP
LOAD /opt/st/stm32cubeide_1.16.1/plugins/com.st.stm32cube.ide.mcu.externaltools.gnu-tools-for-stm32.12.3.rel1.linux64_1.0.200.202406132123/tools/bin/../lib/gcc/arm-none-eabi/12.3.1/thumb/v7e-m+fp/hard/libgcc.a
LOAD /opt/st/stm32cubeide_1.16.1/plugins/com.st.stm32cube.ide.mcu.externaltools.gnu-tools-for-stm32.12.3.rel1.linux64_1.0.200.202406132123/tools/bin/../lib/gcc/arm-none-eabi/12.3.1/../../../../arm-none-eabi/lib/thumb/v7e-m+fp/hard/libc_nano.a
LOAD /opt/st/stm32cubeide_1.16.1/plugins/com.st.stm32cube.ide.mcu.externaltools.gnu-tools-for-stm32.12.3.rel1.linux64_1.0.200.202406132123/tools/bin/../lib/gcc/arm-none-eabi/12.3.1/../../../../arm-none-eabi/lib/thumb/v7e-m+fp/hard/libnosys.a
END GROUP
START GROUP
LOAD /opt/st/stm32cubeide_1.16.1/plugins/com.st.stm32cube.ide.mcu.externaltools.gnu-tools-for-stm32.12.3.rel1.linux64_1.0.200.202406132123/tools/bin/../lib/gcc/arm-none-eabi/12.3.1/thumb/v7e-m+fp/hard/libgcc.a
LOAD /opt/st/stm32cubeide_1.16.1/plugins/com.st.stm32cube.ide.mcu.externaltools.gnu-tools-for-stm32.12.3.rel1.linux64_1.0.200.202406132123/tools/bin/../lib/gcc/arm-none-eabi/12.3.1/../../../../arm-none-eabi/lib/thumb/v7e-m+fp/hard/libc_nano.a
LOAD /opt/st/stm32cubeide_1.16.1/plugins/com.st.stm32cube.ide.mcu.externaltools.gnu-tools-for-stm32.12.3.rel1.linux64_1.0.200.202406132123/tools/bin/../lib/gcc/arm-none-eabi/12.3.1/../../../../arm-none-eabi/lib/thumb/v7e-m+fp/hard/libnosys.a
END GROUP
LOAD /opt/st/stm32cubeide_1.16.1/plugins/com.st.stm32cube.ide.mcu.externaltools.gnu-tools-for-stm32.12.3.rel1.linux64_1.0.200.202406132123/tools/bin/../lib/gcc/arm-none-eabi/12.3.1/thumb/v7e-m+fp/hard/crtend.o
LOAD /opt/st/stm32cubeide_1.16.1/plugins/com.st.stm32cube.ide.mcu.externaltools.gnu-tools-for-stm32.12.3.rel1.linux64_1.0.200.202406132123/tools/bin/../lib/gcc/arm-none-eabi/12.3.1/thumb/v7e-m+fp/hard/crtn.o
                0x20040000                        _estack = (ORIGIN (RAM) + LENGTH (RAM))
                0x00000200                        _Min_Heap_Size = 0x200
                0x00000400                        _Min_Stack_Size = 0x400

.isr_vector     0x08000000      0x1e0
                0x08000000                        . = ALIGN (0x4)
 *(.isr_vector)
 .isr_vector    0x08000000      0x1e0 ./Core/Startup/startup_stm32f722retx.o
                0x08000000                g_pfnVectors
                0x080001e0                        . = ALIGN (0x4)

.text           0x080001e0     0x6934
                0x080001e0                        . = ALIGN (0x4)
 *(.text)
 .text          0x080001e0       0x40 /opt/st/stm32cubeide_1.16.1/plugins/com.st.stm32cube.ide.mcu.externaltools.gnu-tools-for-stm32.12.3.rel1.linux64_1.0.200.202406132123/tools/bin/../lib/gcc/arm-none-eabi/12.3.1/thumb/v7e-m+fp/hard/crtbegin.o
 .text          0x08000220       0x10 /opt/st/stm32cubeide_1.16.1/plugins/com.st.stm32cube.ide.mcu.externaltools.gnu-tools-for-stm32.12.3.rel1.linux64_1.0.200.202406132123/tools/bin/../lib/gcc/arm-none-eabi/12.3.1/../../../../arm-none-eabi/lib/thumb/v7e-m+fp/hard/libc_nano.a(libc_a-strlen.o)
                0x08000220                strlen
 .text          0x08000230       0x30 /opt/st/stm32cubeide_1.16.1/plugins/com.st.stm32cube.ide.mcu.externaltools.gnu-tools-for-stm32.12.3.rel1.linux64_1.0.200.202406132123/tools/bin/../lib/gcc/arm-none-eabi/12.3.1/thumb/v7e-m+fp/hard/libgcc.a(_aeabi_uldivmod.o)
                0x08000230                __aeabi_uldivmod
 .text          0x08000260      0x2bc /opt/st/stm32cubeide_1.16.1/plugins/com.st.stm32cube.ide.mcu.externaltools.gnu-tools-for-stm32.12.3.rel1.linux64_1.0.200.202406132123/tools/bin/../lib/gcc/arm-none-eabi/12.3.1/thumb/v7e-m+fp/hard/libgcc.a(_udivmoddi4.o)
                0x08000260                __udivmoddi4
 .text          0x0800051c        0x4 /opt/st/stm32cubeide_1.16.1/plugins/com.st.stm32cube.ide.mcu.externaltools.gnu-tools-for-stm32.12.3.rel1.linux64_1.0.200.202406132123/tools/bin/../lib/gcc/arm-none-eabi/12.3.1/thumb/v7e-m+fp/hard/libgcc.a(_dvmd_tls.o)
                0x0800051c                __aeabi_ldiv0
                0x0800051c                __aeabi_idiv0
 *(.text*)
 .text.SystemClock_Config
                0x08000520       0xac ./Core/Src/main.o
                0x08000520                SystemClock_Config
 .text.startup.main
                0x080005cc      0x4c0 ./Core/Src/main.o
                0x080005cc                main
 .text.Error_Handler
                0x08000a8c        0x4 ./Core/Src/main.o
                0x08000a8c                Error_Handler
 .text.HAL_MspInit
                0x08000a90       0x30 ./Core/Src/stm32f7xx_hal_msp.o
                0x08000a90                HAL_MspInit
 .text.HAL_ADC_MspInit
                0x08000ac0       0x5c ./Core/Src/stm32f7xx_hal_msp.o
                0x08000ac0                HAL_ADC_MspInit
 .text.HAL_I2C_MspInit
                0x08000b1c       0x88 ./Core/Src/stm32f7xx_hal_msp.o
                0x08000b1c                HAL_I2C_MspInit
 .text.HAL_SD_MspInit
                0x08000ba4       0xb8 ./Core/Src/stm32f7xx_hal_msp.o
                0x08000ba4                HAL_SD_MspInit
 .text.HAL_SPI_MspInit
                0x08000c5c       0xe0 ./Core/Src/stm32f7xx_hal_msp.o
                0x08000c5c                HAL_SPI_MspInit
 .text.HAL_TIM_PWM_MspInit
                0x08000d3c       0x78 ./Core/Src/stm32f7xx_hal_msp.o
                0x08000d3c                HAL_TIM_PWM_MspInit
 .text.HAL_TIM_Base_MspInit
                0x08000db4       0x28 ./Core/Src/stm32f7xx_hal_msp.o
                0x08000db4                HAL_TIM_Base_MspInit
 .text.HAL_TIM_MspPostInit
                0x08000ddc       0x54 ./Core/Src/stm32f7xx_hal_msp.o
                0x08000ddc                HAL_TIM_MspPostInit
 .text.HAL_UART_MspInit
                0x08000e30      0x1e4 ./Core/Src/stm32f7xx_hal_msp.o
                0x08000e30                HAL_UART_MspInit
 .text.NMI_Handler
                0x08001014        0x8 ./Core/Src/stm32f7xx_it.o
                0x08001014                NMI_Handler
 .text.HardFault_Handler
                0x0800101c        0x2 ./Core/Src/stm32f7xx_it.o
                0x0800101c                HardFault_Handler
 .text.MemManage_Handler
                0x0800101e        0x2 ./Core/Src/stm32f7xx_it.o
                0x0800101e                MemManage_Handler
 .text.BusFault_Handler
                0x08001020        0x2 ./Core/Src/stm32f7xx_it.o
                0x08001020                BusFault_Handler
 .text.UsageFault_Handler
                0x08001022        0x2 ./Core/Src/stm32f7xx_it.o
                0x08001022                UsageFault_Handler
 .text.SVC_Handler
                0x08001024        0x2 ./Core/Src/stm32f7xx_it.o
                0x08001024                SVC_Handler
 .text.DebugMon_Handler
                0x08001026        0x2 ./Core/Src/stm32f7xx_it.o
                0x08001026                DebugMon_Handler
 .text.PendSV_Handler
                0x08001028        0x2 ./Core/Src/stm32f7xx_it.o
                0x08001028                PendSV_Handler
 .text.SysTick_Handler
                0x0800102a        0x4 ./Core/Src/stm32f7xx_it.o
                0x0800102a                SysTick_Handler
 *fill*         0x0800102e        0x2 
 .text.DMA2_Stream1_IRQHandler
                0x08001030        0xc ./Core/Src/stm32f7xx_it.o
                0x08001030                DMA2_Stream1_IRQHandler
 .text.OTG_FS_IRQHandler
                0x0800103c        0xc ./Core/Src/stm32f7xx_it.o
                0x0800103c                OTG_FS_IRQHandler
 .text._sbrk    0x08001048       0x40 ./Core/Src/sysmem.o
                0x08001048                _sbrk
 .text.SystemInit
                0x08001088       0x14 ./Core/Src/system_stm32f7xx.o
                0x08001088                SystemInit
 .text.Reset_Handler
                0x0800109c       0x50 ./Core/Startup/startup_stm32f722retx.o
                0x0800109c                Reset_Handler
 .text.Default_Handler
                0x080010ec        0x2 ./Core/Startup/startup_stm32f722retx.o
                0x080010ec                RTC_Alarm_IRQHandler
                0x080010ec                EXTI2_IRQHandler
                0x080010ec                TIM8_CC_IRQHandler
                0x080010ec                UART8_IRQHandler
                0x080010ec                SPI4_IRQHandler
                0x080010ec                TIM1_CC_IRQHandler
                0x080010ec                DMA2_Stream5_IRQHandler
                0x080010ec                DMA1_Stream5_IRQHandler
                0x080010ec                PVD_IRQHandler
                0x080010ec                TAMP_STAMP_IRQHandler
                0x080010ec                EXTI3_IRQHandler
                0x080010ec                TIM8_TRG_COM_TIM14_IRQHandler
                0x080010ec                TIM1_UP_TIM10_IRQHandler
                0x080010ec                TIM8_UP_TIM13_IRQHandler
                0x080010ec                I2C3_ER_IRQHandler
                0x080010ec                EXTI0_IRQHandler
                0x080010ec                I2C2_EV_IRQHandler
                0x080010ec                DMA1_Stream2_IRQHandler
                0x080010ec                CAN1_RX0_IRQHandler
                0x080010ec                FPU_IRQHandler
                0x080010ec                OTG_HS_WKUP_IRQHandler
                0x080010ec                DMA2_Stream2_IRQHandler
                0x080010ec                SPI1_IRQHandler
                0x080010ec                TIM6_DAC_IRQHandler
                0x080010ec                TIM1_BRK_TIM9_IRQHandler
                0x080010ec                DMA2_Stream3_IRQHandler
                0x080010ec                SAI2_IRQHandler
                0x080010ec                USART6_IRQHandler
                0x080010ec                USART3_IRQHandler
                0x080010ec                CAN1_RX1_IRQHandler
                0x080010ec                UART5_IRQHandler
                0x080010ec                DMA2_Stream0_IRQHandler
                0x080010ec                TIM4_IRQHandler
                0x080010ec                QUADSPI_IRQHandler
                0x080010ec                I2C1_EV_IRQHandler
                0x080010ec                DMA1_Stream6_IRQHandler
                0x080010ec                DMA1_Stream1_IRQHandler
                0x080010ec                UART4_IRQHandler
                0x080010ec                TIM3_IRQHandler
                0x080010ec                RCC_IRQHandler
                0x080010ec                TIM8_BRK_TIM12_IRQHandler
                0x080010ec                Default_Handler
                0x080010ec                EXTI15_10_IRQHandler
                0x080010ec                ADC_IRQHandler
                0x080010ec                DMA1_Stream7_IRQHandler
                0x080010ec                SPI5_IRQHandler
                0x080010ec                TIM7_IRQHandler
                0x080010ec                SDMMC1_IRQHandler
                0x080010ec                TIM5_IRQHandler
                0x080010ec                DMA2_Stream7_IRQHandler
                0x080010ec                I2C3_EV_IRQHandler
                0x080010ec                EXTI9_5_IRQHandler
                0x080010ec                RTC_WKUP_IRQHandler
                0x080010ec                SPI2_IRQHandler
                0x080010ec                OTG_HS_EP1_IN_IRQHandler
                0x080010ec                DMA1_Stream0_IRQHandler
                0x080010ec                CAN1_TX_IRQHandler
                0x080010ec                EXTI4_IRQHandler
                0x080010ec                RNG_IRQHandler
                0x080010ec                OTG_HS_EP1_OUT_IRQHandler
                0x080010ec                WWDG_IRQHandler
                0x080010ec                TIM2_IRQHandler
                0x080010ec                OTG_FS_WKUP_IRQHandler
                0x080010ec                TIM1_TRG_COM_TIM11_IRQHandler
                0x080010ec                OTG_HS_IRQHandler
                0x080010ec                EXTI1_IRQHandler
                0x080010ec                SDMMC2_IRQHandler
                0x080010ec                UART7_IRQHandler
                0x080010ec                USART2_IRQHandler
                0x080010ec                I2C2_ER_IRQHandler
                0x080010ec                CAN1_SCE_IRQHandler
                0x080010ec                FLASH_IRQHandler
                0x080010ec                DMA2_Stream4_IRQHandler
                0x080010ec                USART1_IRQHandler
                0x080010ec                SPI3_IRQHandler
                0x080010ec                DMA1_Stream4_IRQHandler
                0x080010ec                I2C1_ER_IRQHandler
                0x080010ec                FMC_IRQHandler
                0x080010ec                LPTIM1_IRQHandler
                0x080010ec                DMA2_Stream6_IRQHandler
                0x080010ec                SAI1_IRQHandler
                0x080010ec                DMA1_Stream3_IRQHandler
 *fill*         0x080010ee        0x2 
 .text.HAL_InitTick
                0x080010f0       0x48 ./Drivers/STM32F7xx_HAL_Driver/Src/stm32f7xx_hal.o
                0x080010f0                HAL_InitTick
 .text.HAL_Init
                0x08001138       0x16 ./Drivers/STM32F7xx_HAL_Driver/Src/stm32f7xx_hal.o
                0x08001138                HAL_Init
 *fill*         0x0800114e        0x2 
 .text.HAL_IncTick
                0x08001150       0x18 ./Drivers/STM32F7xx_HAL_Driver/Src/stm32f7xx_hal.o
                0x08001150                HAL_IncTick
 .text.HAL_GetTick
                0x08001168        0xc ./Drivers/STM32F7xx_HAL_Driver/Src/stm32f7xx_hal.o
                0x08001168                HAL_GetTick
 .text.HAL_Delay
                0x08001174       0x24 ./Drivers/STM32F7xx_HAL_Driver/Src/stm32f7xx_hal.o
                0x08001174                HAL_Delay
 .text.HAL_ADC_Init
                0x08001198      0x14c ./Drivers/STM32F7xx_HAL_Driver/Src/stm32f7xx_hal_adc.o
                0x08001198                HAL_ADC_Init
 .text.HAL_ADC_ConfigChannel
                0x080012e4      0x15c ./Drivers/STM32F7xx_HAL_Driver/Src/stm32f7xx_hal_adc.o
                0x080012e4                HAL_ADC_ConfigChannel
 .text.HAL_NVIC_SetPriorityGrouping
                0x08001440       0x24 ./Drivers/STM32F7xx_HAL_Driver/Src/stm32f7xx_hal_cortex.o
                0x08001440                HAL_NVIC_SetPriorityGrouping
 .text.HAL_NVIC_SetPriority
                0x08001464       0x64 ./Drivers/STM32F7xx_HAL_Driver/Src/stm32f7xx_hal_cortex.o
                0x08001464                HAL_NVIC_SetPriority
 .text.HAL_NVIC_EnableIRQ
                0x080014c8       0x1c ./Drivers/STM32F7xx_HAL_Driver/Src/stm32f7xx_hal_cortex.o
                0x080014c8                HAL_NVIC_EnableIRQ
 .text.HAL_SYSTICK_Config
                0x080014e4       0x28 ./Drivers/STM32F7xx_HAL_Driver/Src/stm32f7xx_hal_cortex.o
                0x080014e4                HAL_SYSTICK_Config
 .text.HAL_MPU_Disable
                0x0800150c       0x1c ./Drivers/STM32F7xx_HAL_Driver/Src/stm32f7xx_hal_cortex.o
                0x0800150c                HAL_MPU_Disable
 .text.HAL_MPU_Enable
                0x08001528       0x20 ./Drivers/STM32F7xx_HAL_Driver/Src/stm32f7xx_hal_cortex.o
                0x08001528                HAL_MPU_Enable
 .text.HAL_MPU_ConfigRegion
                0x08001548       0x58 ./Drivers/STM32F7xx_HAL_Driver/Src/stm32f7xx_hal_cortex.o
                0x08001548                HAL_MPU_ConfigRegion
 .text.DMA_CalcBaseAndBitshift
                0x080015a0       0x2c ./Drivers/STM32F7xx_HAL_Driver/Src/stm32f7xx_hal_dma.o
 .text.HAL_DMA_Init
                0x080015cc       0xfc ./Drivers/STM32F7xx_HAL_Driver/Src/stm32f7xx_hal_dma.o
                0x080015cc                HAL_DMA_Init
 .text.HAL_DMA_IRQHandler
                0x080016c8      0x17c ./Drivers/STM32F7xx_HAL_Driver/Src/stm32f7xx_hal_dma.o
                0x080016c8                HAL_DMA_IRQHandler
 .text.HAL_GPIO_Init
                0x08001844      0x1b0 ./Drivers/STM32F7xx_HAL_Driver/Src/stm32f7xx_hal_gpio.o
                0x08001844                HAL_GPIO_Init
 .text.HAL_GPIO_ReadPin
                0x080019f4        0xc ./Drivers/STM32F7xx_HAL_Driver/Src/stm32f7xx_hal_gpio.o
                0x080019f4                HAL_GPIO_ReadPin
 .text.HAL_GPIO_WritePin
                0x08001a00        0xa ./Drivers/STM32F7xx_HAL_Driver/Src/stm32f7xx_hal_gpio.o
                0x08001a00                HAL_GPIO_WritePin
 .text.HAL_I2C_Init
                0x08001a0a       0xaa ./Drivers/STM32F7xx_HAL_Driver/Src/stm32f7xx_hal_i2c.o
                0x08001a0a                HAL_I2C_Init
 .text.HAL_I2CEx_ConfigAnalogFilter
                0x08001ab4       0x4c ./Drivers/STM32F7xx_HAL_Driver/Src/stm32f7xx_hal_i2c_ex.o
                0x08001ab4                HAL_I2CEx_ConfigAnalogFilter
 .text.HAL_I2CEx_ConfigDigitalFilter
                0x08001b00       0x4a ./Drivers/STM32F7xx_HAL_Driver/Src/stm32f7xx_hal_i2c_ex.o
                0x08001b00                HAL_I2CEx_ConfigDigitalFilter
 .text.HAL_PCD_Init
                0x08001b4a       0xe8 ./Drivers/STM32F7xx_HAL_Driver/Src/stm32f7xx_hal_pcd.o
                0x08001b4a                HAL_PCD_Init
 .text.HAL_PCD_Start
                0x08001c32       0x2a ./Drivers/STM32F7xx_HAL_Driver/Src/stm32f7xx_hal_pcd.o
                0x08001c32                HAL_PCD_Start
 .text.HAL_PCD_SetAddress
                0x08001c5c       0x26 ./Drivers/STM32F7xx_HAL_Driver/Src/stm32f7xx_hal_pcd.o
                0x08001c5c                HAL_PCD_SetAddress
 .text.HAL_PCD_EP_Open
                0x08001c82       0x6e ./Drivers/STM32F7xx_HAL_Driver/Src/stm32f7xx_hal_pcd.o
                0x08001c82                HAL_PCD_EP_Open
 .text.HAL_PCD_EP_Close
                0x08001cf0       0x5c ./Drivers/STM32F7xx_HAL_Driver/Src/stm32f7xx_hal_pcd.o
                0x08001cf0                HAL_PCD_EP_Close
 .text.HAL_PCD_EP_Receive
                0x08001d4c       0x3c ./Drivers/STM32F7xx_HAL_Driver/Src/stm32f7xx_hal_pcd.o
                0x08001d4c                HAL_PCD_EP_Receive
 .text.HAL_PCD_EP_GetRxCount
                0x08001d88       0x10 ./Drivers/STM32F7xx_HAL_Driver/Src/stm32f7xx_hal_pcd.o
                0x08001d88                HAL_PCD_EP_GetRxCount
 .text.HAL_PCD_EP_Transmit
                0x08001d98       0x34 ./Drivers/STM32F7xx_HAL_Driver/Src/stm32f7xx_hal_pcd.o
                0x08001d98                HAL_PCD_EP_Transmit
 .text.HAL_PCD_EP_SetStall
                0x08001dcc       0x6e ./Drivers/STM32F7xx_HAL_Driver/Src/stm32f7xx_hal_pcd.o
                0x08001dcc                HAL_PCD_EP_SetStall
 .text.HAL_PCD_EP_ClrStall
                0x08001e3a       0x6a ./Drivers/STM32F7xx_HAL_Driver/Src/stm32f7xx_hal_pcd.o
                0x08001e3a                HAL_PCD_EP_ClrStall
 .text.HAL_PCD_EP_Abort
                0x08001ea4       0x20 ./Drivers/STM32F7xx_HAL_Driver/Src/stm32f7xx_hal_pcd.o
                0x08001ea4                HAL_PCD_EP_Abort
 .text.HAL_PCD_IRQHandler
                0x08001ec4      0x6d0 ./Drivers/STM32F7xx_HAL_Driver/Src/stm32f7xx_hal_pcd.o
                0x08001ec4                HAL_PCD_IRQHandler
 .text.HAL_PCDEx_SetTxFiFo
                0x08002594       0x3e ./Drivers/STM32F7xx_HAL_Driver/Src/stm32f7xx_hal_pcd_ex.o
                0x08002594                HAL_PCDEx_SetTxFiFo
 .text.HAL_PCDEx_SetRxFiFo
                0x080025d2        0x8 ./Drivers/STM32F7xx_HAL_Driver/Src/stm32f7xx_hal_pcd_ex.o
                0x080025d2                HAL_PCDEx_SetRxFiFo
 .text.HAL_PCDEx_ActivateLPM
                0x080025da       0x26 ./Drivers/STM32F7xx_HAL_Driver/Src/stm32f7xx_hal_pcd_ex.o
                0x080025da                HAL_PCDEx_ActivateLPM
 .text.HAL_PWREx_EnableOverDrive
                0x08002600       0x70 ./Drivers/STM32F7xx_HAL_Driver/Src/stm32f7xx_hal_pwr_ex.o
                0x08002600                HAL_PWREx_EnableOverDrive
 .text.HAL_RCC_OscConfig
                0x08002670      0x374 ./Drivers/STM32F7xx_HAL_Driver/Src/stm32f7xx_hal_rcc.o
                0x08002670                HAL_RCC_OscConfig
 .text.HAL_RCC_EnableCSS
                0x080029e4       0x10 ./Drivers/STM32F7xx_HAL_Driver/Src/stm32f7xx_hal_rcc.o
                0x080029e4                HAL_RCC_EnableCSS
 .text.HAL_RCC_GetSysClockFreq
                0x080029f4       0x5c ./Drivers/STM32F7xx_HAL_Driver/Src/stm32f7xx_hal_rcc.o
                0x080029f4                HAL_RCC_GetSysClockFreq
 .text.HAL_RCC_ClockConfig
                0x08002a50      0x13c ./Drivers/STM32F7xx_HAL_Driver/Src/stm32f7xx_hal_rcc.o
                0x08002a50                HAL_RCC_ClockConfig
 .text.HAL_RCC_GetHCLKFreq
                0x08002b8c        0xc ./Drivers/STM32F7xx_HAL_Driver/Src/stm32f7xx_hal_rcc.o
                0x08002b8c                HAL_RCC_GetHCLKFreq
 .text.HAL_RCC_GetPCLK1Freq
                0x08002b98       0x20 ./Drivers/STM32F7xx_HAL_Driver/Src/stm32f7xx_hal_rcc.o
                0x08002b98                HAL_RCC_GetPCLK1Freq
 .text.HAL_RCC_GetPCLK2Freq
                0x08002bb8       0x20 ./Drivers/STM32F7xx_HAL_Driver/Src/stm32f7xx_hal_rcc.o
                0x08002bb8                HAL_RCC_GetPCLK2Freq
 .text.HAL_RCC_CSSCallback
                0x08002bd8        0x2 ./Drivers/STM32F7xx_HAL_Driver/Src/stm32f7xx_hal_rcc.o
                0x08002bd8                HAL_RCC_CSSCallback
 *fill*         0x08002bda        0x2 
 .text.HAL_RCC_NMI_IRQHandler
                0x08002bdc       0x18 ./Drivers/STM32F7xx_HAL_Driver/Src/stm32f7xx_hal_rcc.o
                0x08002bdc                HAL_RCC_NMI_IRQHandler
 .text.HAL_RCCEx_PeriphCLKConfig
                0x08002bf4      0x45c ./Drivers/STM32F7xx_HAL_Driver/Src/stm32f7xx_hal_rcc_ex.o
                0x08002bf4                HAL_RCCEx_PeriphCLKConfig
 .text.SD_FindSCR.constprop.0
                0x08003050       0xcc ./Drivers/STM32F7xx_HAL_Driver/Src/stm32f7xx_hal_sd.o
 .text.HAL_SD_ReadBlocks
                0x0800311c      0x1f0 ./Drivers/STM32F7xx_HAL_Driver/Src/stm32f7xx_hal_sd.o
                0x0800311c                HAL_SD_ReadBlocks
 .text.HAL_SD_WriteBlocks
                0x0800330c      0x188 ./Drivers/STM32F7xx_HAL_Driver/Src/stm32f7xx_hal_sd.o
                0x0800330c                HAL_SD_WriteBlocks
 .text.HAL_SD_GetCardCSD
                0x08003494      0x16c ./Drivers/STM32F7xx_HAL_Driver/Src/stm32f7xx_hal_sd.o
                0x08003494                HAL_SD_GetCardCSD
 .text.HAL_SD_InitCard
                0x08003600      0x20c ./Drivers/STM32F7xx_HAL_Driver/Src/stm32f7xx_hal_sd.o
                0x08003600                HAL_SD_InitCard
 .text.HAL_SD_Init
                0x0800380c       0x36 ./Drivers/STM32F7xx_HAL_Driver/Src/stm32f7xx_hal_sd.o
                0x0800380c                HAL_SD_Init
 .text.HAL_SD_GetCardInfo
                0x08003842       0x24 ./Drivers/STM32F7xx_HAL_Driver/Src/stm32f7xx_hal_sd.o
                0x08003842                HAL_SD_GetCardInfo
 *fill*         0x08003866        0x2 
 .text.HAL_SD_ConfigWideBusOperation
                0x08003868      0x114 ./Drivers/STM32F7xx_HAL_Driver/Src/stm32f7xx_hal_sd.o
                0x08003868                HAL_SD_ConfigWideBusOperation
 .text.HAL_SD_GetCardState
                0x0800397c       0x28 ./Drivers/STM32F7xx_HAL_Driver/Src/stm32f7xx_hal_sd.o
                0x0800397c                HAL_SD_GetCardState
 .text.HAL_SPI_Init
                0x080039a4       0xdc ./Drivers/STM32F7xx_HAL_Driver/Src/stm32f7xx_hal_spi.o
                0x080039a4                HAL_SPI_Init
 .text.TIM_OC1_SetConfig
                0x08003a80       0x68 ./Drivers/STM32F7xx_HAL_Driver/Src/stm32f7xx_hal_tim.o
 .text.TIM_OC3_SetConfig
                0x08003ae8       0x70 ./Drivers/STM32F7xx_HAL_Driver/Src/stm32f7xx_hal_tim.o
 .text.TIM_OC4_SetConfig
                0x08003b58       0x50 ./Drivers/STM32F7xx_HAL_Driver/Src/stm32f7xx_hal_tim.o
 .text.TIM_OC5_SetConfig
                0x08003ba8       0x50 ./Drivers/STM32F7xx_HAL_Driver/Src/stm32f7xx_hal_tim.o
 .text.TIM_OC6_SetConfig
                0x08003bf8       0x50 ./Drivers/STM32F7xx_HAL_Driver/Src/stm32f7xx_hal_tim.o
 .text.TIM_Base_SetConfig
                0x08003c48       0xd8 ./Drivers/STM32F7xx_HAL_Driver/Src/stm32f7xx_hal_tim.o
                0x08003c48                TIM_Base_SetConfig
 .text.HAL_TIM_Base_Init
                0x08003d20       0x60 ./Drivers/STM32F7xx_HAL_Driver/Src/stm32f7xx_hal_tim.o
                0x08003d20                HAL_TIM_Base_Init
 .text.HAL_TIM_PWM_Init
                0x08003d80       0x60 ./Drivers/STM32F7xx_HAL_Driver/Src/stm32f7xx_hal_tim.o
                0x08003d80                HAL_TIM_PWM_Init
 .text.TIM_OC2_SetConfig
                0x08003de0       0x70 ./Drivers/STM32F7xx_HAL_Driver/Src/stm32f7xx_hal_tim.o
                0x08003de0                TIM_OC2_SetConfig
 .text.HAL_TIM_PWM_ConfigChannel
                0x08003e50       0xf8 ./Drivers/STM32F7xx_HAL_Driver/Src/stm32f7xx_hal_tim.o
                0x08003e50                HAL_TIM_PWM_ConfigChannel
 .text.HAL_TIMEx_MasterConfigSynchronization
                0x08003f48       0x94 ./Drivers/STM32F7xx_HAL_Driver/Src/stm32f7xx_hal_tim_ex.o
                0x08003f48                HAL_TIMEx_MasterConfigSynchronization
 .text.HAL_TIMEx_ConfigBreakDeadTime
                0x08003fdc       0x84 ./Drivers/STM32F7xx_HAL_Driver/Src/stm32f7xx_hal_tim_ex.o
                0x08003fdc                HAL_TIMEx_ConfigBreakDeadTime
 .text.UART_EndRxTransfer
                0x08004060       0x50 ./Drivers/STM32F7xx_HAL_Driver/Src/stm32f7xx_hal_uart.o
 .text.UART_SetConfig
                0x080040b0      0x238 ./Drivers/STM32F7xx_HAL_Driver/Src/stm32f7xx_hal_uart.o
                0x080040b0                UART_SetConfig
 .text.UART_AdvFeatureConfig
                0x080042e8       0xaa ./Drivers/STM32F7xx_HAL_Driver/Src/stm32f7xx_hal_uart.o
                0x080042e8                UART_AdvFeatureConfig
 .text.UART_WaitOnFlagUntilTimeout
                0x08004392       0x90 ./Drivers/STM32F7xx_HAL_Driver/Src/stm32f7xx_hal_uart.o
                0x08004392                UART_WaitOnFlagUntilTimeout
 .text.UART_CheckIdleState
                0x08004422       0x5e ./Drivers/STM32F7xx_HAL_Driver/Src/stm32f7xx_hal_uart.o
                0x08004422                UART_CheckIdleState
 .text.HAL_UART_Init
                0x08004480       0x5c ./Drivers/STM32F7xx_HAL_Driver/Src/stm32f7xx_hal_uart.o
                0x08004480                HAL_UART_Init
 .text.SDMMC_Init
                0x080044dc       0x38 ./Drivers/STM32F7xx_HAL_Driver/Src/stm32f7xx_ll_sdmmc.o
                0x080044dc                SDMMC_Init
 .text.SDMMC_ReadFIFO
                0x08004514        0x6 ./Drivers/STM32F7xx_HAL_Driver/Src/stm32f7xx_ll_sdmmc.o
                0x08004514                SDMMC_ReadFIFO
 .text.SDMMC_WriteFIFO
                0x0800451a        0xa ./Drivers/STM32F7xx_HAL_Driver/Src/stm32f7xx_ll_sdmmc.o
                0x0800451a                SDMMC_WriteFIFO
 .text.SDMMC_PowerState_ON
                0x08004524        0x8 ./Drivers/STM32F7xx_HAL_Driver/Src/stm32f7xx_ll_sdmmc.o
                0x08004524                SDMMC_PowerState_ON
 .text.SDMMC_GetPowerState
                0x0800452c        0x8 ./Drivers/STM32F7xx_HAL_Driver/Src/stm32f7xx_ll_sdmmc.o
                0x0800452c                SDMMC_GetPowerState
 .text.SDMMC_SendCommand
                0x08004534       0x26 ./Drivers/STM32F7xx_HAL_Driver/Src/stm32f7xx_ll_sdmmc.o
                0x08004534                SDMMC_SendCommand
 .text.SDMMC_GetResponse
                0x0800455a        0x6 ./Drivers/STM32F7xx_HAL_Driver/Src/stm32f7xx_ll_sdmmc.o
                0x0800455a                SDMMC_GetResponse
 .text.SDMMC_ConfigData
                0x08004560       0x26 ./Drivers/STM32F7xx_HAL_Driver/Src/stm32f7xx_ll_sdmmc.o
                0x08004560                SDMMC_ConfigData
 *fill*         0x08004586        0x2 
 .text.SDMMC_CmdGoIdleState
                0x08004588       0x4c ./Drivers/STM32F7xx_HAL_Driver/Src/stm32f7xx_ll_sdmmc.o
                0x08004588                SDMMC_CmdGoIdleState
 .text.SDMMC_GetCmdResp1
                0x080045d4      0x11c ./Drivers/STM32F7xx_HAL_Driver/Src/stm32f7xx_ll_sdmmc.o
                0x080045d4                SDMMC_GetCmdResp1
 .text.SDMMC_CmdBlockLength
                0x080046f0       0x32 ./Drivers/STM32F7xx_HAL_Driver/Src/stm32f7xx_ll_sdmmc.o
                0x080046f0                SDMMC_CmdBlockLength
 .text.SDMMC_CmdReadSingleBlock
                0x08004722       0x32 ./Drivers/STM32F7xx_HAL_Driver/Src/stm32f7xx_ll_sdmmc.o
                0x08004722                SDMMC_CmdReadSingleBlock
 .text.SDMMC_CmdReadMultiBlock
                0x08004754       0x32 ./Drivers/STM32F7xx_HAL_Driver/Src/stm32f7xx_ll_sdmmc.o
                0x08004754                SDMMC_CmdReadMultiBlock
 .text.SDMMC_CmdWriteSingleBlock
                0x08004786       0x32 ./Drivers/STM32F7xx_HAL_Driver/Src/stm32f7xx_ll_sdmmc.o
                0x08004786                SDMMC_CmdWriteSingleBlock
 .text.SDMMC_CmdWriteMultiBlock
                0x080047b8       0x32 ./Drivers/STM32F7xx_HAL_Driver/Src/stm32f7xx_ll_sdmmc.o
                0x080047b8                SDMMC_CmdWriteMultiBlock
 *fill*         0x080047ea        0x2 
 .text.SDMMC_CmdStopTransfer
                0x080047ec       0x34 ./Drivers/STM32F7xx_HAL_Driver/Src/stm32f7xx_ll_sdmmc.o
                0x080047ec                SDMMC_CmdStopTransfer
 .text.SDMMC_CmdSelDesel
                0x08004820       0x32 ./Drivers/STM32F7xx_HAL_Driver/Src/stm32f7xx_ll_sdmmc.o
                0x08004820                SDMMC_CmdSelDesel
 .text.SDMMC_CmdAppCommand
                0x08004852       0x32 ./Drivers/STM32F7xx_HAL_Driver/Src/stm32f7xx_ll_sdmmc.o
                0x08004852                SDMMC_CmdAppCommand
 .text.SDMMC_CmdBusWidth
                0x08004884       0x32 ./Drivers/STM32F7xx_HAL_Driver/Src/stm32f7xx_ll_sdmmc.o
                0x08004884                SDMMC_CmdBusWidth
 .text.SDMMC_CmdSendSCR
                0x080048b6       0x32 ./Drivers/STM32F7xx_HAL_Driver/Src/stm32f7xx_ll_sdmmc.o
                0x080048b6                SDMMC_CmdSendSCR
 .text.SDMMC_CmdSendStatus
                0x080048e8       0x32 ./Drivers/STM32F7xx_HAL_Driver/Src/stm32f7xx_ll_sdmmc.o
                0x080048e8                SDMMC_CmdSendStatus
 *fill*         0x0800491a        0x2 
 .text.SDMMC_GetCmdResp2
                0x0800491c       0x4c ./Drivers/STM32F7xx_HAL_Driver/Src/stm32f7xx_ll_sdmmc.o
                0x0800491c                SDMMC_GetCmdResp2
 .text.SDMMC_CmdSendCID
                0x08004968       0x2c ./Drivers/STM32F7xx_HAL_Driver/Src/stm32f7xx_ll_sdmmc.o
                0x08004968                SDMMC_CmdSendCID
 .text.SDMMC_CmdSendCSD
                0x08004994       0x2c ./Drivers/STM32F7xx_HAL_Driver/Src/stm32f7xx_ll_sdmmc.o
                0x08004994                SDMMC_CmdSendCSD
 .text.SDMMC_GetCmdResp3
                0x080049c0       0x44 ./Drivers/STM32F7xx_HAL_Driver/Src/stm32f7xx_ll_sdmmc.o
                0x080049c0                SDMMC_GetCmdResp3
 .text.SDMMC_CmdAppOperCommand
                0x08004a04       0x34 ./Drivers/STM32F7xx_HAL_Driver/Src/stm32f7xx_ll_sdmmc.o
                0x08004a04                SDMMC_CmdAppOperCommand
 .text.SDMMC_GetCmdResp6
                0x08004a38       0x80 ./Drivers/STM32F7xx_HAL_Driver/Src/stm32f7xx_ll_sdmmc.o
                0x08004a38                SDMMC_GetCmdResp6
 .text.SDMMC_CmdSetRelAdd
                0x08004ab8       0x32 ./Drivers/STM32F7xx_HAL_Driver/Src/stm32f7xx_ll_sdmmc.o
                0x08004ab8                SDMMC_CmdSetRelAdd
 *fill*         0x08004aea        0x2 
 .text.SDMMC_GetCmdResp7
                0x08004aec       0x54 ./Drivers/STM32F7xx_HAL_Driver/Src/stm32f7xx_ll_sdmmc.o
                0x08004aec                SDMMC_GetCmdResp7
 .text.SDMMC_CmdOperCond
                0x08004b40       0x30 ./Drivers/STM32F7xx_HAL_Driver/Src/stm32f7xx_ll_sdmmc.o
                0x08004b40                SDMMC_CmdOperCond
 .text.USB_CoreReset
                0x08004b70       0x46 ./Drivers/STM32F7xx_HAL_Driver/Src/stm32f7xx_ll_usb.o
 .text.USB_CoreInit
                0x08004bb6       0xac ./Drivers/STM32F7xx_HAL_Driver/Src/stm32f7xx_ll_usb.o
                0x08004bb6                USB_CoreInit
 *fill*         0x08004c62        0x2 
 .text.USB_SetTurnaroundTime
                0x08004c64       0xe0 ./Drivers/STM32F7xx_HAL_Driver/Src/stm32f7xx_ll_usb.o
                0x08004c64                USB_SetTurnaroundTime
 .text.USB_EnableGlobalInt
                0x08004d44        0xc ./Drivers/STM32F7xx_HAL_Driver/Src/stm32f7xx_ll_usb.o
                0x08004d44                USB_EnableGlobalInt
 .text.USB_DisableGlobalInt
                0x08004d50        0xc ./Drivers/STM32F7xx_HAL_Driver/Src/stm32f7xx_ll_usb.o
                0x08004d50                USB_DisableGlobalInt
 .text.USB_SetCurrentMode
                0x08004d5c       0x5c ./Drivers/STM32F7xx_HAL_Driver/Src/stm32f7xx_ll_usb.o
                0x08004d5c                USB_SetCurrentMode
 .text.USB_FlushTxFifo
                0x08004db8       0x46 ./Drivers/STM32F7xx_HAL_Driver/Src/stm32f7xx_ll_usb.o
                0x08004db8                USB_FlushTxFifo
 .text.USB_FlushRxFifo
                0x08004dfe       0x42 ./Drivers/STM32F7xx_HAL_Driver/Src/stm32f7xx_ll_usb.o
                0x08004dfe                USB_FlushRxFifo
 .text.USB_SetDevSpeed
                0x08004e40        0xe ./Drivers/STM32F7xx_HAL_Driver/Src/stm32f7xx_ll_usb.o
                0x08004e40                USB_SetDevSpeed
 *fill*         0x08004e4e        0x2 
 .text.USB_DevInit
                0x08004e50      0x174 ./Drivers/STM32F7xx_HAL_Driver/Src/stm32f7xx_ll_usb.o
                0x08004e50                USB_DevInit
 .text.USB_GetDevSpeed
                0x08004fc4       0x16 ./Drivers/STM32F7xx_HAL_Driver/Src/stm32f7xx_ll_usb.o
                0x08004fc4                USB_GetDevSpeed
 .text.USB_ActivateEndpoint
                0x08004fda       0x7e ./Drivers/STM32F7xx_HAL_Driver/Src/stm32f7xx_ll_usb.o
                0x08004fda                USB_ActivateEndpoint
 .text.USB_DeactivateEndpoint
                0x08005058       0xac ./Drivers/STM32F7xx_HAL_Driver/Src/stm32f7xx_ll_usb.o
                0x08005058                USB_DeactivateEndpoint
 .text.USB_EPStopXfer
                0x08005104       0x84 ./Drivers/STM32F7xx_HAL_Driver/Src/stm32f7xx_ll_usb.o
                0x08005104                USB_EPStopXfer
 .text.USB_WritePacket
                0x08005188       0x26 ./Drivers/STM32F7xx_HAL_Driver/Src/stm32f7xx_ll_usb.o
                0x08005188                USB_WritePacket
 *fill*         0x080051ae        0x2 
 .text.USB_EPStartXfer
                0x080051b0      0x1c4 ./Drivers/STM32F7xx_HAL_Driver/Src/stm32f7xx_ll_usb.o
                0x080051b0                USB_EPStartXfer
 .text.USB_ReadPacket
                0x08005374       0x40 ./Drivers/STM32F7xx_HAL_Driver/Src/stm32f7xx_ll_usb.o
                0x08005374                USB_ReadPacket
 .text.USB_EPSetStall
                0x080053b4       0x56 ./Drivers/STM32F7xx_HAL_Driver/Src/stm32f7xx_ll_usb.o
                0x080053b4                USB_EPSetStall
 .text.USB_EPClearStall
                0x0800540a       0x52 ./Drivers/STM32F7xx_HAL_Driver/Src/stm32f7xx_ll_usb.o
                0x0800540a                USB_EPClearStall
 .text.USB_SetDevAddress
                0x0800545c       0x20 ./Drivers/STM32F7xx_HAL_Driver/Src/stm32f7xx_ll_usb.o
                0x0800545c                USB_SetDevAddress
 .text.USB_DevConnect
                0x0800547c       0x1c ./Drivers/STM32F7xx_HAL_Driver/Src/stm32f7xx_ll_usb.o
                0x0800547c                USB_DevConnect
 .text.USB_DevDisconnect
                0x08005498       0x1c ./Drivers/STM32F7xx_HAL_Driver/Src/stm32f7xx_ll_usb.o
                0x08005498                USB_DevDisconnect
 .text.USB_ReadInterrupts
                0x080054b4        0x8 ./Drivers/STM32F7xx_HAL_Driver/Src/stm32f7xx_ll_usb.o
                0x080054b4                USB_ReadInterrupts
 .text.USB_ReadDevAllOutEpInterrupt
                0x080054bc       0x10 ./Drivers/STM32F7xx_HAL_Driver/Src/stm32f7xx_ll_usb.o
                0x080054bc                USB_ReadDevAllOutEpInterrupt
 .text.USB_ReadDevAllInEpInterrupt
                0x080054cc       0x10 ./Drivers/STM32F7xx_HAL_Driver/Src/stm32f7xx_ll_usb.o
                0x080054cc                USB_ReadDevAllInEpInterrupt
 .text.USB_ReadDevOutEPInterrupt
                0x080054dc       0x12 ./Drivers/STM32F7xx_HAL_Driver/Src/stm32f7xx_ll_usb.o
                0x080054dc                USB_ReadDevOutEPInterrupt
 .text.USB_ReadDevInEPInterrupt
                0x080054ee       0x22 ./Drivers/STM32F7xx_HAL_Driver/Src/stm32f7xx_ll_usb.o
                0x080054ee                USB_ReadDevInEPInterrupt
 .text.USB_GetMode
                0x08005510        0x8 ./Drivers/STM32F7xx_HAL_Driver/Src/stm32f7xx_ll_usb.o
                0x08005510                USB_GetMode
 .text.USB_ActivateSetup
                0x08005518       0x20 ./Drivers/STM32F7xx_HAL_Driver/Src/stm32f7xx_ll_usb.o
                0x08005518                USB_ActivateSetup
 .text.USB_EP0_OutStart
                0x08005538       0x4c ./Drivers/STM32F7xx_HAL_Driver/Src/stm32f7xx_ll_usb.o
                0x08005538                USB_EP0_OutStart
 .text.MX_FATFS_Init
                0x08005584       0x1c ./FATFS/App/fatfs.o
                0x08005584                MX_FATFS_Init
 .text.BSP_SD_ReadBlocks
                0x080055a0       0x20 ./FATFS/Target/bsp_driver_sd.o
                0x080055a0                BSP_SD_ReadBlocks
 .text.BSP_SD_WriteBlocks
                0x080055c0       0x20 ./FATFS/Target/bsp_driver_sd.o
                0x080055c0                BSP_SD_WriteBlocks
 .text.BSP_SD_GetCardState
                0x080055e0       0x14 ./FATFS/Target/bsp_driver_sd.o
                0x080055e0                BSP_SD_GetCardState
 .text.BSP_SD_GetCardInfo
                0x080055f4        0xc ./FATFS/Target/bsp_driver_sd.o
                0x080055f4                BSP_SD_GetCardInfo
 .text.BSP_SD_IsDetected
                0x08005600       0x1c ./FATFS/Target/bsp_driver_sd.o
                0x08005600                BSP_SD_IsDetected
 .text.BSP_SD_Init
                0x0800561c       0x2c ./FATFS/Target/bsp_driver_sd.o
                0x0800561c                BSP_SD_Init
 .text.BSP_PlatformIsDetected
                0x08005648       0x18 ./FATFS/Target/fatfs_platform.o
                0x08005648                BSP_PlatformIsDetected
 .text.SD_ioctl
                0x08005660       0x50 ./FATFS/Target/sd_diskio.o
                0x08005660                SD_ioctl
 .text.SD_read  0x080056b0       0x20 ./FATFS/Target/sd_diskio.o
                0x080056b0                SD_read
 .text.SD_status
                0x080056d0       0x20 ./FATFS/Target/sd_diskio.o
                0x080056d0                SD_status
 .text.SD_write
                0x080056f0       0x20 ./FATFS/Target/sd_diskio.o
                0x080056f0                SD_write
 .text.SD_initialize
                0x08005710       0x2c ./FATFS/Target/sd_diskio.o
                0x08005710                SD_initialize
 .text.USBD_CDC_EP0_RxReady
                0x0800573c       0x38 ./Middlewares/ST/STM32_USB_Device_Library/Class/CDC/Src/usbd_cdc.o
 .text.USBD_CDC_GetDeviceQualifierDescriptor
                0x08005774        0xc ./Middlewares/ST/STM32_USB_Device_Library/Class/CDC/Src/usbd_cdc.o
                0x08005774                USBD_CDC_GetDeviceQualifierDescriptor
 .text.USBD_CDC_GetFSCfgDesc
                0x08005780       0x48 ./Middlewares/ST/STM32_USB_Device_Library/Class/CDC/Src/usbd_cdc.o
 .text.USBD_CDC_GetOtherSpeedCfgDesc
                0x080057c8        0x4 ./Middlewares/ST/STM32_USB_Device_Library/Class/CDC/Src/usbd_cdc.o
 .text.USBD_CDC_GetHSCfgDesc
                0x080057cc       0x48 ./Middlewares/ST/STM32_USB_Device_Library/Class/CDC/Src/usbd_cdc.o
 .text.USBD_CDC_DataOut
                0x08005814       0x38 ./Middlewares/ST/STM32_USB_Device_Library/Class/CDC/Src/usbd_cdc.o
 .text.USBD_CDC_DataIn
                0x0800584c       0x64 ./Middlewares/ST/STM32_USB_Device_Library/Class/CDC/Src/usbd_cdc.o
 .text.USBD_CDC_Setup
                0x080058b0       0xf0 ./Middlewares/ST/STM32_USB_Device_Library/Class/CDC/Src/usbd_cdc.o
 .text.USBD_CDC_DeInit
                0x080059a0       0x5a ./Middlewares/ST/STM32_USB_Device_Library/Class/CDC/Src/usbd_cdc.o
 .text.USBD_CDC_Init
                0x080059fa       0xc6 ./Middlewares/ST/STM32_USB_Device_Library/Class/CDC/Src/usbd_cdc.o
 .text.USBD_CDC_RegisterInterface
                0x08005ac0       0x16 ./Middlewares/ST/STM32_USB_Device_Library/Class/CDC/Src/usbd_cdc.o
                0x08005ac0                USBD_CDC_RegisterInterface
 .text.USBD_CDC_SetTxBuffer
                0x08005ad6       0x1c ./Middlewares/ST/STM32_USB_Device_Library/Class/CDC/Src/usbd_cdc.o
                0x08005ad6                USBD_CDC_SetTxBuffer
 .text.USBD_CDC_SetRxBuffer
                0x08005af2       0x18 ./Middlewares/ST/STM32_USB_Device_Library/Class/CDC/Src/usbd_cdc.o
                0x08005af2                USBD_CDC_SetRxBuffer
 .text.USBD_CDC_ReceivePacket
                0x08005b0a       0x2c ./Middlewares/ST/STM32_USB_Device_Library/Class/CDC/Src/usbd_cdc.o
                0x08005b0a                USBD_CDC_ReceivePacket
 .text.USBD_Init
                0x08005b36       0x26 ./Middlewares/ST/STM32_USB_Device_Library/Core/Src/usbd_core.o
                0x08005b36                USBD_Init
 .text.USBD_RegisterClass
                0x08005b5c       0x32 ./Middlewares/ST/STM32_USB_Device_Library/Core/Src/usbd_core.o
                0x08005b5c                USBD_RegisterClass
 .text.USBD_Start
                0x08005b8e        0x4 ./Middlewares/ST/STM32_USB_Device_Library/Core/Src/usbd_core.o
                0x08005b8e                USBD_Start
 .text.USBD_SetClassConfig
                0x08005b92        0xe ./Middlewares/ST/STM32_USB_Device_Library/Core/Src/usbd_core.o
                0x08005b92                USBD_SetClassConfig
 .text.USBD_ClrClassConfig
                0x08005ba0       0x12 ./Middlewares/ST/STM32_USB_Device_Library/Core/Src/usbd_core.o
                0x08005ba0                USBD_ClrClassConfig
 .text.USBD_LL_SetupStage
                0x08005bb2       0x60 ./Middlewares/ST/STM32_USB_Device_Library/Core/Src/usbd_core.o
                0x08005bb2                USBD_LL_SetupStage
 .text.USBD_LL_DataOutStage
                0x08005c12       0x6a ./Middlewares/ST/STM32_USB_Device_Library/Core/Src/usbd_core.o
                0x08005c12                USBD_LL_DataOutStage
 .text.USBD_LL_DataInStage
                0x08005c7c       0xa6 ./Middlewares/ST/STM32_USB_Device_Library/Core/Src/usbd_core.o
                0x08005c7c                USBD_LL_DataInStage
 .text.USBD_LL_Reset
                0x08005d22       0x5e ./Middlewares/ST/STM32_USB_Device_Library/Core/Src/usbd_core.o
                0x08005d22                USBD_LL_Reset
 .text.USBD_LL_SetSpeed
                0x08005d80        0x6 ./Middlewares/ST/STM32_USB_Device_Library/Core/Src/usbd_core.o
                0x08005d80                USBD_LL_SetSpeed
 .text.USBD_LL_Suspend
                0x08005d86       0x1c ./Middlewares/ST/STM32_USB_Device_Library/Core/Src/usbd_core.o
                0x08005d86                USBD_LL_Suspend
 .text.USBD_LL_Resume
                0x08005da2       0x16 ./Middlewares/ST/STM32_USB_Device_Library/Core/Src/usbd_core.o
                0x08005da2                USBD_LL_Resume
 .text.USBD_LL_SOF
                0x08005db8       0x1a ./Middlewares/ST/STM32_USB_Device_Library/Core/Src/usbd_core.o
                0x08005db8                USBD_LL_SOF
 .text.USBD_LL_IsoINIncomplete
                0x08005dd2       0x26 ./Middlewares/ST/STM32_USB_Device_Library/Core/Src/usbd_core.o
                0x08005dd2                USBD_LL_IsoINIncomplete
 .text.USBD_LL_IsoOUTIncomplete
                0x08005df8       0x26 ./Middlewares/ST/STM32_USB_Device_Library/Core/Src/usbd_core.o
                0x08005df8                USBD_LL_IsoOUTIncomplete
 .text.USBD_LL_DevConnected
                0x08005e1e        0x4 ./Middlewares/ST/STM32_USB_Device_Library/Core/Src/usbd_core.o
                0x08005e1e                USBD_LL_DevConnected
 .text.USBD_LL_DevDisconnected
                0x08005e22       0x20 ./Middlewares/ST/STM32_USB_Device_Library/Core/Src/usbd_core.o
                0x08005e22                USBD_LL_DevDisconnected
 .text.USBD_CoreFindIF
                0x08005e42        0x4 ./Middlewares/ST/STM32_USB_Device_Library/Core/Src/usbd_core.o
                0x08005e42                USBD_CoreFindIF
 .text.USBD_CoreFindEP
                0x08005e46        0x4 ./Middlewares/ST/STM32_USB_Device_Library/Core/Src/usbd_core.o
                0x08005e46                USBD_CoreFindEP
 .text.USBD_GetEpDesc
                0x08005e4a       0x24 ./Middlewares/ST/STM32_USB_Device_Library/Core/Src/usbd_core.o
                0x08005e4a                USBD_GetEpDesc
 .text.USBD_CtlError.constprop.0
                0x08005e6e       0x16 ./Middlewares/ST/STM32_USB_Device_Library/Core/Src/usbd_ctlreq.o
 .text.USBD_StdDevReq
                0x08005e84      0x298 ./Middlewares/ST/STM32_USB_Device_Library/Core/Src/usbd_ctlreq.o
                0x08005e84                USBD_StdDevReq
 .text.USBD_StdItfReq
                0x0800611c       0x5a ./Middlewares/ST/STM32_USB_Device_Library/Core/Src/usbd_ctlreq.o
                0x0800611c                USBD_StdItfReq
 .text.USBD_StdEPReq
                0x08006176      0x13e ./Middlewares/ST/STM32_USB_Device_Library/Core/Src/usbd_ctlreq.o
                0x08006176                USBD_StdEPReq
 .text.USBD_ParseSetupRequest
                0x080062b4       0x16 ./Middlewares/ST/STM32_USB_Device_Library/Core/Src/usbd_ctlreq.o
                0x080062b4                USBD_ParseSetupRequest
 .text.USBD_CtlError
                0x080062ca       0x16 ./Middlewares/ST/STM32_USB_Device_Library/Core/Src/usbd_ctlreq.o
                0x080062ca                USBD_CtlError
 .text.USBD_GetString
                0x080062e0       0x38 ./Middlewares/ST/STM32_USB_Device_Library/Core/Src/usbd_ctlreq.o
                0x080062e0                USBD_GetString
 .text.USBD_CtlSendData
                0x08006318       0x1a ./Middlewares/ST/STM32_USB_Device_Library/Core/Src/usbd_ioreq.o
                0x08006318                USBD_CtlSendData
 .text.USBD_CtlContinueSendData
                0x08006332       0x10 ./Middlewares/ST/STM32_USB_Device_Library/Core/Src/usbd_ioreq.o
                0x08006332                USBD_CtlContinueSendData
 .text.USBD_CtlPrepareRx
                0x08006342       0x1a ./Middlewares/ST/STM32_USB_Device_Library/Core/Src/usbd_ioreq.o
                0x08006342                USBD_CtlPrepareRx
 .text.USBD_CtlContinueRx
                0x0800635c       0x10 ./Middlewares/ST/STM32_USB_Device_Library/Core/Src/usbd_ioreq.o
                0x0800635c                USBD_CtlContinueRx
 .text.USBD_CtlSendStatus
                0x0800636c       0x16 ./Middlewares/ST/STM32_USB_Device_Library/Core/Src/usbd_ioreq.o
                0x0800636c                USBD_CtlSendStatus
 .text.USBD_CtlReceiveStatus
                0x08006382       0x16 ./Middlewares/ST/STM32_USB_Device_Library/Core/Src/usbd_ioreq.o
                0x08006382                USBD_CtlReceiveStatus
 .text.FATFS_LinkDriverEx
                0x08006398       0x40 ./Middlewares/Third_Party/FatFs/src/ff_gen_drv.o
                0x08006398                FATFS_LinkDriverEx
 .text.FATFS_LinkDriver
                0x080063d8        0x6 ./Middlewares/Third_Party/FatFs/src/ff_gen_drv.o
                0x080063d8                FATFS_LinkDriver
 *fill*         0x080063de        0x2 
 .text.MX_USB_DEVICE_Init
                0x080063e0       0x50 ./USB_DEVICE/App/usb_device.o
                0x080063e0                MX_USB_DEVICE_Init
 .text.CDC_DeInit_FS
                0x08006430        0x4 ./USB_DEVICE/App/usbd_cdc_if.o
 .text.CDC_Control_FS
                0x08006434        0x4 ./USB_DEVICE/App/usbd_cdc_if.o
 .text.CDC_TransmitCplt_FS
                0x08006438        0x4 ./USB_DEVICE/App/usbd_cdc_if.o
 .text.CDC_Receive_FS
                0x0800643c       0x1c ./USB_DEVICE/App/usbd_cdc_if.o
 .text.CDC_Init_FS
                0x08006458       0x28 ./USB_DEVICE/App/usbd_cdc_if.o
 .text.USBD_FS_DeviceDescriptor
                0x08006480        0xc ./USB_DEVICE/App/usbd_desc.o
                0x08006480                USBD_FS_DeviceDescriptor
 .text.USBD_FS_LangIDStrDescriptor
                0x0800648c        0xc ./USB_DEVICE/App/usbd_desc.o
                0x0800648c                USBD_FS_LangIDStrDescriptor
 .text.USBD_FS_USR_BOSDescriptor
                0x08006498        0xc ./USB_DEVICE/App/usbd_desc.o
                0x08006498                USBD_FS_USR_BOSDescriptor
 .text.IntToUnicode
                0x080064a4       0x2c ./USB_DEVICE/App/usbd_desc.o
 .text.USBD_FS_SerialStrDescriptor
                0x080064d0       0x3c ./USB_DEVICE/App/usbd_desc.o
                0x080064d0                USBD_FS_SerialStrDescriptor
 .text.USBD_FS_ManufacturerStrDescriptor
                0x0800650c       0x1c ./USB_DEVICE/App/usbd_desc.o
                0x0800650c                USBD_FS_ManufacturerStrDescriptor
 .text.USBD_FS_ProductStrDescriptor
                0x08006528       0x1c ./USB_DEVICE/App/usbd_desc.o
                0x08006528                USBD_FS_ProductStrDescriptor
 .text.USBD_FS_ConfigStrDescriptor
                0x08006544       0x1c ./USB_DEVICE/App/usbd_desc.o
                0x08006544                USBD_FS_ConfigStrDescriptor
 .text.USBD_FS_InterfaceStrDescriptor
                0x08006560       0x1c ./USB_DEVICE/App/usbd_desc.o
                0x08006560                USBD_FS_InterfaceStrDescriptor
 .text.HAL_PCD_MspInit
                0x0800657c       0xa8 ./USB_DEVICE/Target/usbd_conf.o
                0x0800657c                HAL_PCD_MspInit
 .text.HAL_PCD_SetupStageCallback
                0x08006624        0xc ./USB_DEVICE/Target/usbd_conf.o
                0x08006624                HAL_PCD_SetupStageCallback
 .text.HAL_PCD_DataOutStageCallback
                0x08006630       0x12 ./USB_DEVICE/Target/usbd_conf.o
                0x08006630                HAL_PCD_DataOutStageCallback
 .text.HAL_PCD_DataInStageCallback
                0x08006642       0x10 ./USB_DEVICE/Target/usbd_conf.o
                0x08006642                HAL_PCD_DataInStageCallback
 .text.HAL_PCD_SOFCallback
                0x08006652        0x8 ./USB_DEVICE/Target/usbd_conf.o
                0x08006652                HAL_PCD_SOFCallback
 .text.HAL_PCD_ResetCallback
                0x0800665a       0x26 ./USB_DEVICE/Target/usbd_conf.o
                0x0800665a                HAL_PCD_ResetCallback
 .text.HAL_PCD_SuspendCallback
                0x08006680       0x30 ./USB_DEVICE/Target/usbd_conf.o
                0x08006680                HAL_PCD_SuspendCallback
 .text.HAL_PCD_ResumeCallback
                0x080066b0        0x8 ./USB_DEVICE/Target/usbd_conf.o
                0x080066b0                HAL_PCD_ResumeCallback
 .text.HAL_PCD_ISOOUTIncompleteCallback
                0x080066b8        0x8 ./USB_DEVICE/Target/usbd_conf.o
                0x080066b8                HAL_PCD_ISOOUTIncompleteCallback
 .text.HAL_PCD_ISOINIncompleteCallback
                0x080066c0        0x8 ./USB_DEVICE/Target/usbd_conf.o
                0x080066c0                HAL_PCD_ISOINIncompleteCallback
 .text.HAL_PCD_ConnectCallback
                0x080066c8        0x8 ./USB_DEVICE/Target/usbd_conf.o
                0x080066c8                HAL_PCD_ConnectCallback
 .text.HAL_PCD_DisconnectCallback
                0x080066d0        0x8 ./USB_DEVICE/Target/usbd_conf.o
                0x080066d0                HAL_PCD_DisconnectCallback
 .text.USBD_LL_Init
                0x080066d8       0x58 ./USB_DEVICE/Target/usbd_conf.o
                0x080066d8                USBD_LL_Init
 .text.USBD_LL_IsStallEP
                0x08006730       0x24 ./USB_DEVICE/Target/usbd_conf.o
                0x08006730                USBD_LL_IsStallEP
 .text.USBD_LL_GetRxDataSize
                0x08006754        0x8 ./USB_DEVICE/Target/usbd_conf.o
                0x08006754                USBD_LL_GetRxDataSize
 .text.HAL_PCDEx_LPM_Callback
                0x0800675c       0x64 ./USB_DEVICE/Target/usbd_conf.o
                0x0800675c                HAL_PCDEx_LPM_Callback
 .text.USBD_Get_USB_Status
                0x080067c0        0xc ./USB_DEVICE/Target/usbd_conf.o
                0x080067c0                USBD_Get_USB_Status
 .text.USBD_LL_Start
                0x080067cc       0x12 ./USB_DEVICE/Target/usbd_conf.o
                0x080067cc                USBD_LL_Start
 .text.USBD_LL_OpenEP
                0x080067de       0x18 ./USB_DEVICE/Target/usbd_conf.o
                0x080067de                USBD_LL_OpenEP
 .text.USBD_LL_CloseEP
                0x080067f6       0x12 ./USB_DEVICE/Target/usbd_conf.o
                0x080067f6                USBD_LL_CloseEP
 .text.USBD_LL_StallEP
                0x08006808       0x12 ./USB_DEVICE/Target/usbd_conf.o
                0x08006808                USBD_LL_StallEP
 .text.USBD_LL_ClearStallEP
                0x0800681a       0x12 ./USB_DEVICE/Target/usbd_conf.o
                0x0800681a                USBD_LL_ClearStallEP
 .text.USBD_LL_SetUSBAddress
                0x0800682c       0x12 ./USB_DEVICE/Target/usbd_conf.o
                0x0800682c                USBD_LL_SetUSBAddress
 .text.USBD_LL_Transmit
                0x0800683e       0x12 ./USB_DEVICE/Target/usbd_conf.o
                0x0800683e                USBD_LL_Transmit
 .text.USBD_LL_PrepareReceive
                0x08006850       0x12 ./USB_DEVICE/Target/usbd_conf.o
                0x08006850                USBD_LL_PrepareReceive
 *fill*         0x08006862        0x2 
 .text.malloc   0x08006864       0x10 /opt/st/stm32cubeide_1.16.1/plugins/com.st.stm32cube.ide.mcu.externaltools.gnu-tools-for-stm32.12.3.rel1.linux64_1.0.200.202406132123/tools/bin/../lib/gcc/arm-none-eabi/12.3.1/../../../../arm-none-eabi/lib/thumb/v7e-m+fp/hard/libc_nano.a(libc_a-malloc.o)
                0x08006864                malloc
 .text.free     0x08006874       0x10 /opt/st/stm32cubeide_1.16.1/plugins/com.st.stm32cube.ide.mcu.externaltools.gnu-tools-for-stm32.12.3.rel1.linux64_1.0.200.202406132123/tools/bin/../lib/gcc/arm-none-eabi/12.3.1/../../../../arm-none-eabi/lib/thumb/v7e-m+fp/hard/libc_nano.a(libc_a-malloc.o)
                0x08006874                free
 .text.sbrk_aligned
                0x08006884       0x44 /opt/st/stm32cubeide_1.16.1/plugins/com.st.stm32cube.ide.mcu.externaltools.gnu-tools-for-stm32.12.3.rel1.linux64_1.0.200.202406132123/tools/bin/../lib/gcc/arm-none-eabi/12.3.1/../../../../arm-none-eabi/lib/thumb/v7e-m+fp/hard/libc_nano.a(libc_a-mallocr.o)
 .text._malloc_r
                0x080068c8      0x100 /opt/st/stm32cubeide_1.16.1/plugins/com.st.stm32cube.ide.mcu.externaltools.gnu-tools-for-stm32.12.3.rel1.linux64_1.0.200.202406132123/tools/bin/../lib/gcc/arm-none-eabi/12.3.1/../../../../arm-none-eabi/lib/thumb/v7e-m+fp/hard/libc_nano.a(libc_a-mallocr.o)
                0x080068c8                _malloc_r
 .text.__malloc_lock
                0x080069c8        0xc /opt/st/stm32cubeide_1.16.1/plugins/com.st.stm32cube.ide.mcu.externaltools.gnu-tools-for-stm32.12.3.rel1.linux64_1.0.200.202406132123/tools/bin/../lib/gcc/arm-none-eabi/12.3.1/../../../../arm-none-eabi/lib/thumb/v7e-m+fp/hard/libc_nano.a(libc_a-mlock.o)
                0x080069c8                __malloc_lock
 .text.__malloc_unlock
                0x080069d4        0xc /opt/st/stm32cubeide_1.16.1/plugins/com.st.stm32cube.ide.mcu.externaltools.gnu-tools-for-stm32.12.3.rel1.linux64_1.0.200.202406132123/tools/bin/../lib/gcc/arm-none-eabi/12.3.1/../../../../arm-none-eabi/lib/thumb/v7e-m+fp/hard/libc_nano.a(libc_a-mlock.o)
                0x080069d4                __malloc_unlock
 .text.memset   0x080069e0       0x10 /opt/st/stm32cubeide_1.16.1/plugins/com.st.stm32cube.ide.mcu.externaltools.gnu-tools-for-stm32.12.3.rel1.linux64_1.0.200.202406132123/tools/bin/../lib/gcc/arm-none-eabi/12.3.1/../../../../arm-none-eabi/lib/thumb/v7e-m+fp/hard/libc_nano.a(libc_a-memset.o)
                0x080069e0                memset
 .text._sbrk_r  0x080069f0       0x20 /opt/st/stm32cubeide_1.16.1/plugins/com.st.stm32cube.ide.mcu.externaltools.gnu-tools-for-stm32.12.3.rel1.linux64_1.0.200.202406132123/tools/bin/../lib/gcc/arm-none-eabi/12.3.1/../../../../arm-none-eabi/lib/thumb/v7e-m+fp/hard/libc_nano.a(libc_a-sbrkr.o)
                0x080069f0                _sbrk_r
 .text.__errno  0x08006a10        0xc /opt/st/stm32cubeide_1.16.1/plugins/com.st.stm32cube.ide.mcu.externaltools.gnu-tools-for-stm32.12.3.rel1.linux64_1.0.200.202406132123/tools/bin/../lib/gcc/arm-none-eabi/12.3.1/../../../../arm-none-eabi/lib/thumb/v7e-m+fp/hard/libc_nano.a(libc_a-errno.o)
                0x08006a10                __errno
 .text.__libc_init_array
                0x08006a1c       0x48 /opt/st/stm32cubeide_1.16.1/plugins/com.st.stm32cube.ide.mcu.externaltools.gnu-tools-for-stm32.12.3.rel1.linux64_1.0.200.202406132123/tools/bin/../lib/gcc/arm-none-eabi/12.3.1/../../../../arm-none-eabi/lib/thumb/v7e-m+fp/hard/libc_nano.a(libc_a-init.o)
                0x08006a1c                __libc_init_array
 .text.__retarget_lock_acquire_recursive
                0x08006a64        0x2 /opt/st/stm32cubeide_1.16.1/plugins/com.st.stm32cube.ide.mcu.externaltools.gnu-tools-for-stm32.12.3.rel1.linux64_1.0.200.202406132123/tools/bin/../lib/gcc/arm-none-eabi/12.3.1/../../../../arm-none-eabi/lib/thumb/v7e-m+fp/hard/libc_nano.a(libc_a-lock.o)
                0x08006a64                __retarget_lock_acquire_recursive
 .text.__retarget_lock_release_recursive
                0x08006a66        0x2 /opt/st/stm32cubeide_1.16.1/plugins/com.st.stm32cube.ide.mcu.externaltools.gnu-tools-for-stm32.12.3.rel1.linux64_1.0.200.202406132123/tools/bin/../lib/gcc/arm-none-eabi/12.3.1/../../../../arm-none-eabi/lib/thumb/v7e-m+fp/hard/libc_nano.a(libc_a-lock.o)
                0x08006a66                __retarget_lock_release_recursive
 .text._free_r  0x08006a68       0x94 /opt/st/stm32cubeide_1.16.1/plugins/com.st.stm32cube.ide.mcu.externaltools.gnu-tools-for-stm32.12.3.rel1.linux64_1.0.200.202406132123/tools/bin/../lib/gcc/arm-none-eabi/12.3.1/../../../../arm-none-eabi/lib/thumb/v7e-m+fp/hard/libc_nano.a(libc_a-freer.o)
                0x08006a68                _free_r
 *(.glue_7)
 .glue_7        0x08006afc        0x0 linker stubs
 *(.glue_7t)
 .glue_7t       0x08006afc        0x0 linker stubs
 *(.eh_frame)
 .eh_frame      0x08006afc        0x0 /opt/st/stm32cubeide_1.16.1/plugins/com.st.stm32cube.ide.mcu.externaltools.gnu-tools-for-stm32.12.3.rel1.linux64_1.0.200.202406132123/tools/bin/../lib/gcc/arm-none-eabi/12.3.1/thumb/v7e-m+fp/hard/crtbegin.o
 *(.init)
 .init          0x08006afc        0x4 /opt/st/stm32cubeide_1.16.1/plugins/com.st.stm32cube.ide.mcu.externaltools.gnu-tools-for-stm32.12.3.rel1.linux64_1.0.200.202406132123/tools/bin/../lib/gcc/arm-none-eabi/12.3.1/thumb/v7e-m+fp/hard/crti.o
                0x08006afc                _init
 .init          0x08006b00        0x8 /opt/st/stm32cubeide_1.16.1/plugins/com.st.stm32cube.ide.mcu.externaltools.gnu-tools-for-stm32.12.3.rel1.linux64_1.0.200.202406132123/tools/bin/../lib/gcc/arm-none-eabi/12.3.1/thumb/v7e-m+fp/hard/crtn.o
 *(.fini)
 .fini          0x08006b08        0x4 /opt/st/stm32cubeide_1.16.1/plugins/com.st.stm32cube.ide.mcu.externaltools.gnu-tools-for-stm32.12.3.rel1.linux64_1.0.200.202406132123/tools/bin/../lib/gcc/arm-none-eabi/12.3.1/thumb/v7e-m+fp/hard/crti.o
                0x08006b08                _fini
 .fini          0x08006b0c        0x8 /opt/st/stm32cubeide_1.16.1/plugins/com.st.stm32cube.ide.mcu.externaltools.gnu-tools-for-stm32.12.3.rel1.linux64_1.0.200.202406132123/tools/bin/../lib/gcc/arm-none-eabi/12.3.1/thumb/v7e-m+fp/hard/crtn.o
                0x08006b14                        . = ALIGN (0x4)
                0x08006b14                        _etext = .

.vfp11_veneer   0x08006b14        0x0
 .vfp11_veneer  0x08006b14        0x0 linker stubs

.v4_bx          0x08006b14        0x0
 .v4_bx         0x08006b14        0x0 linker stubs

.iplt           0x08006b14        0x0
 .iplt          0x08006b14        0x0 /opt/st/stm32cubeide_1.16.1/plugins/com.st.stm32cube.ide.mcu.externaltools.gnu-tools-for-stm32.12.3.rel1.linux64_1.0.200.202406132123/tools/bin/../lib/gcc/arm-none-eabi/12.3.1/thumb/v7e-m+fp/hard/crtbegin.o

.rodata         0x08006b14       0x78
                0x08006b14                        . = ALIGN (0x4)
 *(.rodata)
 *(.rodata*)
 .rodata.APBPrescTable
                0x08006b14        0x8 ./Core/Src/system_stm32f7xx.o
                0x08006b14                APBPrescTable
 .rodata.AHBPrescTable
                0x08006b1c       0x10 ./Core/Src/system_stm32f7xx.o
                0x08006b1c                AHBPrescTable
 .rodata.flagBitshiftOffset.0
                0x08006b2c        0x8 ./Drivers/STM32F7xx_HAL_Driver/Src/stm32f7xx_hal_dma.o
 .rodata.SD_Driver
                0x08006b34       0x14 ./FATFS/Target/sd_diskio.o
                0x08006b34                SD_Driver
 .rodata.USBD_FS_ManufacturerStrDescriptor.str1.1
                0x08006b48       0x13 ./USB_DEVICE/App/usbd_desc.o
 .rodata.USBD_FS_ProductStrDescriptor.str1.1
                0x08006b5b       0x16 ./USB_DEVICE/App/usbd_desc.o
 .rodata.USBD_FS_ConfigStrDescriptor.str1.1
                0x08006b71        0xb ./USB_DEVICE/App/usbd_desc.o
 .rodata.USBD_FS_InterfaceStrDescriptor.str1.1
                0x08006b7c        0xe ./USB_DEVICE/App/usbd_desc.o
                0x08006b8c                        . = ALIGN (0x4)
 *fill*         0x08006b8a        0x2 

.ARM.extab      0x08006b8c        0x0
                0x08006b8c                        . = ALIGN (0x4)
 *(.ARM.extab* .gnu.linkonce.armextab.*)
                0x08006b8c                        . = ALIGN (0x4)

.ARM            0x08006b8c        0x8
                0x08006b8c                        . = ALIGN (0x4)
                0x08006b8c                        __exidx_start = .
 *(.ARM.exidx*)
 .ARM.exidx     0x08006b8c        0x8 /opt/st/stm32cubeide_1.16.1/plugins/com.st.stm32cube.ide.mcu.externaltools.gnu-tools-for-stm32.12.3.rel1.linux64_1.0.200.202406132123/tools/bin/../lib/gcc/arm-none-eabi/12.3.1/../../../../arm-none-eabi/lib/thumb/v7e-m+fp/hard/libc_nano.a(libc_a-strlen.o)
 .ARM.exidx     0x08006b94        0x0 /opt/st/stm32cubeide_1.16.1/plugins/com.st.stm32cube.ide.mcu.externaltools.gnu-tools-for-stm32.12.3.rel1.linux64_1.0.200.202406132123/tools/bin/../lib/gcc/arm-none-eabi/12.3.1/thumb/v7e-m+fp/hard/libgcc.a(_udivmoddi4.o)
                                  0x8 (size before relaxing)
                0x08006b94                        __exidx_end = .
                0x08006b94                        . = ALIGN (0x4)

.preinit_array  0x08006b94        0x0
                0x08006b94                        . = ALIGN (0x4)
                0x08006b94                        PROVIDE (__preinit_array_start = .)
 *(.preinit_array*)
                0x08006b94                        PROVIDE (__preinit_array_end = .)
                0x08006b94                        . = ALIGN (0x4)

.init_array     0x08006b94        0x4
                0x08006b94                        . = ALIGN (0x4)
                0x08006b94                        PROVIDE (__init_array_start = .)
 *(SORT_BY_NAME(.init_array.*))
 *(.init_array*)
 .init_array    0x08006b94        0x4 /opt/st/stm32cubeide_1.16.1/plugins/com.st.stm32cube.ide.mcu.externaltools.gnu-tools-for-stm32.12.3.rel1.linux64_1.0.200.202406132123/tools/bin/../lib/gcc/arm-none-eabi/12.3.1/thumb/v7e-m+fp/hard/crtbegin.o
                0x08006b98                        PROVIDE (__init_array_end = .)
                0x08006b98                        . = ALIGN (0x4)

.fini_array     0x08006b98        0x4
                0x08006b98                        . = ALIGN (0x4)
                [!provide]                        PROVIDE (__fini_array_start = .)
 *(SORT_BY_NAME(.fini_array.*))
 *(.fini_array*)
 .fini_array    0x08006b98        0x4 /opt/st/stm32cubeide_1.16.1/plugins/com.st.stm32cube.ide.mcu.externaltools.gnu-tools-for-stm32.12.3.rel1.linux64_1.0.200.202406132123/tools/bin/../lib/gcc/arm-none-eabi/12.3.1/thumb/v7e-m+fp/hard/crtbegin.o
                [!provide]                        PROVIDE (__fini_array_end = .)
                0x08006b9c                        . = ALIGN (0x4)
                0x08006b9c                        _sidata = LOADADDR (.data)

.rel.dyn        0x08006b9c        0x0
 .rel.iplt      0x08006b9c        0x0 /opt/st/stm32cubeide_1.16.1/plugins/com.st.stm32cube.ide.mcu.externaltools.gnu-tools-for-stm32.12.3.rel1.linux64_1.0.200.202406132123/tools/bin/../lib/gcc/arm-none-eabi/12.3.1/thumb/v7e-m+fp/hard/crtbegin.o

.data           0x20000000      0x15c load address 0x08006b9c
                0x20000000                        . = ALIGN (0x4)
                0x20000000                        _sdata = .
 *(.data)
 *(.data*)
 .data.SystemCoreClock
                0x20000000        0x4 ./Core/Src/system_stm32f7xx.o
                0x20000000                SystemCoreClock
 .data.uwTickFreq
                0x20000004        0x1 ./Drivers/STM32F7xx_HAL_Driver/Src/stm32f7xx_hal.o
                0x20000004                uwTickFreq
 *fill*         0x20000005        0x3 
 .data.uwTickPrio
                0x20000008        0x4 ./Drivers/STM32F7xx_HAL_Driver/Src/stm32f7xx_hal.o
                0x20000008                uwTickPrio
 .data.Stat     0x2000000c        0x1 ./FATFS/Target/sd_diskio.o
 *fill*         0x2000000d        0x3 
 .data.USBD_CDC_CfgDesc
                0x20000010       0x43 ./Middlewares/ST/STM32_USB_Device_Library/Class/CDC/Src/usbd_cdc.o
 *fill*         0x20000053        0x1 
 .data.USBD_CDC
                0x20000054       0x38 ./Middlewares/ST/STM32_USB_Device_Library/Class/CDC/Src/usbd_cdc.o
                0x20000054                USBD_CDC
 .data.USBD_CDC_DeviceQualifierDesc
                0x2000008c        0xa ./Middlewares/ST/STM32_USB_Device_Library/Class/CDC/Src/usbd_cdc.o
 *fill*         0x20000096        0x2 
 .data.USBD_Interface_fops_FS
                0x20000098       0x14 ./USB_DEVICE/App/usbd_cdc_if.o
                0x20000098                USBD_Interface_fops_FS
 .data.USBD_StringSerial
                0x200000ac       0x1a ./USB_DEVICE/App/usbd_desc.o
                0x200000ac                USBD_StringSerial
 *fill*         0x200000c6        0x2 
 .data.USBD_LangIDDesc
                0x200000c8        0x4 ./USB_DEVICE/App/usbd_desc.o
                0x200000c8                USBD_LangIDDesc
 .data.USBD_FS_BOSDesc
                0x200000cc        0xc ./USB_DEVICE/App/usbd_desc.o
                0x200000cc                USBD_FS_BOSDesc
 .data.USBD_FS_DeviceDesc
                0x200000d8       0x12 ./USB_DEVICE/App/usbd_desc.o
                0x200000d8                USBD_FS_DeviceDesc
 *fill*         0x200000ea        0x2 
 .data.FS_Desc  0x200000ec       0x20 ./USB_DEVICE/App/usbd_desc.o
                0x200000ec                FS_Desc
 .data._impure_ptr
                0x2000010c        0x4 /opt/st/stm32cubeide_1.16.1/plugins/com.st.stm32cube.ide.mcu.externaltools.gnu-tools-for-stm32.12.3.rel1.linux64_1.0.200.202406132123/tools/bin/../lib/gcc/arm-none-eabi/12.3.1/../../../../arm-none-eabi/lib/thumb/v7e-m+fp/hard/libc_nano.a(libc_a-impure.o)
                0x2000010c                _impure_ptr
 .data._impure_data
                0x20000110       0x4c /opt/st/stm32cubeide_1.16.1/plugins/com.st.stm32cube.ide.mcu.externaltools.gnu-tools-for-stm32.12.3.rel1.linux64_1.0.200.202406132123/tools/bin/../lib/gcc/arm-none-eabi/12.3.1/../../../../arm-none-eabi/lib/thumb/v7e-m+fp/hard/libc_nano.a(libc_a-impure.o)
                0x20000110                _impure_data
 *(.RamFunc)
 *(.RamFunc*)
                0x2000015c                        . = ALIGN (0x4)
                0x2000015c                        _edata = .

.igot.plt       0x2000015c        0x0 load address 0x08006cf8
 .igot.plt      0x2000015c        0x0 /opt/st/stm32cubeide_1.16.1/plugins/com.st.stm32cube.ide.mcu.externaltools.gnu-tools-for-stm32.12.3.rel1.linux64_1.0.200.202406132123/tools/bin/../lib/gcc/arm-none-eabi/12.3.1/thumb/v7e-m+fp/hard/crtbegin.o
                0x2000015c                        . = ALIGN (0x4)

.bss            0x2000015c     0x20c4 load address 0x08006cf8
                0x2000015c                        _sbss = .
                0x2000015c                        __bss_start__ = _sbss
 *(.bss)
 .bss           0x2000015c       0x1c /opt/st/stm32cubeide_1.16.1/plugins/com.st.stm32cube.ide.mcu.externaltools.gnu-tools-for-stm32.12.3.rel1.linux64_1.0.200.202406132123/tools/bin/../lib/gcc/arm-none-eabi/12.3.1/thumb/v7e-m+fp/hard/crtbegin.o
 *(.bss*)
 .bss.huart6    0x20000178       0x88 ./Core/Src/main.o
                0x20000178                huart6
 .bss.huart3    0x20000200       0x88 ./Core/Src/main.o
                0x20000200                huart3
 .bss.huart2    0x20000288       0x88 ./Core/Src/main.o
                0x20000288                huart2
 .bss.huart1    0x20000310       0x88 ./Core/Src/main.o
                0x20000310                huart1
 .bss.huart4    0x20000398       0x88 ./Core/Src/main.o
                0x20000398                huart4
 .bss.hdma_tim1_ch1
                0x20000420       0x60 ./Core/Src/main.o
                0x20000420                hdma_tim1_ch1
 .bss.htim6     0x20000480       0x4c ./Core/Src/main.o
                0x20000480                htim6
 .bss.htim1     0x200004cc       0x4c ./Core/Src/main.o
                0x200004cc                htim1
 .bss.hspi2     0x20000518       0x64 ./Core/Src/main.o
                0x20000518                hspi2
 .bss.hspi1     0x2000057c       0x64 ./Core/Src/main.o
                0x2000057c                hspi1
 .bss.hsd1      0x200005e0       0x84 ./Core/Src/main.o
                0x200005e0                hsd1
 .bss.hi2c1     0x20000664       0x54 ./Core/Src/main.o
                0x20000664                hi2c1
 .bss.hadc1     0x200006b8       0x48 ./Core/Src/main.o
                0x200006b8                hadc1
 .bss.__sbrk_heap_end
                0x20000700        0x4 ./Core/Src/sysmem.o
 .bss.uwTick    0x20000704        0x4 ./Drivers/STM32F7xx_HAL_Driver/Src/stm32f7xx_hal.o
                0x20000704                uwTick
 .bss.SDPath    0x20000708        0x4 ./FATFS/App/fatfs.o
                0x20000708                SDPath
 .bss.retSD     0x2000070c        0x1 ./FATFS/App/fatfs.o
                0x2000070c                retSD
 .bss.cfgidx.0  0x2000070d        0x1 ./Middlewares/ST/STM32_USB_Device_Library/Core/Src/usbd_ctlreq.o
 *fill*         0x2000070e        0x2 
 .bss.disk      0x20000710        0xc ./Middlewares/Third_Party/FatFs/src/ff_gen_drv.o
                0x20000710                disk
 .bss.hUsbDeviceFS
                0x2000071c      0x2dc ./USB_DEVICE/App/usb_device.o
                0x2000071c                hUsbDeviceFS
 .bss.UserTxBufferFS
                0x200009f8      0x800 ./USB_DEVICE/App/usbd_cdc_if.o
                0x200009f8                UserTxBufferFS
 .bss.UserRxBufferFS
                0x200011f8      0x800 ./USB_DEVICE/App/usbd_cdc_if.o
                0x200011f8                UserRxBufferFS
 .bss.USBD_StrDesc
                0x200019f8      0x200 ./USB_DEVICE/App/usbd_desc.o
                0x200019f8                USBD_StrDesc
 .bss.hpcd_USB_OTG_FS
                0x20001bf8      0x4e0 ./USB_DEVICE/Target/usbd_conf.o
                0x20001bf8                hpcd_USB_OTG_FS
 .bss.__malloc_sbrk_start
                0x200020d8        0x4 /opt/st/stm32cubeide_1.16.1/plugins/com.st.stm32cube.ide.mcu.externaltools.gnu-tools-for-stm32.12.3.rel1.linux64_1.0.200.202406132123/tools/bin/../lib/gcc/arm-none-eabi/12.3.1/../../../../arm-none-eabi/lib/thumb/v7e-m+fp/hard/libc_nano.a(libc_a-mallocr.o)
                0x200020d8                __malloc_sbrk_start
 .bss.__malloc_free_list
                0x200020dc        0x4 /opt/st/stm32cubeide_1.16.1/plugins/com.st.stm32cube.ide.mcu.externaltools.gnu-tools-for-stm32.12.3.rel1.linux64_1.0.200.202406132123/tools/bin/../lib/gcc/arm-none-eabi/12.3.1/../../../../arm-none-eabi/lib/thumb/v7e-m+fp/hard/libc_nano.a(libc_a-mallocr.o)
                0x200020dc                __malloc_free_list
 .bss.__sf      0x200020e0      0x138 /opt/st/stm32cubeide_1.16.1/plugins/com.st.stm32cube.ide.mcu.externaltools.gnu-tools-for-stm32.12.3.rel1.linux64_1.0.200.202406132123/tools/bin/../lib/gcc/arm-none-eabi/12.3.1/../../../../arm-none-eabi/lib/thumb/v7e-m+fp/hard/libc_nano.a(libc_a-findfp.o)
                0x200020e0                __sf
 .bss.errno     0x20002218        0x4 /opt/st/stm32cubeide_1.16.1/plugins/com.st.stm32cube.ide.mcu.externaltools.gnu-tools-for-stm32.12.3.rel1.linux64_1.0.200.202406132123/tools/bin/../lib/gcc/arm-none-eabi/12.3.1/../../../../arm-none-eabi/lib/thumb/v7e-m+fp/hard/libc_nano.a(libc_a-reent.o)
                0x20002218                errno
 .bss.__lock___malloc_recursive_mutex
                0x2000221c        0x1 /opt/st/stm32cubeide_1.16.1/plugins/com.st.stm32cube.ide.mcu.externaltools.gnu-tools-for-stm32.12.3.rel1.linux64_1.0.200.202406132123/tools/bin/../lib/gcc/arm-none-eabi/12.3.1/../../../../arm-none-eabi/lib/thumb/v7e-m+fp/hard/libc_nano.a(libc_a-lock.o)
                0x2000221c                __lock___malloc_recursive_mutex
 *(COMMON)
                0x20002220                        . = ALIGN (0x4)
 *fill*         0x2000221d        0x3 
                0x20002220                        _ebss = .
                0x20002220                        __bss_end__ = _ebss

._user_heap_stack
                0x20002220      0x600 load address 0x08006cf8
                0x20002220                        . = ALIGN (0x8)
                [!provide]                        PROVIDE (end = .)
                0x20002220                        PROVIDE (_end = .)
                0x20002420                        . = (. + _Min_Heap_Size)
 *fill*         0x20002220      0x200 
                0x20002820                        . = (. + _Min_Stack_Size)
 *fill*         0x20002420      0x400 
                0x20002820                        . = ALIGN (0x8)

/DISCARD/
 libc.a(*)
 libm.a(*)
 libgcc.a(*)

.ARM.attributes
                0x00000000       0x30
 *(.ARM.attributes)
 .ARM.attributes
                0x00000000       0x22 /opt/st/stm32cubeide_1.16.1/plugins/com.st.stm32cube.ide.mcu.externaltools.gnu-tools-for-stm32.12.3.rel1.linux64_1.0.200.202406132123/tools/bin/../lib/gcc/arm-none-eabi/12.3.1/thumb/v7e-m+fp/hard/crti.o
 .ARM.attributes
                0x00000022       0x34 /opt/st/stm32cubeide_1.16.1/plugins/com.st.stm32cube.ide.mcu.externaltools.gnu-tools-for-stm32.12.3.rel1.linux64_1.0.200.202406132123/tools/bin/../lib/gcc/arm-none-eabi/12.3.1/thumb/v7e-m+fp/hard/crtbegin.o
 .ARM.attributes
                0x00000056       0x34 ./Core/Src/main.o
 .ARM.attributes
                0x0000008a       0x34 ./Core/Src/stm32f7xx_hal_msp.o
 .ARM.attributes
                0x000000be       0x34 ./Core/Src/stm32f7xx_it.o
 .ARM.attributes
                0x000000f2       0x34 ./Core/Src/sysmem.o
 .ARM.attributes
                0x00000126       0x34 ./Core/Src/system_stm32f7xx.o
 .ARM.attributes
                0x0000015a       0x21 ./Core/Startup/startup_stm32f722retx.o
 .ARM.attributes
                0x0000017b       0x34 ./Drivers/STM32F7xx_HAL_Driver/Src/stm32f7xx_hal.o
 .ARM.attributes
                0x000001af       0x34 ./Drivers/STM32F7xx_HAL_Driver/Src/stm32f7xx_hal_adc.o
 .ARM.attributes
                0x000001e3       0x34 ./Drivers/STM32F7xx_HAL_Driver/Src/stm32f7xx_hal_cortex.o
 .ARM.attributes
                0x00000217       0x34 ./Drivers/STM32F7xx_HAL_Driver/Src/stm32f7xx_hal_dma.o
 .ARM.attributes
                0x0000024b       0x34 ./Drivers/STM32F7xx_HAL_Driver/Src/stm32f7xx_hal_gpio.o
 .ARM.attributes
                0x0000027f       0x34 ./Drivers/STM32F7xx_HAL_Driver/Src/stm32f7xx_hal_i2c.o
 .ARM.attributes
                0x000002b3       0x34 ./Drivers/STM32F7xx_HAL_Driver/Src/stm32f7xx_hal_i2c_ex.o
 .ARM.attributes
                0x000002e7       0x34 ./Drivers/STM32F7xx_HAL_Driver/Src/stm32f7xx_hal_pcd.o
 .ARM.attributes
                0x0000031b       0x34 ./Drivers/STM32F7xx_HAL_Driver/Src/stm32f7xx_hal_pcd_ex.o
 .ARM.attributes
                0x0000034f       0x34 ./Drivers/STM32F7xx_HAL_Driver/Src/stm32f7xx_hal_pwr_ex.o
 .ARM.attributes
                0x00000383       0x34 ./Drivers/STM32F7xx_HAL_Driver/Src/stm32f7xx_hal_rcc.o
 .ARM.attributes
                0x000003b7       0x34 ./Drivers/STM32F7xx_HAL_Driver/Src/stm32f7xx_hal_rcc_ex.o
 .ARM.attributes
                0x000003eb       0x34 ./Drivers/STM32F7xx_HAL_Driver/Src/stm32f7xx_hal_sd.o
 .ARM.attributes
                0x0000041f       0x34 ./Drivers/STM32F7xx_HAL_Driver/Src/stm32f7xx_hal_spi.o
 .ARM.attributes
                0x00000453       0x34 ./Drivers/STM32F7xx_HAL_Driver/Src/stm32f7xx_hal_tim.o
 .ARM.attributes
                0x00000487       0x34 ./Drivers/STM32F7xx_HAL_Driver/Src/stm32f7xx_hal_tim_ex.o
 .ARM.attributes
                0x000004bb       0x34 ./Drivers/STM32F7xx_HAL_Driver/Src/stm32f7xx_hal_uart.o
 .ARM.attributes
                0x000004ef       0x34 ./Drivers/STM32F7xx_HAL_Driver/Src/stm32f7xx_ll_sdmmc.o
 .ARM.attributes
                0x00000523       0x34 ./Drivers/STM32F7xx_HAL_Driver/Src/stm32f7xx_ll_usb.o
 .ARM.attributes
                0x00000557       0x34 ./FATFS/App/fatfs.o
 .ARM.attributes
                0x0000058b       0x34 ./FATFS/Target/bsp_driver_sd.o
 .ARM.attributes
                0x000005bf       0x34 ./FATFS/Target/fatfs_platform.o
 .ARM.attributes
                0x000005f3       0x34 ./FATFS/Target/sd_diskio.o
 .ARM.attributes
                0x00000627       0x34 ./Middlewares/ST/STM32_USB_Device_Library/Class/CDC/Src/usbd_cdc.o
 .ARM.attributes
                0x0000065b       0x34 ./Middlewares/ST/STM32_USB_Device_Library/Core/Src/usbd_core.o
 .ARM.attributes
                0x0000068f       0x34 ./Middlewares/ST/STM32_USB_Device_Library/Core/Src/usbd_ctlreq.o
 .ARM.attributes
                0x000006c3       0x34 ./Middlewares/ST/STM32_USB_Device_Library/Core/Src/usbd_ioreq.o
 .ARM.attributes
                0x000006f7       0x34 ./Middlewares/Third_Party/FatFs/src/ff_gen_drv.o
 .ARM.attributes
                0x0000072b       0x34 ./USB_DEVICE/App/usb_device.o
 .ARM.attributes
                0x0000075f       0x34 ./USB_DEVICE/App/usbd_cdc_if.o
 .ARM.attributes
                0x00000793       0x34 ./USB_DEVICE/App/usbd_desc.o
 .ARM.attributes
                0x000007c7       0x34 ./USB_DEVICE/Target/usbd_conf.o
 .ARM.attributes
                0x000007fb       0x34 /opt/st/stm32cubeide_1.16.1/plugins/com.st.stm32cube.ide.mcu.externaltools.gnu-tools-for-stm32.12.3.rel1.linux64_1.0.200.202406132123/tools/bin/../lib/gcc/arm-none-eabi/12.3.1/../../../../arm-none-eabi/lib/thumb/v7e-m+fp/hard/libc_nano.a(libc_a-malloc.o)
 .ARM.attributes
                0x0000082f       0x34 /opt/st/stm32cubeide_1.16.1/plugins/com.st.stm32cube.ide.mcu.externaltools.gnu-tools-for-stm32.12.3.rel1.linux64_1.0.200.202406132123/tools/bin/../lib/gcc/arm-none-eabi/12.3.1/../../../../arm-none-eabi/lib/thumb/v7e-m+fp/hard/libc_nano.a(libc_a-mallocr.o)
 .ARM.attributes
                0x00000863       0x34 /opt/st/stm32cubeide_1.16.1/plugins/com.st.stm32cube.ide.mcu.externaltools.gnu-tools-for-stm32.12.3.rel1.linux64_1.0.200.202406132123/tools/bin/../lib/gcc/arm-none-eabi/12.3.1/../../../../arm-none-eabi/lib/thumb/v7e-m+fp/hard/libc_nano.a(libc_a-mlock.o)
 .ARM.attributes
                0x00000897       0x34 /opt/st/stm32cubeide_1.16.1/plugins/com.st.stm32cube.ide.mcu.externaltools.gnu-tools-for-stm32.12.3.rel1.linux64_1.0.200.202406132123/tools/bin/../lib/gcc/arm-none-eabi/12.3.1/../../../../arm-none-eabi/lib/thumb/v7e-m+fp/hard/libc_nano.a(libc_a-findfp.o)
 .ARM.attributes
                0x000008cb       0x34 /opt/st/stm32cubeide_1.16.1/plugins/com.st.stm32cube.ide.mcu.externaltools.gnu-tools-for-stm32.12.3.rel1.linux64_1.0.200.202406132123/tools/bin/../lib/gcc/arm-none-eabi/12.3.1/../../../../arm-none-eabi/lib/thumb/v7e-m+fp/hard/libc_nano.a(libc_a-memset.o)
 .ARM.attributes
                0x000008ff       0x34 /opt/st/stm32cubeide_1.16.1/plugins/com.st.stm32cube.ide.mcu.externaltools.gnu-tools-for-stm32.12.3.rel1.linux64_1.0.200.202406132123/tools/bin/../lib/gcc/arm-none-eabi/12.3.1/../../../../arm-none-eabi/lib/thumb/v7e-m+fp/hard/libc_nano.a(libc_a-reent.o)
 .ARM.attributes
                0x00000933       0x34 /opt/st/stm32cubeide_1.16.1/plugins/com.st.stm32cube.ide.mcu.externaltools.gnu-tools-for-stm32.12.3.rel1.linux64_1.0.200.202406132123/tools/bin/../lib/gcc/arm-none-eabi/12.3.1/../../../../arm-none-eabi/lib/thumb/v7e-m+fp/hard/libc_nano.a(libc_a-impure.o)
 .ARM.attributes
                0x00000967       0x34 /opt/st/stm32cubeide_1.16.1/plugins/com.st.stm32cube.ide.mcu.externaltools.gnu-tools-for-stm32.12.3.rel1.linux64_1.0.200.202406132123/tools/bin/../lib/gcc/arm-none-eabi/12.3.1/../../../../arm-none-eabi/lib/thumb/v7e-m+fp/hard/libc_nano.a(libc_a-sbrkr.o)
 .ARM.attributes
                0x0000099b       0x34 /opt/st/stm32cubeide_1.16.1/plugins/com.st.stm32cube.ide.mcu.externaltools.gnu-tools-for-stm32.12.3.rel1.linux64_1.0.200.202406132123/tools/bin/../lib/gcc/arm-none-eabi/12.3.1/../../../../arm-none-eabi/lib/thumb/v7e-m+fp/hard/libc_nano.a(libc_a-errno.o)
 .ARM.attributes
                0x000009cf       0x34 /opt/st/stm32cubeide_1.16.1/plugins/com.st.stm32cube.ide.mcu.externaltools.gnu-tools-for-stm32.12.3.rel1.linux64_1.0.200.202406132123/tools/bin/../lib/gcc/arm-none-eabi/12.3.1/../../../../arm-none-eabi/lib/thumb/v7e-m+fp/hard/libc_nano.a(libc_a-init.o)
 .ARM.attributes
                0x00000a03       0x34 /opt/st/stm32cubeide_1.16.1/plugins/com.st.stm32cube.ide.mcu.externaltools.gnu-tools-for-stm32.12.3.rel1.linux64_1.0.200.202406132123/tools/bin/../lib/gcc/arm-none-eabi/12.3.1/../../../../arm-none-eabi/lib/thumb/v7e-m+fp/hard/libc_nano.a(libc_a-lock.o)
 .ARM.attributes
                0x00000a37       0x17 /opt/st/stm32cubeide_1.16.1/plugins/com.st.stm32cube.ide.mcu.externaltools.gnu-tools-for-stm32.12.3.rel1.linux64_1.0.200.202406132123/tools/bin/../lib/gcc/arm-none-eabi/12.3.1/../../../../arm-none-eabi/lib/thumb/v7e-m+fp/hard/libc_nano.a(libc_a-strlen.o)
 .ARM.attributes
                0x00000a4e       0x34 /opt/st/stm32cubeide_1.16.1/plugins/com.st.stm32cube.ide.mcu.externaltools.gnu-tools-for-stm32.12.3.rel1.linux64_1.0.200.202406132123/tools/bin/../lib/gcc/arm-none-eabi/12.3.1/../../../../arm-none-eabi/lib/thumb/v7e-m+fp/hard/libc_nano.a(libc_a-freer.o)
 .ARM.attributes
                0x00000a82       0x22 /opt/st/stm32cubeide_1.16.1/plugins/com.st.stm32cube.ide.mcu.externaltools.gnu-tools-for-stm32.12.3.rel1.linux64_1.0.200.202406132123/tools/bin/../lib/gcc/arm-none-eabi/12.3.1/thumb/v7e-m+fp/hard/libgcc.a(_aeabi_uldivmod.o)
 .ARM.attributes
                0x00000aa4       0x34 /opt/st/stm32cubeide_1.16.1/plugins/com.st.stm32cube.ide.mcu.externaltools.gnu-tools-for-stm32.12.3.rel1.linux64_1.0.200.202406132123/tools/bin/../lib/gcc/arm-none-eabi/12.3.1/thumb/v7e-m+fp/hard/libgcc.a(_udivmoddi4.o)
 .ARM.attributes
                0x00000ad8       0x22 /opt/st/stm32cubeide_1.16.1/plugins/com.st.stm32cube.ide.mcu.externaltools.gnu-tools-for-stm32.12.3.rel1.linux64_1.0.200.202406132123/tools/bin/../lib/gcc/arm-none-eabi/12.3.1/thumb/v7e-m+fp/hard/libgcc.a(_dvmd_tls.o)
 .ARM.attributes
                0x00000afa       0x22 /opt/st/stm32cubeide_1.16.1/plugins/com.st.stm32cube.ide.mcu.externaltools.gnu-tools-for-stm32.12.3.rel1.linux64_1.0.200.202406132123/tools/bin/../lib/gcc/arm-none-eabi/12.3.1/thumb/v7e-m+fp/hard/crtn.o
OUTPUT(AlphaFlight.elf elf32-littlearm)
LOAD linker stubs
LOAD /opt/st/stm32cubeide_1.16.1/plugins/com.st.stm32cube.ide.mcu.externaltools.gnu-tools-for-stm32.12.3.rel1.linux64_1.0.200.202406132123/tools/bin/../lib/gcc/arm-none-eabi/12.3.1/../../../../arm-none-eabi/lib/thumb/v7e-m+fp/hard/libc.a
LOAD /opt/st/stm32cubeide_1.16.1/plugins/com.st.stm32cube.ide.mcu.externaltools.gnu-tools-for-stm32.12.3.rel1.linux64_1.0.200.202406132123/tools/bin/../lib/gcc/arm-none-eabi/12.3.1/../../../../arm-none-eabi/lib/thumb/v7e-m+fp/hard/libm.a
LOAD /opt/st/stm32cubeide_1.16.1/plugins/com.st.stm32cube.ide.mcu.externaltools.gnu-tools-for-stm32.12.3.rel1.linux64_1.0.200.202406132123/tools/bin/../lib/gcc/arm-none-eabi/12.3.1/thumb/v7e-m+fp/hard/libgcc.a

.comment        0x00000000       0x43
 .comment       0x00000000       0x43 ./Core/Src/main.o
                                 0x44 (size before relaxing)
 .comment       0x00000043       0x44 ./Core/Src/stm32f7xx_hal_msp.o
 .comment       0x00000043       0x44 ./Core/Src/stm32f7xx_it.o
 .comment       0x00000043       0x44 ./Core/Src/sysmem.o
 .comment       0x00000043       0x44 ./Core/Src/system_stm32f7xx.o
 .comment       0x00000043       0x44 ./Drivers/STM32F7xx_HAL_Driver/Src/stm32f7xx_hal.o
 .comment       0x00000043       0x44 ./Drivers/STM32F7xx_HAL_Driver/Src/stm32f7xx_hal_adc.o
 .comment       0x00000043       0x44 ./Drivers/STM32F7xx_HAL_Driver/Src/stm32f7xx_hal_cortex.o
 .comment       0x00000043       0x44 ./Drivers/STM32F7xx_HAL_Driver/Src/stm32f7xx_hal_dma.o
 .comment       0x00000043       0x44 ./Drivers/STM32F7xx_HAL_Driver/Src/stm32f7xx_hal_gpio.o
 .comment       0x00000043       0x44 ./Drivers/STM32F7xx_HAL_Driver/Src/stm32f7xx_hal_i2c.o
 .comment       0x00000043       0x44 ./Drivers/STM32F7xx_HAL_Driver/Src/stm32f7xx_hal_i2c_ex.o
 .comment       0x00000043       0x44 ./Drivers/STM32F7xx_HAL_Driver/Src/stm32f7xx_hal_pcd.o
 .comment       0x00000043       0x44 ./Drivers/STM32F7xx_HAL_Driver/Src/stm32f7xx_hal_pcd_ex.o
 .comment       0x00000043       0x44 ./Drivers/STM32F7xx_HAL_Driver/Src/stm32f7xx_hal_pwr_ex.o
 .comment       0x00000043       0x44 ./Drivers/STM32F7xx_HAL_Driver/Src/stm32f7xx_hal_rcc.o
 .comment       0x00000043       0x44 ./Drivers/STM32F7xx_HAL_Driver/Src/stm32f7xx_hal_rcc_ex.o
 .comment       0x00000043       0x44 ./Drivers/STM32F7xx_HAL_Driver/Src/stm32f7xx_hal_sd.o
 .comment       0x00000043       0x44 ./Drivers/STM32F7xx_HAL_Driver/Src/stm32f7xx_hal_spi.o
 .comment       0x00000043       0x44 ./Drivers/STM32F7xx_HAL_Driver/Src/stm32f7xx_hal_tim.o
 .comment       0x00000043       0x44 ./Drivers/STM32F7xx_HAL_Driver/Src/stm32f7xx_hal_tim_ex.o
 .comment       0x00000043       0x44 ./Drivers/STM32F7xx_HAL_Driver/Src/stm32f7xx_hal_uart.o
 .comment       0x00000043       0x44 ./Drivers/STM32F7xx_HAL_Driver/Src/stm32f7xx_ll_sdmmc.o
 .comment       0x00000043       0x44 ./Drivers/STM32F7xx_HAL_Driver/Src/stm32f7xx_ll_usb.o
 .comment       0x00000043       0x44 ./FATFS/App/fatfs.o
 .comment       0x00000043       0x44 ./FATFS/Target/bsp_driver_sd.o
 .comment       0x00000043       0x44 ./FATFS/Target/fatfs_platform.o
 .comment       0x00000043       0x44 ./FATFS/Target/sd_diskio.o
 .comment       0x00000043       0x44 ./Middlewares/ST/STM32_USB_Device_Library/Class/CDC/Src/usbd_cdc.o
 .comment       0x00000043       0x44 ./Middlewares/ST/STM32_USB_Device_Library/Core/Src/usbd_core.o
 .comment       0x00000043       0x44 ./Middlewares/ST/STM32_USB_Device_Library/Core/Src/usbd_ctlreq.o
 .comment       0x00000043       0x44 ./Middlewares/ST/STM32_USB_Device_Library/Core/Src/usbd_ioreq.o
 .comment       0x00000043       0x44 ./Middlewares/Third_Party/FatFs/src/ff_gen_drv.o
 .comment       0x00000043       0x44 ./USB_DEVICE/App/usb_device.o
 .comment       0x00000043       0x44 ./USB_DEVICE/App/usbd_cdc_if.o
 .comment       0x00000043       0x44 ./USB_DEVICE/App/usbd_desc.o
 .comment       0x00000043       0x44 ./USB_DEVICE/Target/usbd_conf.o

.debug_frame    0x00000000      0x40c
 .debug_frame   0x00000000       0x30 /opt/st/stm32cubeide_1.16.1/plugins/com.st.stm32cube.ide.mcu.externaltools.gnu-tools-for-stm32.12.3.rel1.linux64_1.0.200.202406132123/tools/bin/../lib/gcc/arm-none-eabi/12.3.1/../../../../arm-none-eabi/lib/thumb/v7e-m+fp/hard/libc_nano.a(libc_a-malloc.o)
 .debug_frame   0x00000030       0x50 /opt/st/stm32cubeide_1.16.1/plugins/com.st.stm32cube.ide.mcu.externaltools.gnu-tools-for-stm32.12.3.rel1.linux64_1.0.200.202406132123/tools/bin/../lib/gcc/arm-none-eabi/12.3.1/../../../../arm-none-eabi/lib/thumb/v7e-m+fp/hard/libc_nano.a(libc_a-mallocr.o)
 .debug_frame   0x00000080       0x30 /opt/st/stm32cubeide_1.16.1/plugins/com.st.stm32cube.ide.mcu.externaltools.gnu-tools-for-stm32.12.3.rel1.linux64_1.0.200.202406132123/tools/bin/../lib/gcc/arm-none-eabi/12.3.1/../../../../arm-none-eabi/lib/thumb/v7e-m+fp/hard/libc_nano.a(libc_a-mlock.o)
 .debug_frame   0x000000b0      0x144 /opt/st/stm32cubeide_1.16.1/plugins/com.st.stm32cube.ide.mcu.externaltools.gnu-tools-for-stm32.12.3.rel1.linux64_1.0.200.202406132123/tools/bin/../lib/gcc/arm-none-eabi/12.3.1/../../../../arm-none-eabi/lib/thumb/v7e-m+fp/hard/libc_nano.a(libc_a-findfp.o)
 .debug_frame   0x000001f4       0x20 /opt/st/stm32cubeide_1.16.1/plugins/com.st.stm32cube.ide.mcu.externaltools.gnu-tools-for-stm32.12.3.rel1.linux64_1.0.200.202406132123/tools/bin/../lib/gcc/arm-none-eabi/12.3.1/../../../../arm-none-eabi/lib/thumb/v7e-m+fp/hard/libc_nano.a(libc_a-memset.o)
 .debug_frame   0x00000214       0x38 /opt/st/stm32cubeide_1.16.1/plugins/com.st.stm32cube.ide.mcu.externaltools.gnu-tools-for-stm32.12.3.rel1.linux64_1.0.200.202406132123/tools/bin/../lib/gcc/arm-none-eabi/12.3.1/../../../../arm-none-eabi/lib/thumb/v7e-m+fp/hard/libc_nano.a(libc_a-reent.o)