19:28:38 **** Incremental Build of configuration Debug for project AlphaFlight ****
make -j24 all 
arm-none-eabi-gcc "../Core/Src/main.c" -mcpu=cortex-m7 -std=gnu11 -g3 -DDEBUG -DUSE_HAL_DRIVER -DSTM32F722xx -c -I../Core/Inc -I../Drivers/STM32F7xx_HAL_Driver/Inc -I../Drivers/STM32F7xx_HAL_Driver/Inc/Legacy -I../Drivers/CMSIS/Device/ST/STM32F7xx/Include -I../Drivers/CMSIS/Include -I../USB_DEVICE/App -I../USB_DEVICE/Target -I../Middlewares/ST/STM32_USB_Device_Library/Core/Inc -I../Middlewares/ST/STM32_USB_Device_Library/Class/CDC/Inc -I../FATFS/Target -I../FATFS/App -I../Middlewares/Third_Party/FatFs/src -O0 -ffunction-sections -fdata-sections -Wall -fstack-usage -fcyclomatic-complexity -MMD -MP -MF"Core/Src/main.d" -MT"Core/Src/main.o" --specs=nano.specs -mfpu=fpv5-sp-d16 -mfloat-abi=hard -mthumb -o "Core/Src/main.o"
arm-none-eabi-gcc -o "AlphaFlight.elf" @"objects.list"   -mcpu=cortex-m7 -T"/home/benno/Documents/GitHub/FPV-Wing/AlphaFlight/AlphaFlight/STM32F722RETX_FLASH.ld" --specs=nosys.specs -Wl,-Map="AlphaFlight.map" -Wl,--gc-sections -static --specs=nano.specs -mfpu=fpv5-sp-d16 -mfloat-abi=hard -mthumb -Wl,--start-group -lc -lm -Wl,--end-group
Finished building target: AlphaFlight.elf
 
arm-none-eabi-size  AlphaFlight.elf 
arm-none-eabi-objdump -h -S AlphaFlight.elf  > "AlphaFlight.list"
   text	   data	    bss	    dec	    hex	filename
  57100	    348	  10684	  68132	  10a24	AlphaFlight.elf
Finished building: default.size.stdout
 
Finished building: AlphaFlight.list
 

19:28:38 Build Finished. 0 errors, 0 warnings. (took 593ms)

