../Core/Src/bmi088.c:20:5:BMI_INIT	40	static
../Core/Src/bmi088.c:93:6:BMI_READ_GYRO_DATA	32	static
../Core/Src/bmi088.c:107:6:BMI_CALCULATE_ANGLE	24	static
../Core/Src/bmi088.c:117:8:BMI_GET_GYRO_X	8	static
../Core/Src/bmi088.c:120:8:BMI_GET_GYRO_Y	8	static
../Core/Src/bmi088.c:123:8:BMI_GET_GYRO_Z	8	static
../Core/Src/bmi088.c:127:8:BMI_GET_GYRO_X_ANGLE	4	static
../Core/Src/bmi088.c:130:8:BMI_GET_GYRO_Y_ANGLE	4	static
../Core/Src/bmi088.c:133:8:BMI_GET_GYRO_Z_ANGLE	4	static
../Core/Src/bmi088.c:137:9:BMI_GET_GYRO_X_RAW	4	static
../Core/Src/bmi088.c:140:9:BMI_GET_GYRO_Y_RAW	4	static
../Core/Src/bmi088.c:143:9:BMI_GET_GYRO_Z_RAW	4	static
../Core/Src/bmi088.c:147:6:BMI_GYRO_SOFT_RESET	24	static
