../Core/Src/main.c:109:5:main	80	static
../Core/Src/main.c:180:6:SystemClock_Config	88	static
../Core/Src/main.c:237:13:MX_ADC1_Init	24	static
../Core/Src/main.c:289:13:MX_I2C1_Init	8	static
../Core/Src/main.c:337:13:MX_SDMMC1_SD_Init	4	static
../Core/Src/main.c:365:13:MX_SPI1_Init	8	static
../Core/Src/main.c:405:13:MX_SPI2_Init	8	static
../Core/Src/main.c:445:13:MX_TIM1_Init	96	static
../Core/Src/main.c:515:13:MX_TIM2_Init	40	static
../Core/Src/main.c:560:13:MX_TIM6_Init	24	static
../Core/Src/main.c:598:13:MX_UART4_Init	8	static
../Core/Src/main.c:633:13:MX_USART1_UART_Init	8	static
../Core/Src/main.c:668:13:MX_USART2_UART_Init	8	static
../Core/Src/main.c:703:13:MX_USART3_UART_Init	8	static
../Core/Src/main.c:738:13:MX_USART6_UART_Init	8	static
../Core/Src/main.c:771:13:MX_DMA_Init	16	static
../Core/Src/main.c:808:13:MX_GPIO_Init	48	static
../Core/Src/main.c:898:6:MPU_Config	24	static
../Core/Src/main.c:929:6:Error_Handler	4	static,ignoring_inline_asm
