../Core/Src/main.c:109:5:main	88	static
../Core/Src/main.c:208:6:SystemClock_Config	88	static
../Core/Src/main.c:265:13:MX_ADC1_Init	24	static
../Core/Src/main.c:317:13:MX_I2C1_Init	8	static
../Core/Src/main.c:365:13:MX_SDMMC1_SD_Init	4	static
../Core/Src/main.c:393:13:MX_SPI1_Init	8	static
../Core/Src/main.c:433:13:MX_SPI2_Init	8	static
../Core/Src/main.c:473:13:MX_TIM1_Init	96	static
../Core/Src/main.c:543:13:MX_TIM2_Init	40	static
../Core/Src/main.c:588:13:MX_TIM6_Init	24	static
../Core/Src/main.c:626:13:MX_UART4_Init	8	static
../Core/Src/main.c:661:13:MX_USART1_UART_Init	8	static
../Core/Src/main.c:696:13:MX_USART2_UART_Init	8	static
../Core/Src/main.c:731:13:MX_USART3_UART_Init	8	static
../Core/Src/main.c:766:13:MX_USART6_UART_Init	8	static
../Core/Src/main.c:799:13:MX_DMA_Init	16	static
../Core/Src/main.c:836:13:MX_GPIO_Init	48	static
../Core/Src/main.c:929:6:MPU_Config	24	static
../Core/Src/main.c:960:6:Error_Handler	4	static,ignoring_inline_asm
